Archive member included to satisfy reference by file (symbol)

build/cooja/contiki-ng-cooja.a(simEnvChange.o)
                              build/cooja/mtype697281671.o (simDontFallAsleep)
build/cooja/contiki-ng-cooja.a(cooja_mt.o)
                              build/cooja/mtype697281671.o (cooja_mt_start)
build/cooja/contiki-ng-cooja.a(cooja_mtarch.o)
                              build/cooja/contiki-ng-cooja.a(cooja_mt.o) (cooja_mtarch_start)
build/cooja/contiki-ng-cooja.a(rtimer-arch.o)
                              build/cooja/mtype697281671.o (rtimer_arch_check)
build/cooja/contiki-ng-cooja.a(beep.o)
                              build/cooja/mtype697281671.o (beep_interface)
build/cooja/contiki-ng-cooja.a(leds-arch.o)
                              build/cooja/mtype697281671.o (leds_interface)
build/cooja/contiki-ng-cooja.a(moteid.o)
                              build/cooja/mtype697281671.o (moteid_interface)
build/cooja/contiki-ng-cooja.a(pir-sensor.o)
                              build/cooja/mtype697281671.o (pir_interface)
build/cooja/contiki-ng-cooja.a(rs232.o)
                              build/cooja/mtype697281671.o (rs232_interface)
build/cooja/contiki-ng-cooja.a(vib-sensor.o)
                              build/cooja/mtype697281671.o (vib_interface)
build/cooja/contiki-ng-cooja.a(clock.o)
                              build/cooja/mtype697281671.o (clock_interface)
build/cooja/contiki-ng-cooja.a(cooja-log.o)
                              build/cooja/mtype697281671.o (simlog_interface)
build/cooja/contiki-ng-cooja.a(cfs-cooja.o)
                              build/cooja/mtype697281671.o (cfs_interface)
build/cooja/contiki-ng-cooja.a(cooja-radio.o)
                              build/cooja/mtype697281671.o (radio_interface)
build/cooja/contiki-ng-cooja.a(eeprom.o)
                              build/cooja/mtype697281671.o (eeprom_interface)
build/cooja/contiki-ng-cooja.a(random.o)
                              build/cooja/contiki-ng-cooja.a(moteid.o) (random_init)
build/cooja/contiki-ng-cooja.a(sensors.o)
                              build/cooja/contiki-ng-cooja.a(pir-sensor.o) (sensors_changed)
build/cooja/contiki-ng-cooja.a(leds.o)
                              build/cooja/contiki-ng-cooja.a(leds-arch.o) (leds_get)
build/cooja/contiki-ng-cooja.a(gpio-hal-arch.o)
                              build/cooja/contiki-ng-cooja.a(leds-arch.o) (gpio_hal_arch_register_pin_callback)
build/cooja/contiki-ng-cooja.a(buttons.o)
                              build/cooja/mtype697281671.o (button_interface)
build/cooja/contiki-ng-cooja.a(mqtt.o)
                              personal-mqtt.o (mqtt_register)
build/cooja/contiki-ng-cooja.a(contiki-main.o)
                              build/cooja/mtype697281671.o (main)
build/cooja/contiki-ng-cooja.a(autostart.o)
                              build/cooja/contiki-ng-cooja.a(contiki-main.o) (autostart_start)
build/cooja/contiki-ng-cooja.a(ctimer.o)
                              build/cooja/contiki-ng-cooja.a(contiki-main.o) (ctimer_init)
build/cooja/contiki-ng-cooja.a(energest.o)
                              build/cooja/contiki-ng-cooja.a(contiki-main.o) (energest_init)
build/cooja/contiki-ng-cooja.a(etimer.o)
                              build/cooja/contiki-ng-cooja.a(contiki-main.o) (etimer_process)
build/cooja/contiki-ng-cooja.a(log.o)
                              build/cooja/contiki-ng-cooja.a(contiki-main.o) (curr_log_level_main)
build/cooja/contiki-ng-cooja.a(node-id.o)
                              build/cooja/contiki-ng-cooja.a(contiki-main.o) (node_id)
build/cooja/contiki-ng-cooja.a(process.o)
                              build/cooja/contiki-ng-cooja.a(mqtt.o) (process_current)
build/cooja/contiki-ng-cooja.a(rtimer.o)
                              build/cooja/contiki-ng-cooja.a(contiki-main.o) (rtimer_init)
build/cooja/contiki-ng-cooja.a(timer.o)
                              build/cooja/contiki-ng-cooja.a(mqtt.o) (timer_set)
build/cooja/contiki-ng-cooja.a(list.o)
                              build/cooja/contiki-ng-cooja.a(mqtt.o) (list_init)
build/cooja/contiki-ng-cooja.a(button-hal.o)
                              build/cooja/mtype697281671.o (button_hal_init)
build/cooja/contiki-ng-cooja.a(gpio-hal.o)
                              build/cooja/contiki-ng-cooja.a(button-hal.o) (gpio_hal_register_handler)
build/cooja/contiki-ng-cooja.a(serial-line.o)
                              build/cooja/contiki-ng-cooja.a(rs232.o) (serial_line_input_byte)
build/cooja/contiki-ng-cooja.a(linkaddr.o)
                              build/cooja/contiki-ng-cooja.a(contiki-main.o) (linkaddr_node_addr)
build/cooja/contiki-ng-cooja.a(netstack.o)
                              build/cooja/contiki-ng-cooja.a(contiki-main.o) (netstack_init)
build/cooja/contiki-ng-cooja.a(packetbuf.o)
                              build/cooja/contiki-ng-cooja.a(cooja-radio.o) (packetbuf_clear)
build/cooja/contiki-ng-cooja.a(queuebuf.o)
[...]
Memory Configuration

Name             Origin             Length             Attributes
*default*        0x0000000000000000 0xffffffffffffffff

Linker script and memory map

LOAD /usr/lib/gcc/x86_64-linux-gnu/11/../../../x86_64-linux-gnu/crti.o
LOAD /usr/lib/gcc/x86_64-linux-gnu/11/crtbeginS.o
LOAD personal-mqtt.o
LOAD build/cooja/mtype697281671.o
LOAD build/cooja/contiki-ng-cooja.a
LOAD /usr/lib/gcc/x86_64-linux-gnu/11/libgcc.a
LOAD /usr/lib/gcc/x86_64-linux-gnu/11/libgcc_s.so
START GROUP
LOAD /usr/lib/gcc/x86_64-linux-gnu/11/../../../x86_64-linux-gnu/libgcc_s.so.1
LOAD /usr/lib/gcc/x86_64-linux-gnu/11/libgcc.a
END GROUP
LOAD /usr/lib/gcc/x86_64-linux-gnu/11/../../../x86_64-linux-gnu/libc.so
START GROUP
LOAD /lib/x86_64-linux-gnu/libc.so.6
LOAD /usr/lib/x86_64-linux-gnu/libc_nonshared.a
LOAD /lib64/ld-linux-x86-64.so.2
END GROUP
LOAD /usr/lib/gcc/x86_64-linux-gnu/11/libgcc.a
LOAD /usr/lib/gcc/x86_64-linux-gnu/11/libgcc_s.so
START GROUP
LOAD /usr/lib/gcc/x86_64-linux-gnu/11/../../../x86_64-linux-gnu/libgcc_s.so.1
LOAD /usr/lib/gcc/x86_64-linux-gnu/11/libgcc.a
END GROUP
LOAD /usr/lib/gcc/x86_64-linux-gnu/11/crtendS.o
LOAD /usr/lib/gcc/x86_64-linux-gnu/11/../../../x86_64-linux-gnu/crtn.o
                0x00000000000002a8                . = (SEGMENT_START ("text-segment", 0x0) + SIZEOF_HEADERS)

.note.gnu.property
                0x00000000000002a8       0x20
 .note.gnu.property
                0x00000000000002a8       0x20 /usr/lib/gcc/x86_64-linux-gnu/11/../../../x86_64-linux-gnu/crti.o

.note.gnu.build-id
                0x00000000000002c8       0x24
 *(.note.gnu.build-id)
 .note.gnu.build-id
                0x00000000000002c8       0x24 /usr/lib/gcc/x86_64-linux-gnu/11/../../../x86_64-linux-gnu/crti.o

.hash
 *(.hash)

.gnu.hash       0x00000000000002f0     0x14b8
 *(.gnu.hash)
 .gnu.hash      0x00000000000002f0     0x14b8 /usr/lib/gcc/x86_64-linux-gnu/11/../../../x86_64-linux-gnu/crti.o

.dynsym         0x00000000000017a8     0x4080
 *(.dynsym)
 .dynsym        0x00000000000017a8     0x4080 /usr/lib/gcc/x86_64-linux-gnu/11/../../../x86_64-linux-gnu/crti.o

.dynstr         0x0000000000005828     0x30bc
 *(.dynstr)
 .dynstr        0x0000000000005828     0x30bc /usr/lib/gcc/x86_64-linux-gnu/11/../../../x86_64-linux-gnu/crti.o

.gnu.version    0x00000000000088e4      0x560
 *(.gnu.version)
 .gnu.version   0x00000000000088e4      0x560 /usr/lib/gcc/x86_64-linux-gnu/11/../../../x86_64-linux-gnu/crti.o

.gnu.version_d  0x0000000000008e48        0x0
 *(.gnu.version_d)
 .gnu.version_d
                0x0000000000008e48        0x0 /usr/lib/gcc/x86_64-linux-gnu/11/../../../x86_64-linux-gnu/crti.o

.gnu.version_r  0x0000000000008e48       0x40
 *(.gnu.version_r)
 .gnu.version_r
                0x0000000000008e48       0x40 /usr/lib/gcc/x86_64-linux-gnu/11/../../../x86_64-linux-gnu/crti.o

.rela.dyn       0x0000000000008e88     0x1ed8
 *(.rela.init)
 *(.rela.text .rela.text.* .rela.gnu.linkonce.t.*)
 .rela.text     0x0000000000008e88        0x0 /usr/lib/gcc/x86_64-linux-gnu/11/../../../x86_64-linux-gnu/crti.o
 *(.rela.fini)
 *(.rela.rodata .rela.rodata.* .rela.gnu.linkonce.r.*)
 *(.rela.data .rela.data.* .rela.gnu.linkonce.d.*)
 .rela.data.rel.local
                0x0000000000008e88      0x708 /usr/lib/gcc/x86_64-linux-gnu/11/../../../x86_64-linux-gnu/crti.o
 .rela.data.rel.ro
                0x0000000000009590      0x288 /usr/lib/gcc/x86_64-linux-gnu/11/../../../x86_64-linux-gnu/crti.o
 .rela.data.rel
                0x0000000000009818      0x3a8 /usr/lib/gcc/x86_64-linux-gnu/11/../../../x86_64-linux-gnu/crti.o
 .rela.data.rel.ro.local
                0x0000000000009bc0      0x5a0 /usr/lib/gcc/x86_64-linux-gnu/11/../../../x86_64-linux-gnu/crti.o
 *(.rela.tdata .rela.tdata.* .rela.gnu.linkonce.td.*)
 *(.rela.tbss .rela.tbss.* .rela.gnu.linkonce.tb.*)
 *(.rela.ctors)
 *(.rela.dtors)
 *(.rela.got)
 .rela.got      0x000000000000a160      0xbd0 /usr/lib/gcc/x86_64-linux-gnu/11/../../../x86_64-linux-gnu/crti.o
 *(.rela.bss .rela.bss.* .rela.gnu.linkonce.b.*)
 *(.rela.ldata .rela.ldata.* .rela.gnu.linkonce.l.*)
 *(.rela.lbss .rela.lbss.* .rela.gnu.linkonce.lb.*)
 *(.rela.lrodata .rela.lrodata.* .rela.gnu.linkonce.lr.*)
 *(.rela.ifunc)
 .rela.ifunc    0x000000000000ad30        0x0 /usr/lib/gcc/x86_64-linux-gnu/11/../../../x86_64-linux-gnu/crti.o
 .rela.fini_array
                0x000000000000ad30       0x18 /usr/lib/gcc/x86_64-linux-gnu/11/../../../x86_64-linux-gnu/crti.o
 .rela.init_array
                0x000000000000ad48       0x18 /usr/lib/gcc/x86_64-linux-gnu/11/../../../x86_64-linux-gnu/crti.o

.rela.plt       0x000000000000ad60     0x2298
 *(.rela.plt)
 .rela.plt      0x000000000000ad60     0x2298 /usr/lib/gcc/x86_64-linux-gnu/11/../../../x86_64-linux-gnu/crti.o
 *(.rela.iplt)

.relr.dyn
 *(.relr.dyn)
                0x000000000000d000                . = ALIGN (CONSTANT (MAXPAGESIZE))

.init           0x000000000000d000       0x1b
 *(SORT_NONE(.init))
 .init          0x000000000000d000       0x16 /usr/lib/gcc/x86_64-linux-gnu/11/../../../x86_64-linux-gnu/crti.o
                0x000000000000d000                _init
 .init          0x000000000000d016        0x5 /usr/lib/gcc/x86_64-linux-gnu/11/../../../x86_64-linux-gnu/crtn.o

.plt            0x000000000000d020     0x1720
 *(.plt)
 .plt           0x000000000000d020     0x1720 /usr/lib/gcc/x86_64-linux-gnu/11/../../../x86_64-linux-gnu/crti.o
 *(.iplt)

.plt.got        0x000000000000e740       0x30
 *(.plt.got)
 .plt.got       0x000000000000e740       0x30 /usr/lib/gcc/x86_64-linux-gnu/11/../../../x86_64-linux-gnu/crti.o

.plt.sec        0x000000000000e770     0x1710
 *(.plt.sec)
 .plt.sec       0x000000000000e770     0x1710 /usr/lib/gcc/x86_64-linux-gnu/11/../../../x86_64-linux-gnu/crti.o

.text           0x000000000000fe80    0x210ce
 *(.text.unlikely .text.*_unlikely .text.unlikely.*)
 *(.text.exit .text.exit.*)
 *(.text.startup .text.startup.*)
 *(.text.hot .text.hot.*)
 *(SORT_BY_NAME(.text.sorted.*))
 *(.text .stub .text.* .gnu.linkonce.t.*)
 .text          0x000000000000fe80        0x0 /usr/lib/gcc/x86_64-linux-gnu/11/../../../x86_64-linux-gnu/crti.o
 .text          0x000000000000fe80       0xb9 /usr/lib/gcc/x86_64-linux-gnu/11/crtbeginS.o
 .text          0x000000000000ff39      0x39d personal-mqtt.o
 .text          0x00000000000102d6      0x374 build/cooja/mtype697281671.o
                0x000000000001038c                platform_init_stage_one
                0x00000000000103a1                platform_init_stage_two
                0x00000000000103b6                platform_init_stage_three
                0x00000000000103cb                platform_main_loop
                0x0000000000010465                JNI_OnLoad
                0x000000000001047c                Java_org_contikios_cooja_corecomm_Lib5_init
                0x00000000000104cf                Java_org_contikios_cooja_corecomm_Lib5_getMemory
                0x000000000001052e                Java_org_contikios_cooja_corecomm_Lib5_setMemory
                0x000000000001058d                Java_org_contikios_cooja_corecomm_Lib5_tick
                0x000000000001061b                Java_org_contikios_cooja_corecomm_Lib5_setReferenceAddress
 .text          0x000000000001064a       0x93 build/cooja/contiki-ng-cooja.a(simEnvChange.o)
                0x000000000001064a                doActionsBeforeTick
                0x0000000000010693                doActionsAfterTick
 .text          0x00000000000106dd       0xab build/cooja/contiki-ng-cooja.a(cooja_mt.o)
                0x00000000000106dd                cooja_mt_start
                0x000000000001071d                cooja_mt_exec
                0x0000000000010760                cooja_mt_yield
 .text          0x0000000000010788      0x10e build/cooja/contiki-ng-cooja.a(cooja_mtarch.o)
                0x0000000000010788                cooja_mtarch_start
                0x000000000001082b                cooja_sw
                0x0000000000010858                cooja_mtarch_exec
                0x0000000000010886                cooja_mtarch_yield
 .text          0x0000000000010896       0xcc build/cooja/contiki-ng-cooja.a(rtimer-arch.o)
                0x0000000000010896                rtimer_arch_init
                0x00000000000108bc                rtimer_arch_schedule
                0x00000000000108e6                rtimer_arch_next
                0x00000000000108fa                rtimer_arch_pending
                0x000000000001090d                rtimer_arch_check
                0x000000000001094e                rtimer_arch_now
 .text          0x0000000000010962       0xe6 build/cooja/contiki-ng-cooja.a(beep.o)
                0x0000000000010962                beep_alarm
                0x000000000001097d                beep_beep
                0x0000000000010995                beep
                0x00000000000109aa                beep_down
                0x00000000000109c2                beep_on
                0x00000000000109d7                beep_off
                0x00000000000109ec                beep_spinup
                0x0000000000010a01                beep_quick
                0x0000000000010a19                beep_long
 .text          0x0000000000010a48       0x80 build/cooja/contiki-ng-cooja.a(leds-arch.o)
                0x0000000000010a61                leds_arch_init
 .text          0x0000000000010ac8       0x41 build/cooja/contiki-ng-cooja.a(moteid.o)
 .text          0x0000000000010b09       0xfa build/cooja/contiki-ng-cooja.a(pir-sensor.o)
 .text          0x0000000000010c03      0x18b build/cooja/contiki-ng-cooja.a(rs232.o)
                0x0000000000010c03                rs232_init
                0x0000000000010c0e                rs232_set_speed
                0x0000000000010c1e                rs232_set_input
                0x0000000000010c38                rs232_send
                0x0000000000010c57                rs232_print
                0x0000000000010c85                slip_arch_writeb
 .text          0x0000000000010d8e       0xfa build/cooja/contiki-ng-cooja.a(vib-sensor.o)
 .text          0x0000000000010e88       0x6f build/cooja/contiki-ng-cooja.a(clock.o)
                0x0000000000010e88                clock_init
                0x0000000000010e93                clock_time
                0x0000000000010ea7                clock_seconds
                0x0000000000010ed3                clock_delay
 .text          0x0000000000010ef7      0x214 build/cooja/contiki-ng-cooja.a(cooja-log.o)
                0x0000000000010ef7                simlog_char
                0x0000000000010f51                simlog
                0x0000000000010fd6                log_message
                0x000000000001101b                log_set_putchar_with_slip
                0x0000000000011032                dbg_putchar
                0x00000000000110b3                dbg_send_bytes
 .text          0x000000000001110b      0x39b build/cooja/contiki-ng-cooja.a(cfs-cooja.o)
                0x000000000001110b                cfs_open
                0x0000000000011188                cfs_close
                0x000000000001119d                cfs_read
                0x0000000000011264                cfs_write
                0x0000000000011374                cfs_seek
                0x0000000000011423                cfs_remove
                0x0000000000011453                cfs_opendir
                0x000000000001146a                cfs_readdir
                0x0000000000011481                cfs_closedir
 .text          0x00000000000114a6      0x79f build/cooja/contiki-ng-cooja.a(cooja-radio.o)
                0x0000000000011505                radio_set_channel
                0x000000000001151f                radio_set_txpower
                0x000000000001153c                radio_signal_strength_last
                0x000000000001154f                radio_signal_strength_current
                0x0000000000011562                radio_LQI
 .text          0x0000000000011c45      0x163 build/cooja/contiki-ng-cooja.a(eeprom.o)
                0x0000000000011c45                eeprom_init
                0x0000000000011c54                eeprom_read
                0x0000000000011cf3                eeprom_write
 .text          0x0000000000011da8       0x2f build/cooja/contiki-ng-cooja.a(random.o)
                0x0000000000011da8                random_init
                0x0000000000011dc8                random_rand
 .text          0x0000000000011dd7      0x35f build/cooja/contiki-ng-cooja.a(sensors.o)
                0x0000000000011e20                sensors_first
                0x0000000000011e34                sensors_next
                0x0000000000011e63                sensors_changed
                0x0000000000011eb0                sensors_find
 .text          0x0000000000012136      0x3ad build/cooja/contiki-ng-cooja.a(leds.o)
                0x0000000000012136                leds_init
                0x0000000000012181                leds_single_on
                0x00000000000121ee                leds_single_off
                0x000000000001225b                leds_single_toggle
                0x0000000000012293                leds_on
                0x0000000000012324                leds_off
                0x00000000000123b5                leds_toggle
                0x0000000000012411                leds_set
                0x000000000001243a                leds_get
 .text          0x00000000000124e3      0x41b build/cooja/contiki-ng-cooja.a(gpio-hal-arch.o)
                0x00000000000124e3                gpio_hal_arch_register_pin_callback
                0x000000000001258a                gpio_hal_arch_init
                0x00000000000125e0                gpio_hal_arch_no_port_interrupt_enable
                0x000000000001262d                gpio_hal_arch_no_port_interrupt_disable
                0x000000000001267a                gpio_hal_arch_no_port_pin_cfg_set
                0x00000000000126b0                gpio_hal_arch_no_port_pin_cfg_get
                0x00000000000126e4                gpio_hal_arch_no_port_pin_set_input
                0x00000000000126f7                gpio_hal_arch_no_port_pin_set_output
                0x000000000001270a                gpio_hal_arch_no_port_set_pin
                0x000000000001272e                gpio_hal_arch_no_port_clear_pin
                0x0000000000012752                gpio_hal_arch_no_port_read_pin
                0x000000000001277f                gpio_hal_arch_no_port_write_pin
                0x00000000000127a9                gpio_hal_arch_no_port_set_pins
                0x00000000000127f8                gpio_hal_arch_no_port_clear_pins
                0x0000000000012847                gpio_hal_arch_no_port_read_pins
                0x0000000000012895                gpio_hal_arch_no_port_write_pins
 .text          0x00000000000128fe       0xa8 build/cooja/contiki-ng-cooja.a(buttons.o)
 .text          0x00000000000129a6     0x3e29 build/cooja/contiki-ng-cooja.a(mqtt.o)
                0x0000000000012e47                mqtt_decode_var_byte_int
                0x0000000000012f4c                mqtt_encode_var_byte_int
                0x0000000000016037                mqtt_init
                0x0000000000016111                mqtt_register
                0x00000000000161d9                mqtt_connect
                0x0000000000016319                mqtt_disconnect
                0x000000000001636a                mqtt_subscribe
                0x0000000000016473                mqtt_unsubscribe
                0x000000000001656c                mqtt_publish
                0x00000000000166a7                mqtt_set_username_password
                0x0000000000016758                mqtt_set_last_will
 .text          0x00000000000167cf      0x400 build/cooja/contiki-ng-cooja.a(contiki-main.o)
                0x00000000000167cf                main
 .text          0x0000000000016bcf       0xbd build/cooja/contiki-ng-cooja.a(autostart.o)
                0x0000000000016bcf                autostart_start
                0x0000000000016c30                autostart_exit
 .text          0x0000000000016c8c      0x441 build/cooja/contiki-ng-cooja.a(ctimer.o)
                0x0000000000016dee                ctimer_init
                0x0000000000016e23                ctimer_set
                0x0000000000016e67                ctimer_set_with_process
                0x0000000000016f21                ctimer_reset
                0x0000000000016f92                ctimer_restart
                0x0000000000017003                ctimer_stop
                0x0000000000017061                ctimer_expired
 .text          0x00000000000170cd       0x25 build/cooja/contiki-ng-cooja.a(energest.o)
                0x00000000000170cd                energest_init
                0x00000000000170d8                energest_flush
                0x00000000000170e3                energest_get_total_time
 .text          0x00000000000170f2      0x57c build/cooja/contiki-ng-cooja.a(etimer.o)
                0x000000000001739a                etimer_request_poll
                0x000000000001744c                etimer_set
                0x0000000000017482                etimer_reset_with_new_interval
                0x00000000000174bd                etimer_reset
                0x00000000000174e8                etimer_restart
                0x0000000000017513                etimer_adjust
                0x0000000000017544                etimer_expired
                0x0000000000017563                etimer_expiration_time
                0x0000000000017583                etimer_start_time
                0x0000000000017598                etimer_pending
                0x00000000000175b2                etimer_next_expiration_time
                0x00000000000175d3                etimer_stop
 .text          0x000000000001766e      0x539 build/cooja/contiki-ng-cooja.a(log.o)
                0x000000000001766e                log_6addr
                0x00000000000176d4                log_6addr_compact_snprint
                0x00000000000177af                log_6addr_compact
                0x0000000000017815                log_lladdr
                0x0000000000017895                log_lladdr_compact
                0x0000000000017917                log_bytes
                0x0000000000017977                log_set_level
                0x0000000000017a85                log_get_level
                0x0000000000017b3c                log_level_to_str
 .text          0x0000000000017ba7       0x36 build/cooja/contiki-ng-cooja.a(node-id.o)
                0x0000000000017ba7                node_id_init
 .text          0x0000000000017bdd      0x673 build/cooja/contiki-ng-cooja.a(process.o)
                0x0000000000017bdd                process_alloc_event
                0x0000000000017bf7                process_start
                0x0000000000017e67                process_exit
                0x0000000000017e93                process_init
                0x000000000001808a                process_run
                0x00000000000180bf                process_nevents
                0x00000000000180df                process_post
                0x00000000000181a7                process_post_synch
                0x00000000000181f5                process_poll
                0x0000000000018232                process_is_running
 .text          0x0000000000018250      0x101 build/cooja/contiki-ng-cooja.a(rtimer.o)
                0x0000000000018250                rtimer_init
                0x0000000000018260                rtimer_set
                0x00000000000182e1                rtimer_run_next
 .text          0x0000000000018351       0xfd build/cooja/contiki-ng-cooja.a(timer.o)
                0x0000000000018351                timer_set
                0x0000000000018380                timer_reset
                0x00000000000183bc                timer_restart
                0x00000000000183db                timer_expired
                0x0000000000018416                timer_remaining
 .text          0x000000000001844e      0x39b build/cooja/contiki-ng-cooja.a(list.o)
                0x000000000001844e                list_init
                0x0000000000018468                list_head
                0x000000000001847d                list_copy
                0x000000000001849e                list_tail
                0x00000000000184e7                list_add
                0x000000000001854b                list_push
                0x000000000001858e                list_chop
                0x000000000001861b                list_pop
                0x0000000000018655                list_remove
                0x00000000000186e1                list_length
                0x000000000001871c                list_insert
                0x000000000001877f                list_item_next
                0x00000000000187a2                list_contains
 .text          0x00000000000187e9      0x574 build/cooja/contiki-ng-cooja.a(button-hal.o)
                0x00000000000189b4                button_hal_get_by_id
                0x0000000000018a02                button_hal_get_by_index
                0x0000000000018a39                button_hal_get_state
                0x0000000000018a9c                button_hal_init
 .text          0x0000000000018d5d      0x181 build/cooja/contiki-ng-cooja.a(gpio-hal.o)
                0x0000000000018d5d                gpio_hal_register_handler
                0x0000000000018d86                gpio_hal_event_handler
                0x0000000000018df1                gpio_hal_init
                0x0000000000018e10                gpio_hal_arch_port_toggle_pin
                0x0000000000018e47                gpio_hal_arch_port_toggle_pins
                0x0000000000018e78                gpio_hal_arch_no_port_toggle_pin
                0x0000000000018eb2                gpio_hal_arch_no_port_toggle_pins
 .text          0x0000000000018ede      0x238 build/cooja/contiki-ng-cooja.a(serial-line.o)
                0x0000000000018ede                serial_line_input_byte
                0x00000000000190d9                serial_line_init
 .text          0x0000000000019116       0x80 build/cooja/contiki-ng-cooja.a(linkaddr.o)
                0x0000000000019116                linkaddr_copy
                0x0000000000019137                linkaddr_cmp
                0x000000000001916d                linkaddr_set_node_addr
 .text          0x0000000000019196      0x12b build/cooja/contiki-ng-cooja.a(netstack.o)
                0x0000000000019196                netstack_process_ip_callback
                0x0000000000019237                netstack_ip_packet_processor_add
                0x0000000000019267                uip_ds6_ip_packet_processor_rm
                0x0000000000019290                netstack_init
 .text          0x00000000000192c1      0x4a8 build/cooja/contiki-ng-cooja.a(packetbuf.o)
                0x00000000000192c1                packetbuf_clear
                0x00000000000192ef                packetbuf_copyfrom
                0x0000000000019348                packetbuf_copyto
                0x00000000000193ee                packetbuf_hdralloc
                0x000000000001947d                packetbuf_hdrreduce
                0x00000000000194cd                packetbuf_set_datalen
                0x00000000000194e9                packetbuf_dataptr
                0x000000000001950e                packetbuf_hdrptr
                0x000000000001951f                packetbuf_datalen
                0x0000000000019530                packetbuf_hdrlen
                0x000000000001954c                packetbuf_totlen
                0x000000000001956e                packetbuf_remaininglen
                0x0000000000019586                packetbuf_attr_clear
                0x00000000000195eb                packetbuf_attr_copyto
                0x0000000000019636                packetbuf_attr_copyfrom
                0x0000000000019681                packetbuf_set_attr
                0x00000000000196b1                packetbuf_attr
                0x00000000000196d2                packetbuf_set_addr
                0x0000000000019718                packetbuf_addr
                0x0000000000019742                packetbuf_holds_broadcast
 .text          0x0000000000019769      0x382 build/cooja/contiki-ng-cooja.a(queuebuf.o)
                0x000000000001977e                queuebuf_init
                0x00000000000197a7                queuebuf_numfree
                0x00000000000197c0                queuebuf_new_from_packetbuf
                0x0000000000019873                queuebuf_update_attr_from_packetbuf
                0x00000000000198b6                queuebuf_update_from_packetbuf
                0x0000000000019912                queuebuf_free
                0x000000000001996e                queuebuf_to_packetbuf
                0x00000000000199e7                queuebuf_dataptr
                0x0000000000019a2e                queuebuf_datalen
                0x0000000000019a5e                queuebuf_addr
                0x0000000000019aa5                queuebuf_attr
                0x0000000000019ae0                queuebuf_debug_print
 .text          0x0000000000019aeb      0x116 build/cooja/contiki-ng-cooja.a(printf.o)
                0x0000000000019b20                log_printf
 .text          0x0000000000019c01       0x1e build/cooja/contiki-ng-cooja.a(putchar.o)
                0x0000000000019c01                log_putchar
 .text          0x0000000000019c1f       0x3d build/cooja/contiki-ng-cooja.a(puts.o)
                0x0000000000019c1f                log_puts
 .text          0x0000000000019c5c      0x1f8 build/cooja/contiki-ng-cooja.a(snprintf.o)
                0x0000000000019ce7                log_snprintf
                0x0000000000019dcc                log_vsnprintf
 .text          0x0000000000019e54     0x170b build/cooja/contiki-ng-cooja.a(strformat.o)
                0x000000000001a1c7                format_str
                0x000000000001a2a8                format_str_v
 .text          0x000000000001b55f      0x292 build/cooja/contiki-ng-cooja.a(csma.o)
 .text          0x000000000001b7f1     0x3747 build/cooja/contiki-ng-cooja.a(sicslowpan.o)
                0x000000000001bfc7                netstack_sniffer_add
                0x000000000001bfe1                netstack_sniffer_remove
                0x000000000001ef01                sicslowpan_init
                0x000000000001ef28                sicslowpan_get_last_rssi
 .text          0x000000000001ef38      0xbaa build/cooja/contiki-ng-cooja.a(tcp-socket.o)
                0x000000000001f671                tcp_socket_register
                0x000000000001f739                tcp_socket_connect
                0x000000000001f7f6                tcp_socket_listen
                0x000000000001f883                tcp_socket_unlisten
                0x000000000001f90f                tcp_socket_send
                0x000000000001f9cc                tcp_socket_send_str
                0x000000000001fa03                tcp_socket_close
                0x000000000001fa38                tcp_socket_unregister
                0x000000000001faa1                tcp_socket_max_sendlen
                0x000000000001fac9                tcp_socket_queuelen
 .text          0x000000000001fae2      0xc96 build/cooja/contiki-ng-cooja.a(tcpip.o)
                0x000000000001fb12                tcpip_output
                0x000000000001fc14                tcp_connect
                0x000000000001fc7b                tcp_unlisten
                0x000000000001fceb                tcp_listen
                0x000000000001fd57                tcp_attach
                0x000000000001fd85                udp_attach
                0x000000000001fdb3                udp_new
                0x000000000001fe0e                udp_broadcast_new
                0x0000000000020121                tcpip_input
                0x00000000000202f9                tcpip_ipv6_output
                0x0000000000020552                tcpip_poll_udp
                0x0000000000020580                tcpip_poll_tcp
                0x00000000000205ae                tcpip_uipcall
 .text          0x0000000000020778      0x416 build/cooja/contiki-ng-cooja.a(uip-ds6-nbr.o)
                0x0000000000020778                uip_ds6_neighbors_init
                0x00000000000207a1                uip_ds6_nbr_add
                0x000000000002083f                uip_ds6_nbr_rm
                0x000000000002089c                uip_ds6_nbr_update_ll
                0x00000000000209a1                uip_ds6_nbr_get_ipaddr
                0x00000000000209c1                uip_ds6_nbr_get_ll
                0x00000000000209e9                uip_ds6_nbr_num
                0x0000000000020a3b                uip_ds6_nbr_head
                0x0000000000020a54                uip_ds6_nbr_next
                0x0000000000020a7c                uip_ds6_nbr_lookup
                0x0000000000020ae5                uip_ds6_nbr_ll_lookup
                0x0000000000020b0d                uip_ds6_nbr_ipaddr_from_lladdr
                0x0000000000020b41                uip_ds6_nbr_lladdr_from_ipaddr
                0x0000000000020b7d                uip_ds6_link_callback
 .text          0x0000000000020b8e      0x3f9 build/cooja/contiki-ng-cooja.a(uip-ds6-route.o)
                0x0000000000020be5                uip_ds6_route_init
                0x0000000000020c0e                uip_ds6_route_count_nexthop_neighbors
                0x0000000000020c1d                uip_ds6_route_nexthop
                0x0000000000020c30                uip_ds6_route_head
                0x0000000000020c3f                uip_ds6_route_next
                0x0000000000020c52                uip_ds6_route_is_nexthop
                0x0000000000020c65                uip_ds6_route_num_routes
                0x0000000000020c74                uip_ds6_route_lookup
                0x0000000000020c87                uip_ds6_route_add
                0x0000000000020ca3                uip_ds6_route_rm
                0x0000000000020cb2                uip_ds6_route_rm_by_nexthop
                0x0000000000020cc1                uip_ds6_defrt_head
                0x0000000000020cda                uip_ds6_defrt_add
                0x0000000000020d9a                uip_ds6_defrt_rm
                0x0000000000020e10                uip_ds6_defrt_lookup
                0x0000000000020e87                uip_ds6_defrt_choose
                0x0000000000020f0a                uip_ds6_defrt_periodic
 .text          0x0000000000020f87      0xebc build/cooja/contiki-ng-cooja.a(uip-ds6.o)
                0x0000000000020f87                uip_ds6_default_prefix
                0x0000000000020f98                uip_ds6_set_default_prefix
                0x0000000000020fc0                uip_ds6_init
                0x000000000002125f                uip_ds6_periodic
                0x0000000000021301                uip_ds6_list_loop
                0x00000000000213ea                uip_ds6_prefix_add
                0x00000000000214bb                uip_ds6_prefix_rm
                0x00000000000214d9                uip_ds6_prefix_lookup
                0x0000000000021530                uip_ds6_is_addr_onlink
                0x00000000000215c4                uip_ds6_addr_add
                0x000000000002170f                uip_ds6_addr_rm
                0x00000000000217ca                uip_ds6_addr_lookup
                0x000000000002181f                uip_ds6_get_link_local
                0x00000000000218c4                uip_ds6_get_global
                0x0000000000021969                uip_ds6_maddr_add
                0x00000000000219e5                uip_ds6_maddr_rm
                0x0000000000021a03                uip_ds6_maddr_lookup
                0x0000000000021a5b                uip_ds6_aaddr_add
                0x0000000000021ad7                uip_ds6_aaddr_rm
                0x0000000000021af5                uip_ds6_aaddr_lookup
                0x0000000000021b4d                uip_ds6_select_src
                0x0000000000021cd7                uip_ds6_set_addr_iid
                0x0000000000021d10                uip_ds6_set_lladdr_from_iid
                0x0000000000021d47                get_match_length
                0x0000000000021df5                uip_ds6_compute_reachable_time
 .text          0x0000000000021e43      0x1b9 build/cooja/contiki-ng-cooja.a(uip-packetqueue.o)
                0x0000000000021e82                uip_packetqueue_new
                0x0000000000021e9c                uip_packetqueue_alloc
                0x0000000000021f16                uip_packetqueue_free
                0x0000000000021f6e                uip_packetqueue_buf
                0x0000000000021f9a                uip_packetqueue_buflen
                0x0000000000021fc9                uip_packetqueue_set_buflen
 .text          0x0000000000021ffc     0x3915 build/cooja/contiki-ng-cooja.a(uip6.o)
                0x0000000000021ffc                uip_add32
                0x0000000000022206                uip_chksum
                0x00000000000222ec                uip_icmp6chksum
                0x0000000000022300                uip_tcpchksum
                0x0000000000022314                uip_udpchksum
                0x0000000000022328                uip_init
                0x00000000000223ed                uip_connect
                0x0000000000022597                uip_remove_ext_hdr
                0x0000000000022698                uip_udp_new
                0x0000000000022804                uip_unlisten
                0x0000000000022853                uip_listen
                0x0000000000022b75                uip_process
                0x0000000000025797                uip_htons
                0x00000000000257ba                uip_htonl
                0x0000000000025802                uip_send
 .text          0x0000000000025911      0x5b1 build/cooja/contiki-ng-cooja.a(uipbuf.o)
                0x0000000000025911                uipbuf_clear
                0x0000000000025943                uipbuf_add_ext_hdr
                0x00000000000259db                uipbuf_set_len
                0x0000000000025a0d                uipbuf_set_len_field
                0x0000000000025a40                uipbuf_get_len_field
                0x0000000000025a6b                uipbuf_get_next_header
                0x0000000000025bdd                uipbuf_get_last_header
                0x0000000000025c70                uipbuf_search_header
                0x0000000000025d37                uipbuf_get_attr
                0x0000000000025d68                uipbuf_set_attr
                0x0000000000025da8                uipbuf_set_default_attr
                0x0000000000025de8                uipbuf_clear_attr
                0x0000000000025e0f                uipbuf_set_attr_flag
                0x0000000000025e32                uipbuf_clr_attr_flag
                0x0000000000025e5b                uipbuf_is_attr_flag
                0x0000000000025e80                uipbuf_init
 .text          0x0000000000025ec2      0x57d build/cooja/contiki-ng-cooja.a(uiplib.o)
                0x0000000000025ec2                uiplib_ip6addrconv
                0x000000000002609e                uiplib_ip4addrconv
                0x0000000000026170                uiplib_ipaddr_print
                0x00000000000261d6                uiplib_ipaddr_snprint
 .text          0x000000000002643f      0x66e build/cooja/contiki-ng-cooja.a(rpl.o)
                0x000000000002643f                rpl_lollipop_greater_than
                0x00000000000264a3                rpl_get_global_address
                0x0000000000026643                rpl_link_callback
                0x00000000000266ad                rpl_has_joined
                0x00000000000266e0                rpl_is_reachable
                0x0000000000026786                rpl_reset_prefix
                0x00000000000267fd                rpl_set_prefix_from_addr
                0x0000000000026918                rpl_set_prefix
                0x0000000000026a82                rpl_set_leaf_only
                0x0000000000026a9c                rpl_get_leaf_only
 .text          0x0000000000026aad       0x49 build/cooja/contiki-ng-cooja.a(watchdog.o)
                0x0000000000026aad                watchdog_init
                0x0000000000026ab8                watchdog_start
                0x0000000000026ac3                watchdog_periodic
                0x0000000000026ae0                watchdog_stop
                0x0000000000026aeb                watchdog_reboot
 .text          0x0000000000026af6       0x61 build/cooja/contiki-ng-cooja.a(int-master.o)
                0x0000000000026af6                int_master_enable
                0x0000000000026b0b                int_master_read_and_disable
                0x0000000000026b2b                int_master_status_set
                0x0000000000026b42                int_master_is_enabled
 .text          0x0000000000026b57      0x125 build/cooja/contiki-ng-cooja.a(stimer.o)
                0x0000000000026b57                stimer_set
                0x0000000000026b86                stimer_reset
                0x0000000000026bc2                stimer_restart
                0x0000000000026be1                stimer_expired
                0x0000000000026c23                stimer_remaining
                0x0000000000026c5b                stimer_elapsed
 .text          0x0000000000026c7c      0x21a build/cooja/contiki-ng-cooja.a(memb.o)
                0x0000000000026c7c                memb_init
                0x0000000000026cdf                memb_alloc
                0x0000000000026d59                memb_free
                0x0000000000026dec                memb_inmemb
                0x0000000000026e43                memb_numfree
 .text          0x0000000000026e96      0x19d build/cooja/contiki-ng-cooja.a(ringbuf.o)
                0x0000000000026e96                ringbuf_init
                0x0000000000026ed7                ringbuf_put
                0x0000000000026f66                ringbuf_get
                0x0000000000026fe4                ringbuf_size
                0x0000000000027000                ringbuf_elements
 .text          0x0000000000027033      0x481 build/cooja/contiki-ng-cooja.a(link-stats.o)
                0x0000000000027033                link_stats_from_lladdr
                0x000000000002705b                link_stats_get_lladdr
                0x0000000000027083                link_stats_is_fresh
                0x00000000000270cb                guess_etx_from_rssi
                0x0000000000027150                link_stats_packet_sent
                0x00000000000272b4                link_stats_input_callback
                0x0000000000027416                link_stats_reset
                0x0000000000027472                link_stats_init
 .text          0x00000000000274b4      0xcb3 build/cooja/contiki-ng-cooja.a(nbr-table.o)
                0x0000000000027912                nbr_table_count_entries
                0x00000000000279b4                nbr_table_gc_get_worst
                0x00000000000279f7                nbr_table_can_accept_new
                0x0000000000027bac                nbr_table_entry_is_allowed
                0x0000000000027c59                nbr_table_register
                0x0000000000027ceb                nbr_table_is_registered
                0x0000000000027d42                nbr_table_head
                0x0000000000027db0                nbr_table_next
                0x0000000000027e2d                nbr_table_add_lladdr
                0x0000000000027f8d                nbr_table_get_from_lladdr
                0x0000000000027fec                nbr_table_remove
                0x0000000000028046                nbr_table_lock
                0x000000000002807b                nbr_table_unlock
                0x00000000000280b0                nbr_table_get_lladdr
                0x00000000000280f3                nbr_table_clear
                0x0000000000028130                nbr_table_key_head
                0x0000000000028149                nbr_table_key_next
 .text          0x0000000000028167      0x1e0 build/cooja/contiki-ng-cooja.a(mac-sequence.o)
                0x0000000000028167                mac_sequence_is_duplicate
                0x0000000000028248                mac_sequence_register_seqno
 .text          0x0000000000028347      0x451 build/cooja/contiki-ng-cooja.a(framer-802154.o)
                0x00000000000284e2                framer_802154_setup_params
 .text          0x0000000000028798      0xae3 build/cooja/contiki-ng-cooja.a(csma-output.o)
                0x0000000000028f7a                csma_output_packet
                0x0000000000029243                csma_output_init
 .text          0x000000000002927b       0x3d build/cooja/contiki-ng-cooja.a(csma-security.o)
                0x000000000002927b                csma_security_create_frame
                0x00000000000292a1                csma_security_parse_frame
 .text          0x00000000000292b8      0x8b7 build/cooja/contiki-ng-cooja.a(uip-icmp6.o)
                0x0000000000029335                uip_icmp6_input
                0x0000000000029393                uip_icmp6_register_input_handler
                0x0000000000029525                uip_icmp6_error_output
                0x000000000002988a                uip_icmp6_send
                0x0000000000029ad6                uip_icmp6_echo_reply_callback_add
                0x0000000000029b1d                uip_icmp6_echo_reply_callback_rm
                0x0000000000029b46                uip_icmp6_init
 .text          0x0000000000029b6f      0x87f build/cooja/contiki-ng-cooja.a(uip-nd6.o)
                0x000000000002a3d4                uip_nd6_init
 .text          0x000000000002a3ee      0x7e7 build/cooja/contiki-ng-cooja.a(uip-sr.o)
                0x000000000002a3ee                uip_sr_num_nodes
                0x000000000002a499                uip_sr_get_node
                0x000000000002a501                uip_sr_is_addr_reachable
                0x000000000002a5c9                uip_sr_expire_parent
                0x000000000002a638                uip_sr_update_node
                0x000000000002a7ac                uip_sr_init
                0x000000000002a7df                uip_sr_node_head
                0x000000000002a7f8                uip_sr_node_next
                0x000000000002a816                uip_sr_periodic
                0x000000000002a952                uip_sr_free_all
                0x000000000002a9d1                uip_sr_link_snprint
 .text          0x000000000002abd5      0x35a build/cooja/contiki-ng-cooja.a(rpl-dag-root.o)
                0x000000000002abd5                rpl_dag_root_print_links
                0x000000000002ad4a                rpl_dag_root_set_prefix
                0x000000000002ad86                rpl_dag_root_start
                0x000000000002aeef                rpl_dag_root_is_root
 .text          0x000000000002af2f     0x1219 build/cooja/contiki-ng-cooja.a(rpl-dag.o)
                0x000000000002af2f                rpl_dag_state_to_str
                0x000000000002af8d                rpl_dag_get_root_ipaddr
                0x000000000002afd7                rpl_dag_leave
                0x000000000002b082                rpl_dag_poison_and_leave
                0x000000000002b0a0                rpl_dag_periodic
                0x000000000002b164                rpl_is_addr_in_our_dag
                0x000000000002b1c0                rpl_get_default_instance
                0x000000000002b1e7                rpl_get_any_dag
                0x000000000002b254                rpl_refresh_routes
                0x000000000002b2b6                rpl_global_repair
                0x000000000002b378                rpl_local_repair
                0x000000000002b3da                rpl_dag_ready_to_advertise
                0x000000000002b432                rpl_dag_update_state
                0x000000000002bcf5                rpl_process_dio
                0x000000000002bd97                rpl_process_dis
                0x000000000002bdeb                rpl_process_dao
                0x000000000002be94                rpl_process_dao_ack
                0x000000000002bf44                rpl_process_hbh
                0x000000000002bfa3                rpl_dag_init_root
                0x000000000002c124                rpl_dag_init
 .text          0x000000000002c148      0xdef build/cooja/contiki-ng-cooja.a(rpl-ext-header.o)
                0x000000000002c148                rpl_ext_header_srh_get_next_hop
                0x000000000002c259                rpl_ext_header_srh_update
                0x000000000002c8e8                rpl_ext_header_hbh_update
                0x000000000002cc88                rpl_ext_header_update
                0x000000000002cd32                rpl_ext_header_remove
 .text          0x000000000002cf37     0x16eb build/cooja/contiki-ng-cooja.a(rpl-icmp6.o)
                0x000000000002d0cb                rpl_icmp6_update_nbr_table
                0x000000000002d180                rpl_icmp6_dis_output
                0x000000000002d8a4                rpl_icmp6_dio_output
                0x000000000002e1d4                rpl_icmp6_dao_output
                0x000000000002e545                rpl_icmp6_dao_ack_output
                0x000000000002e5db                rpl_icmp6_init
 .text          0x000000000002e622      0x36f build/cooja/contiki-ng-cooja.a(rpl-mrhof.o)
 .text          0x000000000002e991       0x8c build/cooja/contiki-ng-cooja.a(rpl-nbr-policy.o)
                0x000000000002e9d9                rpl_nbr_gc_get_worst
 .text          0x000000000002ea1d      0xadd build/cooja/contiki-ng-cooja.a(rpl-neighbor.o)
                0x000000000002eab0                rpl_neighbor_snprint
                0x000000000002edde                rpl_neighbor_print_list
                0x000000000002eeb5                rpl_neighbor_count
                0x000000000002efa0                rpl_neighbor_get_from_lladdr
                0x000000000002efcb                rpl_neighbor_is_acceptable_parent
                0x000000000002f017                rpl_neighbor_get_link_metric
                0x000000000002f063                rpl_neighbor_rank_via_nbr
                0x000000000002f0af                rpl_neighbor_get_lladdr
                0x000000000002f0da                rpl_neighbor_get_ipaddr
                0x000000000002f108                rpl_neighbor_get_link_stats
                0x000000000002f136                rpl_neighbor_is_fresh
                0x000000000002f164                rpl_neighbor_is_parent
                0x000000000002f19d                rpl_neighbor_set_preferred_parent
                0x000000000002f254                rpl_neighbor_remove_all
                0x000000000002f2ba                rpl_neighbor_get_from_ipaddr
                0x000000000002f3f3                rpl_neighbor_select_best
                0x000000000002f4d3                rpl_neighbor_init
 .text          0x000000000002f4fa      0xd3d build/cooja/contiki-ng-cooja.a(rpl-timers.o)
                0x000000000002f4fa                rpl_timers_schedule_periodic_dis
                0x000000000002f6b0                rpl_timers_dio_reset
                0x000000000002f834                rpl_timers_schedule_unicast_dio
                0x000000000002fa1b                rpl_timers_schedule_dao
                0x000000000002fb21                rpl_timers_schedule_dao_ack
                0x000000000002fbe6                rpl_timers_notify_dao_ack
                0x000000000002fc5b                get_probing_delay
                0x000000000002fca2                get_probing_target
                0x000000000002fee0                rpl_schedule_probing
                0x000000000002ff27                rpl_schedule_probing_now
                0x000000000002ffb5                rpl_timers_unschedule_leaving
                0x000000000002ffff                rpl_timers_schedule_leaving
                0x000000000003005d                rpl_timers_init
                0x000000000003010f                rpl_timers_stop_dag_timers
                0x00000000000301b1                rpl_timers_unschedule_state_update
                0x00000000000301de                rpl_timers_schedule_state_update
 .text          0x0000000000030237       0x34 build/cooja/contiki-ng-cooja.a(assert.o)
                0x0000000000030237                _xassert
 .text          0x000000000003026b       0x3a build/cooja/contiki-ng-cooja.a(mac.o)
                0x000000000003026b                mac_call_sent_callback
 .text          0x00000000000302a5      0xca9 build/cooja/contiki-ng-cooja.a(frame802154.o)
                0x00000000000302d3                frame802154_get_pan_id
                0x00000000000302e4                frame802154_set_pan_id
                0x0000000000030300                frame802154_has_panid
                0x00000000000304df                frame802154_check_dest_panid
                0x000000000003057d                frame802154_is_broadcast_addr
                0x00000000000305d4                frame802154_extract_linkaddr
                0x000000000003086e                frame802154_hdrlen
                0x00000000000308ed                frame802154_create_fcf
                0x00000000000309bf                frame802154_create
                0x0000000000030b69                frame802154_parse_fcf
                0x0000000000030c60                frame802154_parse
 .text          0x0000000000030f4e        0x0 /usr/lib/gcc/x86_64-linux-gnu/11/crtendS.o
 .text          0x0000000000030f4e        0x0 /usr/lib/gcc/x86_64-linux-gnu/11/../../../x86_64-linux-gnu/crtn.o
 *(.gnu.warning)

.fini           0x0000000000030f50        0xd
 *(SORT_NONE(.fini))
 .fini          0x0000000000030f50        0x8 /usr/lib/gcc/x86_64-linux-gnu/11/../../../x86_64-linux-gnu/crti.o
                0x0000000000030f50                _fini
 .fini          0x0000000000030f58        0x5 /usr/lib/gcc/x86_64-linux-gnu/11/../../../x86_64-linux-gnu/crtn.o
                [!provide]                        PROVIDE (__etext = .)
                [!provide]                        PROVIDE (_etext = .)
                [!provide]                        PROVIDE (etext = .)
                0x0000000000031000                . = ALIGN (CONSTANT (MAXPAGESIZE))
                0x0000000000031000                . = SEGMENT_START ("rodata-segment", (ALIGN (CONSTANT (MAXPAGESIZE)) + (. & (CONSTANT (MAXPAGESIZE) - 0x1))))

.rodata         0x0000000000031000      0xb95
 *(.rodata .rodata.* .gnu.linkonce.r.*)
 .rodata        0x0000000000031000       0xcd personal-mqtt.o
 .rodata        0x00000000000310cd        0x6 build/cooja/contiki-ng-cooja.a(leds-arch.o)
                0x00000000000310cd                leds_arch_leds
 .rodata        0x00000000000310d3        0x4 build/cooja/contiki-ng-cooja.a(pir-sensor.o)
 .rodata        0x00000000000310d7        0x3 build/cooja/contiki-ng-cooja.a(rs232.o)
 .rodata        0x00000000000310da        0xa build/cooja/contiki-ng-cooja.a(vib-sensor.o)
 *fill*         0x00000000000310e4        0x4 
 .rodata        0x00000000000310e8       0x26 build/cooja/contiki-ng-cooja.a(cfs-cooja.o)
 *fill*         0x000000000003110e        0x2 
 .rodata        0x0000000000031110       0x68 build/cooja/contiki-ng-cooja.a(cooja-radio.o)
 .rodata        0x0000000000031178        0x8 build/cooja/contiki-ng-cooja.a(sensors.o)
 .rodata        0x0000000000031180       0x14 build/cooja/contiki-ng-cooja.a(buttons.o)
                0x000000000003118c                button_hal_button_count
 .rodata        0x0000000000031194      0x29c build/cooja/contiki-ng-cooja.a(mqtt.o)
 .rodata        0x0000000000031430       0xf4 build/cooja/contiki-ng-cooja.a(contiki-main.o)
 .rodata        0x0000000000031524        0xf build/cooja/contiki-ng-cooja.a(ctimer.o)
 .rodata        0x0000000000031533        0xc build/cooja/contiki-ng-cooja.a(etimer.o)
 *fill*         0x000000000003153f        0x1 
 .rodata        0x0000000000031540       0xc0 build/cooja/contiki-ng-cooja.a(log.o)
 .rodata        0x0000000000031600       0x13 build/cooja/contiki-ng-cooja.a(button-hal.o)
 .rodata        0x0000000000031613        0xe build/cooja/contiki-ng-cooja.a(serial-line.o)
 *fill*         0x0000000000031621        0x7 
 .rodata        0x0000000000031628        0x8 build/cooja/contiki-ng-cooja.a(linkaddr.o)
                0x0000000000031628                linkaddr_null
 .rodata        0x0000000000031630      0x280 build/cooja/contiki-ng-cooja.a(strformat.o)
 .rodata        0x00000000000318b0        0x5 build/cooja/contiki-ng-cooja.a(csma.o)
 .rodata        0x00000000000318b5       0x1d build/cooja/contiki-ng-cooja.a(sicslowpan.o)
                0x00000000000318b5                unc_llconf
                0x00000000000318b9                unc_ctxconf
                0x00000000000318bd                unc_mxconf
                0x00000000000318c1                llprefix
 .rodata        0x00000000000318d2       0x13 build/cooja/contiki-ng-cooja.a(tcp-socket.o)
 .rodata        0x00000000000318e5        0xd build/cooja/contiki-ng-cooja.a(tcpip.o)
 *fill*         0x00000000000318f2        0x6 
 .rodata        0x00000000000318f8       0x4c build/cooja/contiki-ng-cooja.a(uip-ds6-route.o)
 .rodata        0x0000000000031944       0x48 build/cooja/contiki-ng-cooja.a(uip6.o)
 .rodata        0x000000000003198c       0x2d build/cooja/contiki-ng-cooja.a(uiplib.o)
 .rodata        0x00000000000319b9        0x9 build/cooja/contiki-ng-cooja.a(rpl.o)
 *fill*         0x00000000000319c2        0x6 
 .rodata        0x00000000000319c8       0x24 build/cooja/contiki-ng-cooja.a(csma-output.o)
 .rodata        0x00000000000319ec       0x44 build/cooja/contiki-ng-cooja.a(uip-sr.o)
 .rodata        0x0000000000031a30       0xd7 build/cooja/contiki-ng-cooja.a(rpl-dag.o)
 *fill*         0x0000000000031b07        0x1 
 .rodata        0x0000000000031b08       0x58 build/cooja/contiki-ng-cooja.a(rpl-neighbor.o)
 .rodata        0x0000000000031b60        0xc build/cooja/contiki-ng-cooja.a(rpl-timers.o)
 *fill*         0x0000000000031b6c        0x4 
 .rodata        0x0000000000031b70       0x25 build/cooja/contiki-ng-cooja.a(assert.o)

.rodata1
 *(.rodata1)

.eh_frame_hdr   0x0000000000031b98     0x18ec
 *(.eh_frame_hdr)
 .eh_frame_hdr  0x0000000000031b98     0x18ec personal-mqtt.o
                0x0000000000031b98                __GNU_EH_FRAME_HDR
 *(.eh_frame_entry .eh_frame_entry.*)

.eh_frame       0x0000000000033488     0x6410
 *(.eh_frame)
 .eh_frame      0x0000000000033488       0x40 /usr/lib/gcc/x86_64-linux-gnu/11/../../../x86_64-linux-gnu/crti.o
 .eh_frame      0x00000000000334c8       0x18 /usr/lib/gcc/x86_64-linux-gnu/11/../../../x86_64-linux-gnu/crti.o
                                         0x30 (size before relaxing)
 .eh_frame      0x00000000000334e0       0x18 /usr/lib/gcc/x86_64-linux-gnu/11/../../../x86_64-linux-gnu/crti.o
                                         0x30 (size before relaxing)
 .eh_frame      0x00000000000334f8       0xc0 personal-mqtt.o
                                         0xd8 (size before relaxing)
 .eh_frame      0x00000000000335b8      0x198 build/cooja/mtype697281671.o
                                        0x1b0 (size before relaxing)
 .eh_frame      0x0000000000033750       0x40 build/cooja/contiki-ng-cooja.a(simEnvChange.o)
                                         0x58 (size before relaxing)
 .eh_frame      0x0000000000033790       0x60 build/cooja/contiki-ng-cooja.a(cooja_mt.o)
                                         0x78 (size before relaxing)
 .eh_frame      0x00000000000337f0       0x80 build/cooja/contiki-ng-cooja.a(cooja_mtarch.o)
                                         0x98 (size before relaxing)
 .eh_frame      0x0000000000033870       0xc0 build/cooja/contiki-ng-cooja.a(rtimer-arch.o)
                                         0xd8 (size before relaxing)
 .eh_frame      0x0000000000033930      0x160 build/cooja/contiki-ng-cooja.a(beep.o)
                                        0x178 (size before relaxing)
 .eh_frame      0x0000000000033a90       0x80 build/cooja/contiki-ng-cooja.a(leds-arch.o)
                                         0x98 (size before relaxing)
 .eh_frame      0x0000000000033b10       0x40 build/cooja/contiki-ng-cooja.a(moteid.o)
                                         0x58 (size before relaxing)
 .eh_frame      0x0000000000033b50       0xa0 build/cooja/contiki-ng-cooja.a(pir-sensor.o)
                                         0xb8 (size before relaxing)
 .eh_frame      0x0000000000033bf0      0x100 build/cooja/contiki-ng-cooja.a(rs232.o)
                                        0x118 (size before relaxing)
 .eh_frame      0x0000000000033cf0       0xa0 build/cooja/contiki-ng-cooja.a(vib-sensor.o)
                                         0xb8 (size before relaxing)
 .eh_frame      0x0000000000033d90       0xc0 build/cooja/contiki-ng-cooja.a(clock.o)
                                         0xd8 (size before relaxing)
 .eh_frame      0x0000000000033e50      0x100 build/cooja/contiki-ng-cooja.a(cooja-log.o)
                                        0x118 (size before relaxing)
 .eh_frame      0x0000000000033f50      0x160 build/cooja/contiki-ng-cooja.a(cfs-cooja.o)
                                        0x178 (size before relaxing)
 .eh_frame      0x00000000000340b0      0x360 build/cooja/contiki-ng-cooja.a(cooja-radio.o)
                                        0x378 (size before relaxing)
 .eh_frame      0x0000000000034410       0xa0 build/cooja/contiki-ng-cooja.a(eeprom.o)
                                         0xb8 (size before relaxing)
 .eh_frame      0x00000000000344b0       0x40 build/cooja/contiki-ng-cooja.a(random.o)
                                         0x58 (size before relaxing)
 .eh_frame      0x00000000000344f0       0xc0 build/cooja/contiki-ng-cooja.a(sensors.o)
                                         0xd8 (size before relaxing)
 .eh_frame      0x00000000000345b0      0x120 build/cooja/contiki-ng-cooja.a(leds.o)
                                        0x138 (size before relaxing)
 .eh_frame      0x00000000000346d0      0x220 build/cooja/contiki-ng-cooja.a(gpio-hal-arch.o)
                                        0x238 (size before relaxing)
 .eh_frame      0x00000000000348f0       0xa0 build/cooja/contiki-ng-cooja.a(buttons.o)
                                         0xb8 (size before relaxing)
 .eh_frame      0x0000000000034990      0x4e0 build/cooja/contiki-ng-cooja.a(mqtt.o)
                                        0x4f8 (size before relaxing)
 .eh_frame      0x0000000000034e70       0x20 build/cooja/contiki-ng-cooja.a(contiki-main.o)
                                         0x38 (size before relaxing)
 .eh_frame      0x0000000000034e90       0x40 build/cooja/contiki-ng-cooja.a(autostart.o)
                                         0x58 (size before relaxing)
 .eh_frame      0x0000000000034ed0      0x100 build/cooja/contiki-ng-cooja.a(ctimer.o)
                                        0x118 (size before relaxing)
 .eh_frame      0x0000000000034fd0       0x60 build/cooja/contiki-ng-cooja.a(energest.o)
                                         0x78 (size before relaxing)
 .eh_frame      0x0000000000035030      0x1e0 build/cooja/contiki-ng-cooja.a(etimer.o)
                                        0x1f8 (size before relaxing)
 .eh_frame      0x0000000000035210      0x120 build/cooja/contiki-ng-cooja.a(log.o)
                                        0x138 (size before relaxing)
 .eh_frame      0x0000000000035330       0x20 build/cooja/contiki-ng-cooja.a(node-id.o)
                                         0x38 (size before relaxing)
 .eh_frame      0x0000000000035350      0x1c8 build/cooja/contiki-ng-cooja.a(process.o)
                                        0x1e0 (size before relaxing)
 .eh_frame      0x0000000000035518       0x60 build/cooja/contiki-ng-cooja.a(rtimer.o)
                                         0x78 (size before relaxing)
 .eh_frame      0x0000000000035578       0xa0 build/cooja/contiki-ng-cooja.a(timer.o)
                                         0xb8 (size before relaxing)
 .eh_frame      0x0000000000035618      0x1a0 build/cooja/contiki-ng-cooja.a(list.o)
                                        0x1b8 (size before relaxing)
 .eh_frame      0x00000000000357b8      0x160 build/cooja/contiki-ng-cooja.a(button-hal.o)
                                        0x178 (size before relaxing)
 .eh_frame      0x0000000000035918       0xe0 build/cooja/contiki-ng-cooja.a(gpio-hal.o)
                                         0xf8 (size before relaxing)
 .eh_frame      0x00000000000359f8       0x60 build/cooja/contiki-ng-cooja.a(serial-line.o)
                                         0x78 (size before relaxing)
 .eh_frame      0x0000000000035a58       0x60 build/cooja/contiki-ng-cooja.a(linkaddr.o)
                                         0x78 (size before relaxing)
 .eh_frame      0x0000000000035ab8       0x80 build/cooja/contiki-ng-cooja.a(netstack.o)
                                         0x98 (size before relaxing)
 .eh_frame      0x0000000000035b38      0x288 build/cooja/contiki-ng-cooja.a(packetbuf.o)
                                        0x2a0 (size before relaxing)
 .eh_frame      0x0000000000035dc0      0x1a0 build/cooja/contiki-ng-cooja.a(queuebuf.o)
                                        0x1b8 (size before relaxing)
 .eh_frame      0x0000000000035f60       0x40 build/cooja/contiki-ng-cooja.a(printf.o)
                                         0x58 (size before relaxing)
 .eh_frame      0x0000000000035fa0       0x20 build/cooja/contiki-ng-cooja.a(putchar.o)
                                         0x38 (size before relaxing)
 .eh_frame      0x0000000000035fc0       0x20 build/cooja/contiki-ng-cooja.a(puts.o)
                                         0x38 (size before relaxing)
 .eh_frame      0x0000000000035fe0       0x60 build/cooja/contiki-ng-cooja.a(snprintf.o)
                                         0x78 (size before relaxing)
 .eh_frame      0x0000000000036040      0x120 build/cooja/contiki-ng-cooja.a(strformat.o)
                                        0x138 (size before relaxing)
 .eh_frame      0x0000000000036160       0xe0 build/cooja/contiki-ng-cooja.a(csma.o)
                                         0xf8 (size before relaxing)
 .eh_frame      0x0000000000036240      0x2e0 build/cooja/contiki-ng-cooja.a(sicslowpan.o)
                                        0x2f8 (size before relaxing)
 .eh_frame      0x0000000000036520      0x248 build/cooja/contiki-ng-cooja.a(tcp-socket.o)
                                        0x260 (size before relaxing)
 .eh_frame      0x0000000000036768      0x308 build/cooja/contiki-ng-cooja.a(tcpip.o)
                                        0x320 (size before relaxing)
 .eh_frame      0x0000000000036a70      0x1c0 build/cooja/contiki-ng-cooja.a(uip-ds6-nbr.o)
                                        0x1d8 (size before relaxing)
 .eh_frame      0x0000000000036c30      0x240 build/cooja/contiki-ng-cooja.a(uip-ds6-route.o)
                                        0x258 (size before relaxing)
 .eh_frame      0x0000000000036e70      0x328 build/cooja/contiki-ng-cooja.a(uip-ds6.o)
                                        0x340 (size before relaxing)
 .eh_frame      0x0000000000037198       0xe0 build/cooja/contiki-ng-cooja.a(uip-packetqueue.o)
                                         0xf8 (size before relaxing)
 .eh_frame      0x0000000000037278      0x2b0 build/cooja/contiki-ng-cooja.a(uip6.o)
                                        0x2c8 (size before relaxing)
 .eh_frame      0x0000000000037528      0x200 build/cooja/contiki-ng-cooja.a(uipbuf.o)
                                        0x218 (size before relaxing)
 .eh_frame      0x0000000000037728       0x80 build/cooja/contiki-ng-cooja.a(uiplib.o)
                                         0x98 (size before relaxing)
 .eh_frame      0x00000000000377a8      0x1e0 build/cooja/contiki-ng-cooja.a(rpl.o)
                                        0x1f8 (size before relaxing)
 .eh_frame      0x0000000000037988       0xa0 build/cooja/contiki-ng-cooja.a(watchdog.o)
                                         0xb8 (size before relaxing)
 .eh_frame      0x0000000000037a28       0x80 build/cooja/contiki-ng-cooja.a(int-master.o)
                                         0x98 (size before relaxing)
 .eh_frame      0x0000000000037aa8       0xc0 build/cooja/contiki-ng-cooja.a(stimer.o)
                                         0xd8 (size before relaxing)
 .eh_frame      0x0000000000037b68       0xa0 build/cooja/contiki-ng-cooja.a(memb.o)
                                         0xb8 (size before relaxing)
 .eh_frame      0x0000000000037c08       0xa0 build/cooja/contiki-ng-cooja.a(ringbuf.o)
                                         0xb8 (size before relaxing)
 .eh_frame      0x0000000000037ca8      0x120 build/cooja/contiki-ng-cooja.a(link-stats.o)
                                        0x138 (size before relaxing)
 .eh_frame      0x0000000000037dc8      0x3e0 build/cooja/contiki-ng-cooja.a(nbr-table.o)
                                        0x3f8 (size before relaxing)
 .eh_frame      0x00000000000381a8       0x48 build/cooja/contiki-ng-cooja.a(mac-sequence.o)
                                         0x60 (size before relaxing)
 .eh_frame      0x00000000000381f0       0xa8 build/cooja/contiki-ng-cooja.a(framer-802154.o)
                                         0xc0 (size before relaxing)
 .eh_frame      0x0000000000038298      0x1c8 build/cooja/contiki-ng-cooja.a(csma-output.o)
                                        0x1e0 (size before relaxing)
 .eh_frame      0x0000000000038460       0x40 build/cooja/contiki-ng-cooja.a(csma-security.o)
                                         0x58 (size before relaxing)
 .eh_frame      0x00000000000384a0      0x148 build/cooja/contiki-ng-cooja.a(uip-icmp6.o)
                                        0x160 (size before relaxing)
 .eh_frame      0x00000000000385e8       0x80 build/cooja/contiki-ng-cooja.a(uip-nd6.o)
                                         0x98 (size before relaxing)
 .eh_frame      0x0000000000038668      0x180 build/cooja/contiki-ng-cooja.a(uip-sr.o)
                                        0x198 (size before relaxing)
 .eh_frame      0x00000000000387e8       0xa0 build/cooja/contiki-ng-cooja.a(rpl-dag-root.o)
                                         0xb8 (size before relaxing)
 .eh_frame      0x0000000000038888      0x360 build/cooja/contiki-ng-cooja.a(rpl-dag.o)
                                        0x378 (size before relaxing)
 .eh_frame      0x0000000000038be8      0x128 build/cooja/contiki-ng-cooja.a(rpl-ext-header.o)
                                        0x140 (size before relaxing)
 .eh_frame      0x0000000000038d10      0x1c0 build/cooja/contiki-ng-cooja.a(rpl-icmp6.o)
                                        0x1d8 (size before relaxing)
 .eh_frame      0x0000000000038ed0      0x148 build/cooja/contiki-ng-cooja.a(rpl-mrhof.o)
                                        0x160 (size before relaxing)
 .eh_frame      0x0000000000039018       0x40 build/cooja/contiki-ng-cooja.a(rpl-nbr-policy.o)
                                         0x58 (size before relaxing)
 .eh_frame      0x0000000000039058      0x2b0 build/cooja/contiki-ng-cooja.a(rpl-neighbor.o)
                                        0x2c8 (size before relaxing)
 .eh_frame      0x0000000000039308      0x3a8 build/cooja/contiki-ng-cooja.a(rpl-timers.o)
                                        0x3c0 (size before relaxing)
 .eh_frame      0x00000000000396b0       0x20 build/cooja/contiki-ng-cooja.a(assert.o)
                                         0x38 (size before relaxing)
 .eh_frame      0x00000000000396d0       0x20 build/cooja/contiki-ng-cooja.a(mac.o)
                                         0x38 (size before relaxing)
 .eh_frame      0x00000000000396f0      0x1a4 build/cooja/contiki-ng-cooja.a(frame802154.o)
                                        0x1c0 (size before relaxing)
 .eh_frame      0x0000000000039894        0x4 /usr/lib/gcc/x86_64-linux-gnu/11/crtendS.o
 *(.eh_frame.*)

.gcc_except_table
 *(.gcc_except_table .gcc_except_table.*)

.gnu_extab
 *(.gnu_extab*)

.exception_ranges
 *(.exception_ranges*)
                0x000000000003b6f0                . = DATA_SEGMENT_ALIGN (CONSTANT (MAXPAGESIZE), CONSTANT (COMMONPAGESIZE))

.eh_frame
 *(.eh_frame)
 *(.eh_frame.*)

.gnu_extab
 *(.gnu_extab)

.gcc_except_table
 *(.gcc_except_table .gcc_except_table.*)

.exception_ranges
 *(.exception_ranges*)

.tdata
 *(.tdata .tdata.* .gnu.linkonce.td.*)

.tbss
 *(.tbss .tbss.* .gnu.linkonce.tb.*)
 *(.tcommon)

.preinit_array
 *(.preinit_array)

.init_array     0x000000000003b6f0        0x8
 *(SORT_BY_INIT_PRIORITY(.init_array.*) SORT_BY_INIT_PRIORITY(.ctors.*))
 *(.init_array EXCLUDE_FILE(*crtend?.o *crtend.o *crtbegin?.o *crtbegin.o) .ctors)
 .init_array    0x000000000003b6f0        0x8 /usr/lib/gcc/x86_64-linux-gnu/11/crtbeginS.o

.fini_array     0x000000000003b6f8        0x8
 *(SORT_BY_INIT_PRIORITY(.fini_array.*) SORT_BY_INIT_PRIORITY(.dtors.*))
 *(.fini_array EXCLUDE_FILE(*crtend?.o *crtend.o *crtbegin?.o *crtbegin.o) .dtors)
 .fini_array    0x000000000003b6f8        0x8 /usr/lib/gcc/x86_64-linux-gnu/11/crtbeginS.o

.ctors
 *crtbegin.o(.ctors)
 *crtbegin?.o(.ctors)
 *(EXCLUDE_FILE(*crtend?.o *crtend.o) .ctors)
 *(SORT_BY_NAME(.ctors.*))
 *(.ctors)

.dtors
 *crtbegin.o(.dtors)
 *crtbegin?.o(.dtors)
 *(EXCLUDE_FILE(*crtend?.o *crtend.o) .dtors)
 *(SORT_BY_NAME(.dtors.*))
 *(.dtors)

.jcr
 *(.jcr)

.data.rel.ro    0x000000000003b700      0x350
 *(.data.rel.ro.local* .gnu.linkonce.d.rel.ro.local.*)
 .data.rel.ro.local
                0x000000000003b700       0x10 build/cooja/contiki-ng-cooja.a(beep.o)
                0x000000000003b700                beep_interface
 .data.rel.ro.local
                0x000000000003b710       0x10 build/cooja/contiki-ng-cooja.a(leds-arch.o)
                0x000000000003b710                leds_interface
 .data.rel.ro.local
                0x000000000003b720       0x10 build/cooja/contiki-ng-cooja.a(moteid.o)
                0x000000000003b720                moteid_interface
 *fill*         0x000000000003b730       0x10 
 .data.rel.ro.local
                0x000000000003b740       0x40 build/cooja/contiki-ng-cooja.a(pir-sensor.o)
                0x000000000003b740                pir_interface
                0x000000000003b760                pir_sensor
 .data.rel.ro.local
                0x000000000003b780       0x10 build/cooja/contiki-ng-cooja.a(rs232.o)
                0x000000000003b780                rs232_interface
 *fill*         0x000000000003b790       0x10 
 .data.rel.ro.local
                0x000000000003b7a0       0x40 build/cooja/contiki-ng-cooja.a(vib-sensor.o)
                0x000000000003b7a0                vib_interface
                0x000000000003b7c0                vib_sensor
 .data.rel.ro.local
                0x000000000003b7e0       0x10 build/cooja/contiki-ng-cooja.a(clock.o)
                0x000000000003b7e0                clock_interface
 .data.rel.ro.local
                0x000000000003b7f0       0x10 build/cooja/contiki-ng-cooja.a(cooja-log.o)
                0x000000000003b7f0                simlog_interface
 .data.rel.ro.local
                0x000000000003b800       0x10 build/cooja/contiki-ng-cooja.a(cfs-cooja.o)
                0x000000000003b800                cfs_interface
 *fill*         0x000000000003b810       0x10 
 .data.rel.ro.local
                0x000000000003b820       0x90 build/cooja/contiki-ng-cooja.a(cooja-radio.o)
                0x000000000003b820                radio_interface
                0x000000000003b840                cooja_radio_driver
 .data.rel.ro.local
                0x000000000003b8b0       0x10 build/cooja/contiki-ng-cooja.a(eeprom.o)
                0x000000000003b8b0                eeprom_interface
 .data.rel.ro.local
                0x000000000003b8c0       0x40 build/cooja/contiki-ng-cooja.a(buttons.o)
                0x000000000003b8c0                button_interface
                0x000000000003b8e0                button_sensor
 .data.rel.ro.local
                0x000000000003b900       0x38 build/cooja/contiki-ng-cooja.a(csma.o)
                0x000000000003b900                csma_driver
 *fill*         0x000000000003b938        0x8 
 .data.rel.ro.local
                0x000000000003b940       0x18 build/cooja/contiki-ng-cooja.a(framer-802154.o)
                0x000000000003b940                framer_802154
 *(.data.rel.ro .data.rel.ro.* .gnu.linkonce.d.rel.ro.*)
 .data.rel.ro   0x000000000003b958        0x0 /usr/lib/gcc/x86_64-linux-gnu/11/../../../x86_64-linux-gnu/crti.o
 *fill*         0x000000000003b958        0x8 
 .data.rel.ro   0x000000000003b960       0x10 personal-mqtt.o
                0x000000000003b960                autostart_processes
 *fill*         0x000000000003b970       0x10 
 .data.rel.ro   0x000000000003b980       0x20 build/cooja/contiki-ng-cooja.a(sicslowpan.o)
                0x000000000003b980                sicslowpan_driver
 .data.rel.ro   0x000000000003b9a0       0xa8 build/cooja/contiki-ng-cooja.a(rpl.o)
                0x000000000003b9a0                rpl_lite_driver
 .data.rel.ro   0x000000000003ba48        0x8 build/cooja/contiki-ng-cooja.a(rpl-dag.o)

.dynamic        0x000000000003ba50      0x1c0
 *(.dynamic)
 .dynamic       0x000000000003ba50      0x1c0 /usr/lib/gcc/x86_64-linux-gnu/11/../../../x86_64-linux-gnu/crti.o
                0x000000000003ba50                _DYNAMIC

.got            0x000000000003bc10      0x3f0
 *(.got)
 .got           0x000000000003bc10      0x3f0 /usr/lib/gcc/x86_64-linux-gnu/11/../../../x86_64-linux-gnu/crti.o
 *(.igot)
                0x000000000003cfe8                . = DATA_SEGMENT_RELRO_END (., (SIZEOF (.got.plt) >= 0x18)?0x18:0x0)

.got.plt        0x000000000003c000      0xba0
 *(.got.plt)
 .got.plt       0x000000000003c000      0xba0 /usr/lib/gcc/x86_64-linux-gnu/11/../../../x86_64-linux-gnu/crti.o
                0x000000000003c000                _GLOBAL_OFFSET_TABLE_
 *(.igot.plt)

.data           0x000000000003cba0      0x7f2
 *(.data .data.* .gnu.linkonce.d.*)
 .data          0x000000000003cba0        0x0 /usr/lib/gcc/x86_64-linux-gnu/11/../../../x86_64-linux-gnu/crti.o
 .data          0x000000000003cba0        0x0 /usr/lib/gcc/x86_64-linux-gnu/11/crtbeginS.o
 .data.rel.local
                0x000000000003cba0        0x8 /usr/lib/gcc/x86_64-linux-gnu/11/crtbeginS.o
                0x000000000003cba0                __dso_handle
 .data          0x000000000003cba8        0x0 personal-mqtt.o
 *fill*         0x000000000003cba8       0x18 
 .data.rel.local
                0x000000000003cbc0       0x20 personal-mqtt.o
                0x000000000003cbc0                mqtt_client_process
 .data          0x000000000003cbe0        0x0 build/cooja/mtype697281671.o
 .data.rel      0x000000000003cbe0       0xa0 build/cooja/mtype697281671.o
                0x000000000003cbe0                simInterfaces
                0x000000000003cc60                sensors
 .data          0x000000000003cc80        0x0 build/cooja/contiki-ng-cooja.a(simEnvChange.o)
 .data          0x000000000003cc80        0x0 build/cooja/contiki-ng-cooja.a(cooja_mt.o)
 .data          0x000000000003cc80        0x0 build/cooja/contiki-ng-cooja.a(cooja_mtarch.o)
 .data          0x000000000003cc80        0x0 build/cooja/contiki-ng-cooja.a(rtimer-arch.o)
 .data          0x000000000003cc80        0x0 build/cooja/contiki-ng-cooja.a(beep.o)
 .data          0x000000000003cc80        0x0 build/cooja/contiki-ng-cooja.a(leds-arch.o)
 .data          0x000000000003cc80        0x0 build/cooja/contiki-ng-cooja.a(moteid.o)
 .data          0x000000000003cc80        0x0 build/cooja/contiki-ng-cooja.a(pir-sensor.o)
 .data          0x000000000003cc80        0x0 build/cooja/contiki-ng-cooja.a(rs232.o)
 .data          0x000000000003cc80        0x0 build/cooja/contiki-ng-cooja.a(vib-sensor.o)
 .data          0x000000000003cc80        0x0 build/cooja/contiki-ng-cooja.a(clock.o)
 .data          0x000000000003cc80        0x0 build/cooja/contiki-ng-cooja.a(cooja-log.o)
 .data          0x000000000003cc80        0x0 build/cooja/contiki-ng-cooja.a(cfs-cooja.o)
 .data          0x000000000003cc80       0x20 build/cooja/contiki-ng-cooja.a(cooja-radio.o)
                0x000000000003cc80                simRadioHWOn
                0x000000000003cc84                simSignalStrength
                0x000000000003cc88                simLastSignalStrength
                0x000000000003cc8c                simPower
                0x000000000003cc90                simRadioChannel
                0x000000000003cc94                simLQI
                0x000000000003cc98                simLastLQI
 .data.rel.local
                0x000000000003cca0       0x20 build/cooja/contiki-ng-cooja.a(cooja-radio.o)
                0x000000000003cca0                cooja_radio_process
 .data          0x000000000003ccc0        0x0 build/cooja/contiki-ng-cooja.a(eeprom.o)
 .data          0x000000000003ccc0        0x0 build/cooja/contiki-ng-cooja.a(random.o)
 .data          0x000000000003ccc0        0x0 build/cooja/contiki-ng-cooja.a(sensors.o)
 .data.rel.local
                0x000000000003ccc0       0x20 build/cooja/contiki-ng-cooja.a(sensors.o)
                0x000000000003ccc0                sensors_process
 .data          0x000000000003cce0        0x0 build/cooja/contiki-ng-cooja.a(leds.o)
 .data          0x000000000003cce0        0x0 build/cooja/contiki-ng-cooja.a(gpio-hal-arch.o)
 .data          0x000000000003cce0        0x1 build/cooja/contiki-ng-cooja.a(buttons.o)
                0x000000000003cce0                simButtonIsActive
 *fill*         0x000000000003cce1       0x1f 
 .data.rel.local
                0x000000000003cd00       0xb0 build/cooja/contiki-ng-cooja.a(buttons.o)
                0x000000000003cda0                button_hal_buttons
 .data          0x000000000003cdb0        0x0 build/cooja/contiki-ng-cooja.a(mqtt.o)
 *fill*         0x000000000003cdb0       0x10 
 .data.rel.local
                0x000000000003cdc0       0x40 build/cooja/contiki-ng-cooja.a(mqtt.o)
                0x000000000003cde0                mqtt_process
 .data          0x000000000003ce00        0x0 build/cooja/contiki-ng-cooja.a(contiki-main.o)
 .data          0x000000000003ce00        0x0 build/cooja/contiki-ng-cooja.a(autostart.o)
 .data          0x000000000003ce00        0x0 build/cooja/contiki-ng-cooja.a(ctimer.o)
 .data.rel.local
                0x000000000003ce00       0x40 build/cooja/contiki-ng-cooja.a(ctimer.o)
                0x000000000003ce20                ctimer_process
 .data          0x000000000003ce40        0x0 build/cooja/contiki-ng-cooja.a(energest.o)
 .data          0x000000000003ce40        0x0 build/cooja/contiki-ng-cooja.a(etimer.o)
 .data.rel.local
                0x000000000003ce40       0x20 build/cooja/contiki-ng-cooja.a(etimer.o)
                0x000000000003ce40                etimer_process
 .data          0x000000000003ce60        0x4 build/cooja/contiki-ng-cooja.a(log.o)
                0x000000000003ce60                curr_log_level_main
 *fill*         0x000000000003ce64       0x1c 
 .data.rel      0x000000000003ce80      0x138 build/cooja/contiki-ng-cooja.a(log.o)
                0x000000000003ce80                all_modules
 .data          0x000000000003cfb8        0x0 build/cooja/contiki-ng-cooja.a(node-id.o)
 .data          0x000000000003cfb8        0x0 build/cooja/contiki-ng-cooja.a(process.o)
 .data          0x000000000003cfb8        0x0 build/cooja/contiki-ng-cooja.a(rtimer.o)
 .data          0x000000000003cfb8        0x0 build/cooja/contiki-ng-cooja.a(timer.o)
 .data          0x000000000003cfb8        0x0 build/cooja/contiki-ng-cooja.a(list.o)
 .data          0x000000000003cfb8        0x0 build/cooja/contiki-ng-cooja.a(button-hal.o)
 *fill*         0x000000000003cfb8        0x8 
 .data.rel.local
                0x000000000003cfc0       0x20 build/cooja/contiki-ng-cooja.a(button-hal.o)
                0x000000000003cfc0                button_hal_process
 .data          0x000000000003cfe0        0x0 build/cooja/contiki-ng-cooja.a(gpio-hal.o)
 .data.rel.local
                0x000000000003cfe0        0x8 build/cooja/contiki-ng-cooja.a(gpio-hal.o)
 .data          0x000000000003cfe8        0x0 build/cooja/contiki-ng-cooja.a(serial-line.o)
 *fill*         0x000000000003cfe8       0x18 
 .data.rel.local
                0x000000000003d000       0x20 build/cooja/contiki-ng-cooja.a(serial-line.o)
                0x000000000003d000                serial_line_process
 .data          0x000000000003d020        0x0 build/cooja/contiki-ng-cooja.a(linkaddr.o)
 .data          0x000000000003d020        0x0 build/cooja/contiki-ng-cooja.a(netstack.o)
 .data.rel.local
                0x000000000003d020        0x8 build/cooja/contiki-ng-cooja.a(netstack.o)
 .data          0x000000000003d028        0x0 build/cooja/contiki-ng-cooja.a(packetbuf.o)
 .data.rel.local
                0x000000000003d028        0x8 build/cooja/contiki-ng-cooja.a(packetbuf.o)
 .data          0x000000000003d030        0x0 build/cooja/contiki-ng-cooja.a(queuebuf.o)
 .data.rel.local
                0x000000000003d030       0x38 build/cooja/contiki-ng-cooja.a(queuebuf.o)
 .data          0x000000000003d068        0x0 build/cooja/contiki-ng-cooja.a(printf.o)
 *fill*         0x000000000003d068        0x8 
 .data.rel.local
                0x000000000003d070       0x10 build/cooja/contiki-ng-cooja.a(printf.o)
 .data          0x000000000003d080        0x0 build/cooja/contiki-ng-cooja.a(putchar.o)
 .data          0x000000000003d080        0x0 build/cooja/contiki-ng-cooja.a(puts.o)
 .data          0x000000000003d080        0x0 build/cooja/contiki-ng-cooja.a(snprintf.o)
 .data          0x000000000003d080        0x0 build/cooja/contiki-ng-cooja.a(strformat.o)
 .data          0x000000000003d080        0x0 build/cooja/contiki-ng-cooja.a(csma.o)
 .data          0x000000000003d080        0x0 build/cooja/contiki-ng-cooja.a(sicslowpan.o)
 .data          0x000000000003d080        0x0 build/cooja/contiki-ng-cooja.a(tcp-socket.o)
 .data.rel.local
                0x000000000003d080       0x40 build/cooja/contiki-ng-cooja.a(tcp-socket.o)
                0x000000000003d0a0                tcp_socket_process
 .data          0x000000000003d0c0        0x0 build/cooja/contiki-ng-cooja.a(tcpip.o)
 .data.rel.local
                0x000000000003d0c0       0x20 build/cooja/contiki-ng-cooja.a(tcpip.o)
                0x000000000003d0c0                tcpip_process
 .data          0x000000000003d0e0        0x0 build/cooja/contiki-ng-cooja.a(uip-ds6-nbr.o)
 .data.rel.local
                0x000000000003d0e0       0x20 build/cooja/contiki-ng-cooja.a(uip-ds6-nbr.o)
 .data          0x000000000003d100        0x0 build/cooja/contiki-ng-cooja.a(uip-ds6-route.o)
 .data.rel.local
                0x000000000003d100       0x28 build/cooja/contiki-ng-cooja.a(uip-ds6-route.o)
 .data          0x000000000003d128        0x0 build/cooja/contiki-ng-cooja.a(uip-ds6.o)
 .data          0x000000000003d128        0x0 build/cooja/contiki-ng-cooja.a(uip-packetqueue.o)
 *fill*         0x000000000003d128        0x8 
 .data.rel.local
                0x000000000003d130       0x18 build/cooja/contiki-ng-cooja.a(uip-packetqueue.o)
 .data          0x000000000003d148        0x0 build/cooja/contiki-ng-cooja.a(uip6.o)
 .data          0x000000000003d148        0x0 build/cooja/contiki-ng-cooja.a(uipbuf.o)
 .data          0x000000000003d148        0x0 build/cooja/contiki-ng-cooja.a(uiplib.o)
 .data          0x000000000003d148        0x0 build/cooja/contiki-ng-cooja.a(rpl.o)
 .data          0x000000000003d148        0x0 build/cooja/contiki-ng-cooja.a(watchdog.o)
 .data          0x000000000003d148        0x0 build/cooja/contiki-ng-cooja.a(int-master.o)
 .data          0x000000000003d148        0x0 build/cooja/contiki-ng-cooja.a(stimer.o)
 .data          0x000000000003d148        0x0 build/cooja/contiki-ng-cooja.a(memb.o)
 .data          0x000000000003d148        0x0 build/cooja/contiki-ng-cooja.a(ringbuf.o)
 .data          0x000000000003d148        0x0 build/cooja/contiki-ng-cooja.a(link-stats.o)
 *fill*         0x000000000003d148        0x8 
 .data.rel.local
                0x000000000003d150       0x20 build/cooja/contiki-ng-cooja.a(link-stats.o)
 .data          0x000000000003d170        0x0 build/cooja/contiki-ng-cooja.a(nbr-table.o)
 .data.rel.local
                0x000000000003d170       0x20 build/cooja/contiki-ng-cooja.a(nbr-table.o)
 .data          0x000000000003d190        0x0 build/cooja/contiki-ng-cooja.a(mac-sequence.o)
 .data          0x000000000003d190        0x0 build/cooja/contiki-ng-cooja.a(framer-802154.o)
 .data          0x000000000003d190        0x0 build/cooja/contiki-ng-cooja.a(csma-output.o)
 .data.rel.local
                0x000000000003d190       0x60 build/cooja/contiki-ng-cooja.a(csma-output.o)
 .data          0x000000000003d1f0        0x0 build/cooja/contiki-ng-cooja.a(csma-security.o)
 .data          0x000000000003d1f0        0x0 build/cooja/contiki-ng-cooja.a(uip-icmp6.o)
 .data.rel.local
                0x000000000003d1f0       0x48 build/cooja/contiki-ng-cooja.a(uip-icmp6.o)
 .data          0x000000000003d238        0x0 build/cooja/contiki-ng-cooja.a(uip-nd6.o)
 *fill*         0x000000000003d238        0x8 
 .data.rel.local
                0x000000000003d240       0x18 build/cooja/contiki-ng-cooja.a(uip-nd6.o)
 .data          0x000000000003d258        0x0 build/cooja/contiki-ng-cooja.a(uip-sr.o)
 *fill*         0x000000000003d258        0x8 
 .data.rel.local
                0x000000000003d260       0x28 build/cooja/contiki-ng-cooja.a(uip-sr.o)
 .data          0x000000000003d288        0x0 build/cooja/contiki-ng-cooja.a(rpl-dag-root.o)
 .data          0x000000000003d288        0x0 build/cooja/contiki-ng-cooja.a(rpl-dag.o)
 .data          0x000000000003d288        0x0 build/cooja/contiki-ng-cooja.a(rpl-ext-header.o)
 .data          0x000000000003d288        0x0 build/cooja/contiki-ng-cooja.a(rpl-icmp6.o)
 *fill*         0x000000000003d288        0x8 
 .data.rel.local
                0x000000000003d290       0x78 build/cooja/contiki-ng-cooja.a(rpl-icmp6.o)
 .data          0x000000000003d308        0x0 build/cooja/contiki-ng-cooja.a(rpl-mrhof.o)
 *fill*         0x000000000003d308       0x18 
 .data.rel.local
                0x000000000003d320       0x48 build/cooja/contiki-ng-cooja.a(rpl-mrhof.o)
                0x000000000003d320                rpl_mrhof
 .data          0x000000000003d368        0x0 build/cooja/contiki-ng-cooja.a(rpl-nbr-policy.o)
 .data          0x000000000003d368        0x0 build/cooja/contiki-ng-cooja.a(rpl-neighbor.o)
 *fill*         0x000000000003d368        0x8 
 .data.rel.local
                0x000000000003d370       0x20 build/cooja/contiki-ng-cooja.a(rpl-neighbor.o)
                0x000000000003d388                rpl_neighbors
 .data          0x000000000003d390        0x0 build/cooja/contiki-ng-cooja.a(rpl-timers.o)
 .data          0x000000000003d390        0x0 build/cooja/contiki-ng-cooja.a(assert.o)
 .data          0x000000000003d390        0x0 build/cooja/contiki-ng-cooja.a(mac.o)
 .data          0x000000000003d390        0x2 build/cooja/contiki-ng-cooja.a(frame802154.o)
 .data          0x000000000003d392        0x0 /usr/lib/gcc/x86_64-linux-gnu/11/crtendS.o
 .data          0x000000000003d392        0x0 /usr/lib/gcc/x86_64-linux-gnu/11/../../../x86_64-linux-gnu/crtn.o

.tm_clone_table
                0x000000000003d398        0x0
 .tm_clone_table
                0x000000000003d398        0x0 /usr/lib/gcc/x86_64-linux-gnu/11/crtbeginS.o
 .tm_clone_table
                0x000000000003d398        0x0 /usr/lib/gcc/x86_64-linux-gnu/11/crtendS.o

.data1
 *(.data1)
                [!provide]                        PROVIDE (_edata = .)
                [!provide]                        PROVIDE (edata = .)
                0x000000000003d398                . = .
                [!provide]                        PROVIDE (__bss_start = .)

.bss            0x000000000003d3a0    0x17f60
 *(.dynbss)
 .dynbss        0x000000000003d3a0        0x0 /usr/lib/gcc/x86_64-linux-gnu/11/../../../x86_64-linux-gnu/crti.o
 *(.bss .bss.* .gnu.linkonce.b.*)
 .bss           0x000000000003d3a0        0x0 /usr/lib/gcc/x86_64-linux-gnu/11/../../../x86_64-linux-gnu/crti.o
 .bss           0x000000000003d3a0        0x1 /usr/lib/gcc/x86_64-linux-gnu/11/crtbeginS.o
 *fill*         0x000000000003d3a1       0x1f 
 .bss           0x000000000003d3c0      0x8a1 personal-mqtt.o
 *fill*         0x000000000003dc61       0x1f 
 .bss           0x000000000003dc80     0x4060 build/cooja/mtype697281671.o
                0x000000000003dc80                sensors_flags
                0x000000000003dc88                referenceVar
 .bss           0x0000000000041ce0       0x18 build/cooja/contiki-ng-cooja.a(simEnvChange.o)
                0x0000000000041ce0                simDontFallAsleep
                0x0000000000041ce4                simProcessRunValue
                0x0000000000041ce8                simEtimerPending
                0x0000000000041cf0                simEtimerNextExpirationTime
 .bss           0x0000000000041cf8        0x8 build/cooja/contiki-ng-cooja.a(cooja_mt.o)
 .bss           0x0000000000041d00        0x8 build/cooja/contiki-ng-cooja.a(cooja_mtarch.o)
 .bss           0x0000000000041d08       0x18 build/cooja/contiki-ng-cooja.a(rtimer-arch.o)
                0x0000000000041d08                simRtimerPending
                0x0000000000041d10                simRtimerNextExpirationTime
                0x0000000000041d18                simRtimerCurrentTicks
 .bss           0x0000000000041d20        0x1 build/cooja/contiki-ng-cooja.a(beep.o)
                0x0000000000041d20                simBeeped
 .bss           0x0000000000041d21        0x1 build/cooja/contiki-ng-cooja.a(leds-arch.o)
                0x0000000000041d21                simLedsValue
 *fill*         0x0000000000041d22        0x2 
 .bss           0x0000000000041d24        0xc build/cooja/contiki-ng-cooja.a(moteid.o)
                0x0000000000041d24                simMoteID
                0x0000000000041d28                simMoteIDChanged
                0x0000000000041d2c                simRandomSeed
 .bss           0x0000000000041d30        0x3 build/cooja/contiki-ng-cooja.a(pir-sensor.o)
                0x0000000000041d30                simPirChanged
                0x0000000000041d31                simPirIsActive
                0x0000000000041d32                simPirValue
 *fill*         0x0000000000041d33        0xd 
 .bss           0x0000000000041d40      0x810 build/cooja/contiki-ng-cooja.a(rs232.o)
                0x0000000000041d40                simSerialReceivingData
                0x0000000000042540                simSerialReceivingLength
                0x0000000000042544                simSerialReceivingFlag
 .bss           0x0000000000042550        0x3 build/cooja/contiki-ng-cooja.a(vib-sensor.o)
                0x0000000000042550                simVibChanged
                0x0000000000042551                simVibIsActive
                0x0000000000042552                simVibValue
 *fill*         0x0000000000042553        0x5 
 .bss           0x0000000000042558        0x8 build/cooja/contiki-ng-cooja.a(clock.o)
                0x0000000000042558                simCurrentTime
 .bss           0x0000000000042560     0x200d build/cooja/contiki-ng-cooja.a(cooja-log.o)
                0x0000000000042560                simLoggedData
                0x0000000000044560                simLoggedLength
                0x0000000000044564                simLoggedFlag
 *fill*         0x000000000004456d       0x13 
 .bss           0x0000000000044580      0xfc0 build/cooja/contiki-ng-cooja.a(cfs-cooja.o)
                0x0000000000044580                simCFSData
                0x0000000000045520                simCFSSize
                0x0000000000045524                simCFSChanged
                0x0000000000045528                simCFSRead
                0x000000000004552c                simCFSWritten
 .bss           0x0000000000045540      0x15c build/cooja/contiki-ng-cooja.a(cooja-radio.o)
                0x0000000000045540                simReceiving
                0x0000000000045560                simInDataBuffer
                0x00000000000455e0                simInSize
                0x00000000000455e8                simLastPacketTimestamp
                0x0000000000045600                simOutDataBuffer
                0x0000000000045680                simOutSize
 *fill*         0x000000000004569c        0x4 
 .bss           0x00000000000456a0      0x40c build/cooja/contiki-ng-cooja.a(eeprom.o)
                0x00000000000456a0                simEEPROMData
                0x0000000000045aa0                simEEPROMChanged
                0x0000000000045aa4                simEEPROMRead
                0x0000000000045aa8                simEEPROMWritten
 .bss           0x0000000000045aac        0x0 build/cooja/contiki-ng-cooja.a(random.o)
 .bss           0x0000000000045aac        0xc build/cooja/contiki-ng-cooja.a(sensors.o)
                0x0000000000045aac                sensors_event
 .bss           0x0000000000045ab8        0x0 build/cooja/contiki-ng-cooja.a(leds.o)
 *fill*         0x0000000000045ab8        0x8 
 .bss           0x0000000000045ac0       0x40 build/cooja/contiki-ng-cooja.a(gpio-hal-arch.o)
 .bss           0x0000000000045b00        0x2 build/cooja/contiki-ng-cooja.a(buttons.o)
                0x0000000000045b00                simButtonChanged
                0x0000000000045b01                simButtonIsDown
 *fill*         0x0000000000045b02        0x6 
 .bss           0x0000000000045b08       0x21 build/cooja/contiki-ng-cooja.a(mqtt.o)
                0x0000000000045b08                mqtt_update_event
 .bss           0x0000000000045b29        0x0 build/cooja/contiki-ng-cooja.a(contiki-main.o)
 .bss           0x0000000000045b29        0x0 build/cooja/contiki-ng-cooja.a(autostart.o)
 *fill*         0x0000000000045b29        0x7 
 .bss           0x0000000000045b30        0x9 build/cooja/contiki-ng-cooja.a(ctimer.o)
 .bss           0x0000000000045b39        0x0 build/cooja/contiki-ng-cooja.a(energest.o)