Archive member included to satisfy reference by file (symbol)

build/cooja/contiki-ng-cooja.a(simEnvChange.o)
                              build/cooja/mtype360910060.o (simDontFallAsleep)
build/cooja/contiki-ng-cooja.a(cooja_mt.o)
                              build/cooja/mtype360910060.o (cooja_mt_start)
build/cooja/contiki-ng-cooja.a(cooja_mtarch.o)
                              build/cooja/contiki-ng-cooja.a(cooja_mt.o) (cooja_mtarch_start)
build/cooja/contiki-ng-cooja.a(rtimer-arch.o)
                              build/cooja/mtype360910060.o (rtimer_arch_check)
build/cooja/contiki-ng-cooja.a(beep.o)
                              build/cooja/mtype360910060.o (beep_interface)
build/cooja/contiki-ng-cooja.a(leds-arch.o)
                              build/cooja/mtype360910060.o (leds_interface)
build/cooja/contiki-ng-cooja.a(moteid.o)
                              build/cooja/mtype360910060.o (moteid_interface)
build/cooja/contiki-ng-cooja.a(pir-sensor.o)
                              build/cooja/mtype360910060.o (pir_interface)
build/cooja/contiki-ng-cooja.a(rs232.o)
                              build/cooja/mtype360910060.o (rs232_interface)
build/cooja/contiki-ng-cooja.a(vib-sensor.o)
                              build/cooja/mtype360910060.o (vib_interface)
build/cooja/contiki-ng-cooja.a(clock.o)
                              build/cooja/mtype360910060.o (clock_interface)
build/cooja/contiki-ng-cooja.a(cooja-log.o)
                              build/cooja/mtype360910060.o (simlog_interface)
build/cooja/contiki-ng-cooja.a(cfs-cooja.o)
                              build/cooja/mtype360910060.o (cfs_interface)
build/cooja/contiki-ng-cooja.a(cooja-radio.o)
                              build/cooja/mtype360910060.o (radio_interface)
build/cooja/contiki-ng-cooja.a(eeprom.o)
                              build/cooja/mtype360910060.o (eeprom_interface)
build/cooja/contiki-ng-cooja.a(random.o)
                              build/cooja/contiki-ng-cooja.a(moteid.o) (random_init)
build/cooja/contiki-ng-cooja.a(sensors.o)
                              build/cooja/contiki-ng-cooja.a(pir-sensor.o) (sensors_changed)
build/cooja/contiki-ng-cooja.a(leds.o)
                              build/cooja/contiki-ng-cooja.a(leds-arch.o) (leds_get)
build/cooja/contiki-ng-cooja.a(gpio-hal-arch.o)
                              build/cooja/contiki-ng-cooja.a(leds-arch.o) (gpio_hal_arch_register_pin_callback)
build/cooja/contiki-ng-cooja.a(buttons.o)
                              build/cooja/mtype360910060.o (button_interface)
build/cooja/contiki-ng-cooja.a(mqtt.o)
                              personal-mqtt.o (mqtt_register)
build/cooja/contiki-ng-cooja.a(contiki-main.o)
                              build/cooja/mtype360910060.o (main)
build/cooja/contiki-ng-cooja.a(autostart.o)
                              build/cooja/contiki-ng-cooja.a(contiki-main.o) (autostart_start)
build/cooja/contiki-ng-cooja.a(ctimer.o)
                              build/cooja/contiki-ng-cooja.a(contiki-main.o) (ctimer_init)
build/cooja/contiki-ng-cooja.a(energest.o)
                              build/cooja/contiki-ng-cooja.a(contiki-main.o) (energest_init)
build/cooja/contiki-ng-cooja.a(etimer.o)
                              build/cooja/contiki-ng-cooja.a(contiki-main.o) (etimer_process)
build/cooja/contiki-ng-cooja.a(log.o)
                              build/cooja/contiki-ng-cooja.a(contiki-main.o) (curr_log_level_main)
build/cooja/contiki-ng-cooja.a(node-id.o)
                              build/cooja/contiki-ng-cooja.a(contiki-main.o) (node_id)
build/cooja/contiki-ng-cooja.a(process.o)
                              build/cooja/contiki-ng-cooja.a(mqtt.o) (process_current)
build/cooja/contiki-ng-cooja.a(rtimer.o)
                              build/cooja/contiki-ng-cooja.a(contiki-main.o) (rtimer_init)
build/cooja/contiki-ng-cooja.a(timer.o)
                              build/cooja/contiki-ng-cooja.a(mqtt.o) (timer_set)
build/cooja/contiki-ng-cooja.a(list.o)
                              build/cooja/contiki-ng-cooja.a(mqtt.o) (list_init)
build/cooja/contiki-ng-cooja.a(button-hal.o)
                              build/cooja/mtype360910060.o (button_hal_init)
build/cooja/contiki-ng-cooja.a(gpio-hal.o)
                              build/cooja/contiki-ng-cooja.a(button-hal.o) (gpio_hal_register_handler)
build/cooja/contiki-ng-cooja.a(serial-line.o)
                              build/cooja/contiki-ng-cooja.a(rs232.o) (serial_line_input_byte)
build/cooja/contiki-ng-cooja.a(linkaddr.o)
                              build/cooja/contiki-ng-cooja.a(contiki-main.o) (linkaddr_node_addr)
build/cooja/contiki-ng-cooja.a(netstack.o)
                              build/cooja/contiki-ng-cooja.a(contiki-main.o) (netstack_init)
build/cooja/contiki-ng-cooja.a(packetbuf.o)
                              build/cooja/contiki-ng-cooja.a(cooja-radio.o) (packetbuf_clear)
build/cooja/contiki-ng-cooja.a(queuebuf.o)
[...]
Memory Configuration

Name             Origin             Length             Attributes
*default*        0x0000000000000000 0xffffffffffffffff

Linker script and memory map

LOAD /usr/lib/gcc/x86_64-linux-gnu/11/../../../x86_64-linux-gnu/crti.o
LOAD /usr/lib/gcc/x86_64-linux-gnu/11/crtbeginS.o
LOAD personal-mqtt.o
LOAD build/cooja/mtype360910060.o
LOAD build/cooja/contiki-ng-cooja.a
LOAD /usr/lib/gcc/x86_64-linux-gnu/11/libgcc.a
LOAD /usr/lib/gcc/x86_64-linux-gnu/11/libgcc_s.so
START GROUP
LOAD /usr/lib/gcc/x86_64-linux-gnu/11/../../../x86_64-linux-gnu/libgcc_s.so.1
LOAD /usr/lib/gcc/x86_64-linux-gnu/11/libgcc.a
END GROUP
LOAD /usr/lib/gcc/x86_64-linux-gnu/11/../../../x86_64-linux-gnu/libc.so
START GROUP
LOAD /lib/x86_64-linux-gnu/libc.so.6
LOAD /usr/lib/x86_64-linux-gnu/libc_nonshared.a
LOAD /lib64/ld-linux-x86-64.so.2
END GROUP
LOAD /usr/lib/gcc/x86_64-linux-gnu/11/libgcc.a
LOAD /usr/lib/gcc/x86_64-linux-gnu/11/libgcc_s.so
START GROUP
LOAD /usr/lib/gcc/x86_64-linux-gnu/11/../../../x86_64-linux-gnu/libgcc_s.so.1
LOAD /usr/lib/gcc/x86_64-linux-gnu/11/libgcc.a
END GROUP
LOAD /usr/lib/gcc/x86_64-linux-gnu/11/crtendS.o
LOAD /usr/lib/gcc/x86_64-linux-gnu/11/../../../x86_64-linux-gnu/crtn.o
                0x00000000000002a8                . = (SEGMENT_START ("text-segment", 0x0) + SIZEOF_HEADERS)

.note.gnu.property
                0x00000000000002a8       0x20
 .note.gnu.property
                0x00000000000002a8       0x20 /usr/lib/gcc/x86_64-linux-gnu/11/../../../x86_64-linux-gnu/crti.o

.note.gnu.build-id
                0x00000000000002c8       0x24
 *(.note.gnu.build-id)
 .note.gnu.build-id
                0x00000000000002c8       0x24 /usr/lib/gcc/x86_64-linux-gnu/11/../../../x86_64-linux-gnu/crti.o

.hash
 *(.hash)

.gnu.hash       0x00000000000002f0     0x14b8
 *(.gnu.hash)
 .gnu.hash      0x00000000000002f0     0x14b8 /usr/lib/gcc/x86_64-linux-gnu/11/../../../x86_64-linux-gnu/crti.o

.dynsym         0x00000000000017a8     0x4080
 *(.dynsym)
 .dynsym        0x00000000000017a8     0x4080 /usr/lib/gcc/x86_64-linux-gnu/11/../../../x86_64-linux-gnu/crti.o

.dynstr         0x0000000000005828     0x30bc
 *(.dynstr)
 .dynstr        0x0000000000005828     0x30bc /usr/lib/gcc/x86_64-linux-gnu/11/../../../x86_64-linux-gnu/crti.o

.gnu.version    0x00000000000088e4      0x560
 *(.gnu.version)
 .gnu.version   0x00000000000088e4      0x560 /usr/lib/gcc/x86_64-linux-gnu/11/../../../x86_64-linux-gnu/crti.o

.gnu.version_d  0x0000000000008e48        0x0
 *(.gnu.version_d)
 .gnu.version_d
                0x0000000000008e48        0x0 /usr/lib/gcc/x86_64-linux-gnu/11/../../../x86_64-linux-gnu/crti.o

.gnu.version_r  0x0000000000008e48       0x40
 *(.gnu.version_r)
 .gnu.version_r
                0x0000000000008e48       0x40 /usr/lib/gcc/x86_64-linux-gnu/11/../../../x86_64-linux-gnu/crti.o

.rela.dyn       0x0000000000008e88     0x1ed8
 *(.rela.init)
 *(.rela.text .rela.text.* .rela.gnu.linkonce.t.*)
 .rela.text     0x0000000000008e88        0x0 /usr/lib/gcc/x86_64-linux-gnu/11/../../../x86_64-linux-gnu/crti.o
 *(.rela.fini)
 *(.rela.rodata .rela.rodata.* .rela.gnu.linkonce.r.*)
 *(.rela.data .rela.data.* .rela.gnu.linkonce.d.*)
 .rela.data.rel.local
                0x0000000000008e88      0x708 /usr/lib/gcc/x86_64-linux-gnu/11/../../../x86_64-linux-gnu/crti.o
 .rela.data.rel.ro
                0x0000000000009590      0x288 /usr/lib/gcc/x86_64-linux-gnu/11/../../../x86_64-linux-gnu/crti.o
 .rela.data.rel
                0x0000000000009818      0x3a8 /usr/lib/gcc/x86_64-linux-gnu/11/../../../x86_64-linux-gnu/crti.o
 .rela.data.rel.ro.local
                0x0000000000009bc0      0x5a0 /usr/lib/gcc/x86_64-linux-gnu/11/../../../x86_64-linux-gnu/crti.o
 *(.rela.tdata .rela.tdata.* .rela.gnu.linkonce.td.*)
 *(.rela.tbss .rela.tbss.* .rela.gnu.linkonce.tb.*)
 *(.rela.ctors)
 *(.rela.dtors)
 *(.rela.got)
 .rela.got      0x000000000000a160      0xbd0 /usr/lib/gcc/x86_64-linux-gnu/11/../../../x86_64-linux-gnu/crti.o
 *(.rela.bss .rela.bss.* .rela.gnu.linkonce.b.*)
 *(.rela.ldata .rela.ldata.* .rela.gnu.linkonce.l.*)
 *(.rela.lbss .rela.lbss.* .rela.gnu.linkonce.lb.*)
 *(.rela.lrodata .rela.lrodata.* .rela.gnu.linkonce.lr.*)
 *(.rela.ifunc)
 .rela.ifunc    0x000000000000ad30        0x0 /usr/lib/gcc/x86_64-linux-gnu/11/../../../x86_64-linux-gnu/crti.o
 .rela.fini_array
                0x000000000000ad30       0x18 /usr/lib/gcc/x86_64-linux-gnu/11/../../../x86_64-linux-gnu/crti.o
 .rela.init_array
                0x000000000000ad48       0x18 /usr/lib/gcc/x86_64-linux-gnu/11/../../../x86_64-linux-gnu/crti.o

.rela.plt       0x000000000000ad60     0x2298
 *(.rela.plt)
 .rela.plt      0x000000000000ad60     0x2298 /usr/lib/gcc/x86_64-linux-gnu/11/../../../x86_64-linux-gnu/crti.o
 *(.rela.iplt)

.relr.dyn
 *(.relr.dyn)
                0x000000000000d000                . = ALIGN (CONSTANT (MAXPAGESIZE))

.init           0x000000000000d000       0x1b
 *(SORT_NONE(.init))
 .init          0x000000000000d000       0x16 /usr/lib/gcc/x86_64-linux-gnu/11/../../../x86_64-linux-gnu/crti.o
                0x000000000000d000                _init
 .init          0x000000000000d016        0x5 /usr/lib/gcc/x86_64-linux-gnu/11/../../../x86_64-linux-gnu/crtn.o

.plt            0x000000000000d020     0x1720
 *(.plt)
 .plt           0x000000000000d020     0x1720 /usr/lib/gcc/x86_64-linux-gnu/11/../../../x86_64-linux-gnu/crti.o
 *(.iplt)

.plt.got        0x000000000000e740       0x30
 *(.plt.got)
 .plt.got       0x000000000000e740       0x30 /usr/lib/gcc/x86_64-linux-gnu/11/../../../x86_64-linux-gnu/crti.o

.plt.sec        0x000000000000e770     0x1710
 *(.plt.sec)
 .plt.sec       0x000000000000e770     0x1710 /usr/lib/gcc/x86_64-linux-gnu/11/../../../x86_64-linux-gnu/crti.o

.text           0x000000000000fe80    0x20f28
 *(.text.unlikely .text.*_unlikely .text.unlikely.*)
 *(.text.exit .text.exit.*)
 *(.text.startup .text.startup.*)
 *(.text.hot .text.hot.*)
 *(SORT_BY_NAME(.text.sorted.*))
 *(.text .stub .text.* .gnu.linkonce.t.*)
 .text          0x000000000000fe80        0x0 /usr/lib/gcc/x86_64-linux-gnu/11/../../../x86_64-linux-gnu/crti.o
 .text          0x000000000000fe80       0xb9 /usr/lib/gcc/x86_64-linux-gnu/11/crtbeginS.o
 .text          0x000000000000ff39      0x1f7 personal-mqtt.o
 .text          0x0000000000010130      0x374 build/cooja/mtype360910060.o
                0x00000000000101e6                platform_init_stage_one
                0x00000000000101fb                platform_init_stage_two
                0x0000000000010210                platform_init_stage_three
                0x0000000000010225                platform_main_loop
                0x00000000000102bf                JNI_OnLoad
                0x00000000000102d6                Java_org_contikios_cooja_corecomm_Lib1_init
                0x0000000000010329                Java_org_contikios_cooja_corecomm_Lib1_getMemory
                0x0000000000010388                Java_org_contikios_cooja_corecomm_Lib1_setMemory
                0x00000000000103e7                Java_org_contikios_cooja_corecomm_Lib1_tick
                0x0000000000010475                Java_org_contikios_cooja_corecomm_Lib1_setReferenceAddress
 .text          0x00000000000104a4       0x93 build/cooja/contiki-ng-cooja.a(simEnvChange.o)
                0x00000000000104a4                doActionsBeforeTick
                0x00000000000104ed                doActionsAfterTick
 .text          0x0000000000010537       0xab build/cooja/contiki-ng-cooja.a(cooja_mt.o)
                0x0000000000010537                cooja_mt_start
                0x0000000000010577                cooja_mt_exec
                0x00000000000105ba                cooja_mt_yield
 .text          0x00000000000105e2      0x10e build/cooja/contiki-ng-cooja.a(cooja_mtarch.o)
                0x00000000000105e2                cooja_mtarch_start
                0x0000000000010685                cooja_sw
                0x00000000000106b2                cooja_mtarch_exec
                0x00000000000106e0                cooja_mtarch_yield
 .text          0x00000000000106f0       0xcc build/cooja/contiki-ng-cooja.a(rtimer-arch.o)
                0x00000000000106f0                rtimer_arch_init
                0x0000000000010716                rtimer_arch_schedule
                0x0000000000010740                rtimer_arch_next
                0x0000000000010754                rtimer_arch_pending
                0x0000000000010767                rtimer_arch_check
                0x00000000000107a8                rtimer_arch_now
 .text          0x00000000000107bc       0xe6 build/cooja/contiki-ng-cooja.a(beep.o)
                0x00000000000107bc                beep_alarm
                0x00000000000107d7                beep_beep
                0x00000000000107ef                beep
                0x0000000000010804                beep_down
                0x000000000001081c                beep_on
                0x0000000000010831                beep_off
                0x0000000000010846                beep_spinup
                0x000000000001085b                beep_quick
                0x0000000000010873                beep_long
 .text          0x00000000000108a2       0x80 build/cooja/contiki-ng-cooja.a(leds-arch.o)
                0x00000000000108bb                leds_arch_init
 .text          0x0000000000010922       0x41 build/cooja/contiki-ng-cooja.a(moteid.o)
 .text          0x0000000000010963       0xfa build/cooja/contiki-ng-cooja.a(pir-sensor.o)
 .text          0x0000000000010a5d      0x18b build/cooja/contiki-ng-cooja.a(rs232.o)
                0x0000000000010a5d                rs232_init
                0x0000000000010a68                rs232_set_speed
                0x0000000000010a78                rs232_set_input
                0x0000000000010a92                rs232_send
                0x0000000000010ab1                rs232_print
                0x0000000000010adf                slip_arch_writeb
 .text          0x0000000000010be8       0xfa build/cooja/contiki-ng-cooja.a(vib-sensor.o)
 .text          0x0000000000010ce2       0x6f build/cooja/contiki-ng-cooja.a(clock.o)
                0x0000000000010ce2                clock_init
                0x0000000000010ced                clock_time
                0x0000000000010d01                clock_seconds
                0x0000000000010d2d                clock_delay
 .text          0x0000000000010d51      0x214 build/cooja/contiki-ng-cooja.a(cooja-log.o)
                0x0000000000010d51                simlog_char
                0x0000000000010dab                simlog
                0x0000000000010e30                log_message
                0x0000000000010e75                log_set_putchar_with_slip
                0x0000000000010e8c                dbg_putchar
                0x0000000000010f0d                dbg_send_bytes
 .text          0x0000000000010f65      0x39b build/cooja/contiki-ng-cooja.a(cfs-cooja.o)
                0x0000000000010f65                cfs_open
                0x0000000000010fe2                cfs_close
                0x0000000000010ff7                cfs_read
                0x00000000000110be                cfs_write
                0x00000000000111ce                cfs_seek
                0x000000000001127d                cfs_remove
                0x00000000000112ad                cfs_opendir
                0x00000000000112c4                cfs_readdir
                0x00000000000112db                cfs_closedir
 .text          0x0000000000011300      0x79f build/cooja/contiki-ng-cooja.a(cooja-radio.o)
                0x000000000001135f                radio_set_channel
                0x0000000000011379                radio_set_txpower
                0x0000000000011396                radio_signal_strength_last
                0x00000000000113a9                radio_signal_strength_current
                0x00000000000113bc                radio_LQI
 .text          0x0000000000011a9f      0x163 build/cooja/contiki-ng-cooja.a(eeprom.o)
                0x0000000000011a9f                eeprom_init
                0x0000000000011aae                eeprom_read
                0x0000000000011b4d                eeprom_write
 .text          0x0000000000011c02       0x2f build/cooja/contiki-ng-cooja.a(random.o)
                0x0000000000011c02                random_init
                0x0000000000011c22                random_rand
 .text          0x0000000000011c31      0x35f build/cooja/contiki-ng-cooja.a(sensors.o)
                0x0000000000011c7a                sensors_first
                0x0000000000011c8e                sensors_next
                0x0000000000011cbd                sensors_changed
                0x0000000000011d0a                sensors_find
 .text          0x0000000000011f90      0x3ad build/cooja/contiki-ng-cooja.a(leds.o)
                0x0000000000011f90                leds_init
                0x0000000000011fdb                leds_single_on
                0x0000000000012048                leds_single_off
                0x00000000000120b5                leds_single_toggle
                0x00000000000120ed                leds_on
                0x000000000001217e                leds_off
                0x000000000001220f                leds_toggle
                0x000000000001226b                leds_set
                0x0000000000012294                leds_get
 .text          0x000000000001233d      0x41b build/cooja/contiki-ng-cooja.a(gpio-hal-arch.o)
                0x000000000001233d                gpio_hal_arch_register_pin_callback
                0x00000000000123e4                gpio_hal_arch_init
                0x000000000001243a                gpio_hal_arch_no_port_interrupt_enable
                0x0000000000012487                gpio_hal_arch_no_port_interrupt_disable
                0x00000000000124d4                gpio_hal_arch_no_port_pin_cfg_set
                0x000000000001250a                gpio_hal_arch_no_port_pin_cfg_get
                0x000000000001253e                gpio_hal_arch_no_port_pin_set_input
                0x0000000000012551                gpio_hal_arch_no_port_pin_set_output
                0x0000000000012564                gpio_hal_arch_no_port_set_pin
                0x0000000000012588                gpio_hal_arch_no_port_clear_pin
                0x00000000000125ac                gpio_hal_arch_no_port_read_pin
                0x00000000000125d9                gpio_hal_arch_no_port_write_pin
                0x0000000000012603                gpio_hal_arch_no_port_set_pins
                0x0000000000012652                gpio_hal_arch_no_port_clear_pins
                0x00000000000126a1                gpio_hal_arch_no_port_read_pins
                0x00000000000126ef                gpio_hal_arch_no_port_write_pins
 .text          0x0000000000012758       0xa8 build/cooja/contiki-ng-cooja.a(buttons.o)
 .text          0x0000000000012800     0x3e29 build/cooja/contiki-ng-cooja.a(mqtt.o)
                0x0000000000012ca1                mqtt_decode_var_byte_int
                0x0000000000012da6                mqtt_encode_var_byte_int
                0x0000000000015e91                mqtt_init
                0x0000000000015f6b                mqtt_register
                0x0000000000016033                mqtt_connect
                0x0000000000016173                mqtt_disconnect
                0x00000000000161c4                mqtt_subscribe
                0x00000000000162cd                mqtt_unsubscribe
                0x00000000000163c6                mqtt_publish
                0x0000000000016501                mqtt_set_username_password
                0x00000000000165b2                mqtt_set_last_will
 .text          0x0000000000016629      0x400 build/cooja/contiki-ng-cooja.a(contiki-main.o)
                0x0000000000016629                main
 .text          0x0000000000016a29       0xbd build/cooja/contiki-ng-cooja.a(autostart.o)
                0x0000000000016a29                autostart_start
                0x0000000000016a8a                autostart_exit
 .text          0x0000000000016ae6      0x441 build/cooja/contiki-ng-cooja.a(ctimer.o)
                0x0000000000016c48                ctimer_init
                0x0000000000016c7d                ctimer_set
                0x0000000000016cc1                ctimer_set_with_process
                0x0000000000016d7b                ctimer_reset
                0x0000000000016dec                ctimer_restart
                0x0000000000016e5d                ctimer_stop
                0x0000000000016ebb                ctimer_expired
 .text          0x0000000000016f27       0x25 build/cooja/contiki-ng-cooja.a(energest.o)
                0x0000000000016f27                energest_init
                0x0000000000016f32                energest_flush
                0x0000000000016f3d                energest_get_total_time
 .text          0x0000000000016f4c      0x57c build/cooja/contiki-ng-cooja.a(etimer.o)
                0x00000000000171f4                etimer_request_poll
                0x00000000000172a6                etimer_set
                0x00000000000172dc                etimer_reset_with_new_interval
                0x0000000000017317                etimer_reset
                0x0000000000017342                etimer_restart
                0x000000000001736d                etimer_adjust
                0x000000000001739e                etimer_expired
                0x00000000000173bd                etimer_expiration_time
                0x00000000000173dd                etimer_start_time
                0x00000000000173f2                etimer_pending
                0x000000000001740c                etimer_next_expiration_time
                0x000000000001742d                etimer_stop
 .text          0x00000000000174c8      0x539 build/cooja/contiki-ng-cooja.a(log.o)
                0x00000000000174c8                log_6addr
                0x000000000001752e                log_6addr_compact_snprint
                0x0000000000017609                log_6addr_compact
                0x000000000001766f                log_lladdr
                0x00000000000176ef                log_lladdr_compact
                0x0000000000017771                log_bytes
                0x00000000000177d1                log_set_level
                0x00000000000178df                log_get_level
                0x0000000000017996                log_level_to_str
 .text          0x0000000000017a01       0x36 build/cooja/contiki-ng-cooja.a(node-id.o)
                0x0000000000017a01                node_id_init
 .text          0x0000000000017a37      0x673 build/cooja/contiki-ng-cooja.a(process.o)
                0x0000000000017a37                process_alloc_event
                0x0000000000017a51                process_start
                0x0000000000017cc1                process_exit
                0x0000000000017ced                process_init
                0x0000000000017ee4                process_run
                0x0000000000017f19                process_nevents
                0x0000000000017f39                process_post
                0x0000000000018001                process_post_synch
                0x000000000001804f                process_poll
                0x000000000001808c                process_is_running
 .text          0x00000000000180aa      0x101 build/cooja/contiki-ng-cooja.a(rtimer.o)
                0x00000000000180aa                rtimer_init
                0x00000000000180ba                rtimer_set
                0x000000000001813b                rtimer_run_next
 .text          0x00000000000181ab       0xfd build/cooja/contiki-ng-cooja.a(timer.o)
                0x00000000000181ab                timer_set
                0x00000000000181da                timer_reset
                0x0000000000018216                timer_restart
                0x0000000000018235                timer_expired
                0x0000000000018270                timer_remaining
 .text          0x00000000000182a8      0x39b build/cooja/contiki-ng-cooja.a(list.o)
                0x00000000000182a8                list_init
                0x00000000000182c2                list_head
                0x00000000000182d7                list_copy
                0x00000000000182f8                list_tail
                0x0000000000018341                list_add
                0x00000000000183a5                list_push
                0x00000000000183e8                list_chop
                0x0000000000018475                list_pop
                0x00000000000184af                list_remove
                0x000000000001853b                list_length
                0x0000000000018576                list_insert
                0x00000000000185d9                list_item_next
                0x00000000000185fc                list_contains
 .text          0x0000000000018643      0x574 build/cooja/contiki-ng-cooja.a(button-hal.o)
                0x000000000001880e                button_hal_get_by_id
                0x000000000001885c                button_hal_get_by_index
                0x0000000000018893                button_hal_get_state
                0x00000000000188f6                button_hal_init
 .text          0x0000000000018bb7      0x181 build/cooja/contiki-ng-cooja.a(gpio-hal.o)
                0x0000000000018bb7                gpio_hal_register_handler
                0x0000000000018be0                gpio_hal_event_handler
                0x0000000000018c4b                gpio_hal_init
                0x0000000000018c6a                gpio_hal_arch_port_toggle_pin
                0x0000000000018ca1                gpio_hal_arch_port_toggle_pins
                0x0000000000018cd2                gpio_hal_arch_no_port_toggle_pin
                0x0000000000018d0c                gpio_hal_arch_no_port_toggle_pins
 .text          0x0000000000018d38      0x238 build/cooja/contiki-ng-cooja.a(serial-line.o)
                0x0000000000018d38                serial_line_input_byte
                0x0000000000018f33                serial_line_init
 .text          0x0000000000018f70       0x80 build/cooja/contiki-ng-cooja.a(linkaddr.o)
                0x0000000000018f70                linkaddr_copy
                0x0000000000018f91                linkaddr_cmp
                0x0000000000018fc7                linkaddr_set_node_addr
 .text          0x0000000000018ff0      0x12b build/cooja/contiki-ng-cooja.a(netstack.o)
                0x0000000000018ff0                netstack_process_ip_callback
                0x0000000000019091                netstack_ip_packet_processor_add
                0x00000000000190c1                uip_ds6_ip_packet_processor_rm
                0x00000000000190ea                netstack_init
 .text          0x000000000001911b      0x4a8 build/cooja/contiki-ng-cooja.a(packetbuf.o)
                0x000000000001911b                packetbuf_clear
                0x0000000000019149                packetbuf_copyfrom
                0x00000000000191a2                packetbuf_copyto
                0x0000000000019248                packetbuf_hdralloc
                0x00000000000192d7                packetbuf_hdrreduce
                0x0000000000019327                packetbuf_set_datalen
                0x0000000000019343                packetbuf_dataptr
                0x0000000000019368                packetbuf_hdrptr
                0x0000000000019379                packetbuf_datalen
                0x000000000001938a                packetbuf_hdrlen
                0x00000000000193a6                packetbuf_totlen
                0x00000000000193c8                packetbuf_remaininglen
                0x00000000000193e0                packetbuf_attr_clear
                0x0000000000019445                packetbuf_attr_copyto
                0x0000000000019490                packetbuf_attr_copyfrom
                0x00000000000194db                packetbuf_set_attr
                0x000000000001950b                packetbuf_attr
                0x000000000001952c                packetbuf_set_addr
                0x0000000000019572                packetbuf_addr
                0x000000000001959c                packetbuf_holds_broadcast
 .text          0x00000000000195c3      0x382 build/cooja/contiki-ng-cooja.a(queuebuf.o)
                0x00000000000195d8                queuebuf_init
                0x0000000000019601                queuebuf_numfree
                0x000000000001961a                queuebuf_new_from_packetbuf
                0x00000000000196cd                queuebuf_update_attr_from_packetbuf
                0x0000000000019710                queuebuf_update_from_packetbuf
                0x000000000001976c                queuebuf_free
                0x00000000000197c8                queuebuf_to_packetbuf
                0x0000000000019841                queuebuf_dataptr
                0x0000000000019888                queuebuf_datalen
                0x00000000000198b8                queuebuf_addr
                0x00000000000198ff                queuebuf_attr
                0x000000000001993a                queuebuf_debug_print
 .text          0x0000000000019945      0x116 build/cooja/contiki-ng-cooja.a(printf.o)
                0x000000000001997a                log_printf
 .text          0x0000000000019a5b       0x1e build/cooja/contiki-ng-cooja.a(putchar.o)
                0x0000000000019a5b                log_putchar
 .text          0x0000000000019a79       0x3d build/cooja/contiki-ng-cooja.a(puts.o)
                0x0000000000019a79                log_puts
 .text          0x0000000000019ab6      0x1f8 build/cooja/contiki-ng-cooja.a(snprintf.o)
                0x0000000000019b41                log_snprintf
                0x0000000000019c26                log_vsnprintf
 .text          0x0000000000019cae     0x170b build/cooja/contiki-ng-cooja.a(strformat.o)
                0x000000000001a021                format_str
                0x000000000001a102                format_str_v
 .text          0x000000000001b3b9      0x292 build/cooja/contiki-ng-cooja.a(csma.o)
 .text          0x000000000001b64b     0x3747 build/cooja/contiki-ng-cooja.a(sicslowpan.o)
                0x000000000001be21                netstack_sniffer_add
                0x000000000001be3b                netstack_sniffer_remove
                0x000000000001ed5b                sicslowpan_init
                0x000000000001ed82                sicslowpan_get_last_rssi
 .text          0x000000000001ed92      0xbaa build/cooja/contiki-ng-cooja.a(tcp-socket.o)
                0x000000000001f4cb                tcp_socket_register
                0x000000000001f593                tcp_socket_connect
                0x000000000001f650                tcp_socket_listen
                0x000000000001f6dd                tcp_socket_unlisten
                0x000000000001f769                tcp_socket_send
                0x000000000001f826                tcp_socket_send_str
                0x000000000001f85d                tcp_socket_close
                0x000000000001f892                tcp_socket_unregister
                0x000000000001f8fb                tcp_socket_max_sendlen
                0x000000000001f923                tcp_socket_queuelen
 .text          0x000000000001f93c      0xc96 build/cooja/contiki-ng-cooja.a(tcpip.o)
                0x000000000001f96c                tcpip_output
                0x000000000001fa6e                tcp_connect
                0x000000000001fad5                tcp_unlisten
                0x000000000001fb45                tcp_listen
                0x000000000001fbb1                tcp_attach
                0x000000000001fbdf                udp_attach
                0x000000000001fc0d                udp_new
                0x000000000001fc68                udp_broadcast_new
                0x000000000001ff7b                tcpip_input
                0x0000000000020153                tcpip_ipv6_output
                0x00000000000203ac                tcpip_poll_udp
                0x00000000000203da                tcpip_poll_tcp
                0x0000000000020408                tcpip_uipcall
 .text          0x00000000000205d2      0x416 build/cooja/contiki-ng-cooja.a(uip-ds6-nbr.o)
                0x00000000000205d2                uip_ds6_neighbors_init
                0x00000000000205fb                uip_ds6_nbr_add
                0x0000000000020699                uip_ds6_nbr_rm
                0x00000000000206f6                uip_ds6_nbr_update_ll
                0x00000000000207fb                uip_ds6_nbr_get_ipaddr
                0x000000000002081b                uip_ds6_nbr_get_ll
                0x0000000000020843                uip_ds6_nbr_num
                0x0000000000020895                uip_ds6_nbr_head
                0x00000000000208ae                uip_ds6_nbr_next
                0x00000000000208d6                uip_ds6_nbr_lookup
                0x000000000002093f                uip_ds6_nbr_ll_lookup
                0x0000000000020967                uip_ds6_nbr_ipaddr_from_lladdr
                0x000000000002099b                uip_ds6_nbr_lladdr_from_ipaddr
                0x00000000000209d7                uip_ds6_link_callback
 .text          0x00000000000209e8      0x3f9 build/cooja/contiki-ng-cooja.a(uip-ds6-route.o)
                0x0000000000020a3f                uip_ds6_route_init
                0x0000000000020a68                uip_ds6_route_count_nexthop_neighbors
                0x0000000000020a77                uip_ds6_route_nexthop
                0x0000000000020a8a                uip_ds6_route_head
                0x0000000000020a99                uip_ds6_route_next
                0x0000000000020aac                uip_ds6_route_is_nexthop
                0x0000000000020abf                uip_ds6_route_num_routes
                0x0000000000020ace                uip_ds6_route_lookup
                0x0000000000020ae1                uip_ds6_route_add
                0x0000000000020afd                uip_ds6_route_rm
                0x0000000000020b0c                uip_ds6_route_rm_by_nexthop
                0x0000000000020b1b                uip_ds6_defrt_head
                0x0000000000020b34                uip_ds6_defrt_add
                0x0000000000020bf4                uip_ds6_defrt_rm
                0x0000000000020c6a                uip_ds6_defrt_lookup
                0x0000000000020ce1                uip_ds6_defrt_choose
                0x0000000000020d64                uip_ds6_defrt_periodic
 .text          0x0000000000020de1      0xebc build/cooja/contiki-ng-cooja.a(uip-ds6.o)
                0x0000000000020de1                uip_ds6_default_prefix
                0x0000000000020df2                uip_ds6_set_default_prefix
                0x0000000000020e1a                uip_ds6_init
                0x00000000000210b9                uip_ds6_periodic
                0x000000000002115b                uip_ds6_list_loop
                0x0000000000021244                uip_ds6_prefix_add
                0x0000000000021315                uip_ds6_prefix_rm
                0x0000000000021333                uip_ds6_prefix_lookup
                0x000000000002138a                uip_ds6_is_addr_onlink
                0x000000000002141e                uip_ds6_addr_add
                0x0000000000021569                uip_ds6_addr_rm
                0x0000000000021624                uip_ds6_addr_lookup
                0x0000000000021679                uip_ds6_get_link_local
                0x000000000002171e                uip_ds6_get_global
                0x00000000000217c3                uip_ds6_maddr_add
                0x000000000002183f                uip_ds6_maddr_rm
                0x000000000002185d                uip_ds6_maddr_lookup
                0x00000000000218b5                uip_ds6_aaddr_add
                0x0000000000021931                uip_ds6_aaddr_rm
                0x000000000002194f                uip_ds6_aaddr_lookup
                0x00000000000219a7                uip_ds6_select_src
                0x0000000000021b31                uip_ds6_set_addr_iid
                0x0000000000021b6a                uip_ds6_set_lladdr_from_iid
                0x0000000000021ba1                get_match_length
                0x0000000000021c4f                uip_ds6_compute_reachable_time
 .text          0x0000000000021c9d      0x1b9 build/cooja/contiki-ng-cooja.a(uip-packetqueue.o)
                0x0000000000021cdc                uip_packetqueue_new
                0x0000000000021cf6                uip_packetqueue_alloc
                0x0000000000021d70                uip_packetqueue_free
                0x0000000000021dc8                uip_packetqueue_buf
                0x0000000000021df4                uip_packetqueue_buflen
                0x0000000000021e23                uip_packetqueue_set_buflen
 .text          0x0000000000021e56     0x3915 build/cooja/contiki-ng-cooja.a(uip6.o)
                0x0000000000021e56                uip_add32
                0x0000000000022060                uip_chksum
                0x0000000000022146                uip_icmp6chksum
                0x000000000002215a                uip_tcpchksum
                0x000000000002216e                uip_udpchksum
                0x0000000000022182                uip_init
                0x0000000000022247                uip_connect
                0x00000000000223f1                uip_remove_ext_hdr
                0x00000000000224f2                uip_udp_new
                0x000000000002265e                uip_unlisten
                0x00000000000226ad                uip_listen
                0x00000000000229cf                uip_process
                0x00000000000255f1                uip_htons
                0x0000000000025614                uip_htonl
                0x000000000002565c                uip_send
 .text          0x000000000002576b      0x5b1 build/cooja/contiki-ng-cooja.a(uipbuf.o)
                0x000000000002576b                uipbuf_clear
                0x000000000002579d                uipbuf_add_ext_hdr
                0x0000000000025835                uipbuf_set_len
                0x0000000000025867                uipbuf_set_len_field
                0x000000000002589a                uipbuf_get_len_field
                0x00000000000258c5                uipbuf_get_next_header
                0x0000000000025a37                uipbuf_get_last_header
                0x0000000000025aca                uipbuf_search_header
                0x0000000000025b91                uipbuf_get_attr
                0x0000000000025bc2                uipbuf_set_attr
                0x0000000000025c02                uipbuf_set_default_attr
                0x0000000000025c42                uipbuf_clear_attr
                0x0000000000025c69                uipbuf_set_attr_flag
                0x0000000000025c8c                uipbuf_clr_attr_flag
                0x0000000000025cb5                uipbuf_is_attr_flag
                0x0000000000025cda                uipbuf_init
 .text          0x0000000000025d1c      0x57d build/cooja/contiki-ng-cooja.a(uiplib.o)
                0x0000000000025d1c                uiplib_ip6addrconv
                0x0000000000025ef8                uiplib_ip4addrconv
                0x0000000000025fca                uiplib_ipaddr_print
                0x0000000000026030                uiplib_ipaddr_snprint
 .text          0x0000000000026299      0x66e build/cooja/contiki-ng-cooja.a(rpl.o)
                0x0000000000026299                rpl_lollipop_greater_than
                0x00000000000262fd                rpl_get_global_address
                0x000000000002649d                rpl_link_callback
                0x0000000000026507                rpl_has_joined
                0x000000000002653a                rpl_is_reachable
                0x00000000000265e0                rpl_reset_prefix
                0x0000000000026657                rpl_set_prefix_from_addr
                0x0000000000026772                rpl_set_prefix
                0x00000000000268dc                rpl_set_leaf_only
                0x00000000000268f6                rpl_get_leaf_only
 .text          0x0000000000026907       0x49 build/cooja/contiki-ng-cooja.a(watchdog.o)
                0x0000000000026907                watchdog_init
                0x0000000000026912                watchdog_start
                0x000000000002691d                watchdog_periodic
                0x000000000002693a                watchdog_stop
                0x0000000000026945                watchdog_reboot
 .text          0x0000000000026950       0x61 build/cooja/contiki-ng-cooja.a(int-master.o)
                0x0000000000026950                int_master_enable
                0x0000000000026965                int_master_read_and_disable
                0x0000000000026985                int_master_status_set
                0x000000000002699c                int_master_is_enabled
 .text          0x00000000000269b1      0x125 build/cooja/contiki-ng-cooja.a(stimer.o)
                0x00000000000269b1                stimer_set
                0x00000000000269e0                stimer_reset
                0x0000000000026a1c                stimer_restart
                0x0000000000026a3b                stimer_expired
                0x0000000000026a7d                stimer_remaining
                0x0000000000026ab5                stimer_elapsed
 .text          0x0000000000026ad6      0x21a build/cooja/contiki-ng-cooja.a(memb.o)
                0x0000000000026ad6                memb_init
                0x0000000000026b39                memb_alloc
                0x0000000000026bb3                memb_free
                0x0000000000026c46                memb_inmemb
                0x0000000000026c9d                memb_numfree
 .text          0x0000000000026cf0      0x19d build/cooja/contiki-ng-cooja.a(ringbuf.o)
                0x0000000000026cf0                ringbuf_init
                0x0000000000026d31                ringbuf_put
                0x0000000000026dc0                ringbuf_get
                0x0000000000026e3e                ringbuf_size
                0x0000000000026e5a                ringbuf_elements
 .text          0x0000000000026e8d      0x481 build/cooja/contiki-ng-cooja.a(link-stats.o)
                0x0000000000026e8d                link_stats_from_lladdr
                0x0000000000026eb5                link_stats_get_lladdr
                0x0000000000026edd                link_stats_is_fresh
                0x0000000000026f25                guess_etx_from_rssi
                0x0000000000026faa                link_stats_packet_sent
                0x000000000002710e                link_stats_input_callback
                0x0000000000027270                link_stats_reset
                0x00000000000272cc                link_stats_init
 .text          0x000000000002730e      0xcb3 build/cooja/contiki-ng-cooja.a(nbr-table.o)
                0x000000000002776c                nbr_table_count_entries
                0x000000000002780e                nbr_table_gc_get_worst
                0x0000000000027851                nbr_table_can_accept_new
                0x0000000000027a06                nbr_table_entry_is_allowed
                0x0000000000027ab3                nbr_table_register
                0x0000000000027b45                nbr_table_is_registered
                0x0000000000027b9c                nbr_table_head
                0x0000000000027c0a                nbr_table_next
                0x0000000000027c87                nbr_table_add_lladdr
                0x0000000000027de7                nbr_table_get_from_lladdr
                0x0000000000027e46                nbr_table_remove
                0x0000000000027ea0                nbr_table_lock
                0x0000000000027ed5                nbr_table_unlock
                0x0000000000027f0a                nbr_table_get_lladdr
                0x0000000000027f4d                nbr_table_clear
                0x0000000000027f8a                nbr_table_key_head
                0x0000000000027fa3                nbr_table_key_next
 .text          0x0000000000027fc1      0x1e0 build/cooja/contiki-ng-cooja.a(mac-sequence.o)
                0x0000000000027fc1                mac_sequence_is_duplicate
                0x00000000000280a2                mac_sequence_register_seqno
 .text          0x00000000000281a1      0x451 build/cooja/contiki-ng-cooja.a(framer-802154.o)
                0x000000000002833c                framer_802154_setup_params
 .text          0x00000000000285f2      0xae3 build/cooja/contiki-ng-cooja.a(csma-output.o)
                0x0000000000028dd4                csma_output_packet
                0x000000000002909d                csma_output_init
 .text          0x00000000000290d5       0x3d build/cooja/contiki-ng-cooja.a(csma-security.o)
                0x00000000000290d5                csma_security_create_frame
                0x00000000000290fb                csma_security_parse_frame
 .text          0x0000000000029112      0x8b7 build/cooja/contiki-ng-cooja.a(uip-icmp6.o)
                0x000000000002918f                uip_icmp6_input
                0x00000000000291ed                uip_icmp6_register_input_handler
                0x000000000002937f                uip_icmp6_error_output
                0x00000000000296e4                uip_icmp6_send
                0x0000000000029930                uip_icmp6_echo_reply_callback_add
                0x0000000000029977                uip_icmp6_echo_reply_callback_rm
                0x00000000000299a0                uip_icmp6_init
 .text          0x00000000000299c9      0x87f build/cooja/contiki-ng-cooja.a(uip-nd6.o)
                0x000000000002a22e                uip_nd6_init
 .text          0x000000000002a248      0x7e7 build/cooja/contiki-ng-cooja.a(uip-sr.o)
                0x000000000002a248                uip_sr_num_nodes
                0x000000000002a2f3                uip_sr_get_node
                0x000000000002a35b                uip_sr_is_addr_reachable
                0x000000000002a423                uip_sr_expire_parent
                0x000000000002a492                uip_sr_update_node
                0x000000000002a606                uip_sr_init
                0x000000000002a639                uip_sr_node_head
                0x000000000002a652                uip_sr_node_next
                0x000000000002a670                uip_sr_periodic
                0x000000000002a7ac                uip_sr_free_all
                0x000000000002a82b                uip_sr_link_snprint
 .text          0x000000000002aa2f      0x35a build/cooja/contiki-ng-cooja.a(rpl-dag-root.o)
                0x000000000002aa2f                rpl_dag_root_print_links
                0x000000000002aba4                rpl_dag_root_set_prefix
                0x000000000002abe0                rpl_dag_root_start
                0x000000000002ad49                rpl_dag_root_is_root
 .text          0x000000000002ad89     0x1219 build/cooja/contiki-ng-cooja.a(rpl-dag.o)
                0x000000000002ad89                rpl_dag_state_to_str
                0x000000000002ade7                rpl_dag_get_root_ipaddr
                0x000000000002ae31                rpl_dag_leave
                0x000000000002aedc                rpl_dag_poison_and_leave
                0x000000000002aefa                rpl_dag_periodic
                0x000000000002afbe                rpl_is_addr_in_our_dag
                0x000000000002b01a                rpl_get_default_instance
                0x000000000002b041                rpl_get_any_dag
                0x000000000002b0ae                rpl_refresh_routes
                0x000000000002b110                rpl_global_repair
                0x000000000002b1d2                rpl_local_repair
                0x000000000002b234                rpl_dag_ready_to_advertise
                0x000000000002b28c                rpl_dag_update_state
                0x000000000002bb4f                rpl_process_dio
                0x000000000002bbf1                rpl_process_dis
                0x000000000002bc45                rpl_process_dao
                0x000000000002bcee                rpl_process_dao_ack
                0x000000000002bd9e                rpl_process_hbh
                0x000000000002bdfd                rpl_dag_init_root
                0x000000000002bf7e                rpl_dag_init
 .text          0x000000000002bfa2      0xdef build/cooja/contiki-ng-cooja.a(rpl-ext-header.o)
                0x000000000002bfa2                rpl_ext_header_srh_get_next_hop
                0x000000000002c0b3                rpl_ext_header_srh_update
                0x000000000002c742                rpl_ext_header_hbh_update
                0x000000000002cae2                rpl_ext_header_update
                0x000000000002cb8c                rpl_ext_header_remove
 .text          0x000000000002cd91     0x16eb build/cooja/contiki-ng-cooja.a(rpl-icmp6.o)
                0x000000000002cf25                rpl_icmp6_update_nbr_table
                0x000000000002cfda                rpl_icmp6_dis_output
                0x000000000002d6fe                rpl_icmp6_dio_output
                0x000000000002e02e                rpl_icmp6_dao_output
                0x000000000002e39f                rpl_icmp6_dao_ack_output
                0x000000000002e435                rpl_icmp6_init
 .text          0x000000000002e47c      0x36f build/cooja/contiki-ng-cooja.a(rpl-mrhof.o)
 .text          0x000000000002e7eb       0x8c build/cooja/contiki-ng-cooja.a(rpl-nbr-policy.o)
                0x000000000002e833                rpl_nbr_gc_get_worst
 .text          0x000000000002e877      0xadd build/cooja/contiki-ng-cooja.a(rpl-neighbor.o)
                0x000000000002e90a                rpl_neighbor_snprint
                0x000000000002ec38                rpl_neighbor_print_list
                0x000000000002ed0f                rpl_neighbor_count
                0x000000000002edfa                rpl_neighbor_get_from_lladdr
                0x000000000002ee25                rpl_neighbor_is_acceptable_parent
                0x000000000002ee71                rpl_neighbor_get_link_metric
                0x000000000002eebd                rpl_neighbor_rank_via_nbr
                0x000000000002ef09                rpl_neighbor_get_lladdr
                0x000000000002ef34                rpl_neighbor_get_ipaddr
                0x000000000002ef62                rpl_neighbor_get_link_stats
                0x000000000002ef90                rpl_neighbor_is_fresh
                0x000000000002efbe                rpl_neighbor_is_parent
                0x000000000002eff7                rpl_neighbor_set_preferred_parent
                0x000000000002f0ae                rpl_neighbor_remove_all
                0x000000000002f114                rpl_neighbor_get_from_ipaddr
                0x000000000002f24d                rpl_neighbor_select_best
                0x000000000002f32d                rpl_neighbor_init
 .text          0x000000000002f354      0xd3d build/cooja/contiki-ng-cooja.a(rpl-timers.o)
                0x000000000002f354                rpl_timers_schedule_periodic_dis
                0x000000000002f50a                rpl_timers_dio_reset
                0x000000000002f68e                rpl_timers_schedule_unicast_dio
                0x000000000002f875                rpl_timers_schedule_dao
                0x000000000002f97b                rpl_timers_schedule_dao_ack
                0x000000000002fa40                rpl_timers_notify_dao_ack
                0x000000000002fab5                get_probing_delay
                0x000000000002fafc                get_probing_target
                0x000000000002fd3a                rpl_schedule_probing
                0x000000000002fd81                rpl_schedule_probing_now
                0x000000000002fe0f                rpl_timers_unschedule_leaving
                0x000000000002fe59                rpl_timers_schedule_leaving
                0x000000000002feb7                rpl_timers_init
                0x000000000002ff69                rpl_timers_stop_dag_timers
                0x000000000003000b                rpl_timers_unschedule_state_update
                0x0000000000030038                rpl_timers_schedule_state_update
 .text          0x0000000000030091       0x34 build/cooja/contiki-ng-cooja.a(assert.o)
                0x0000000000030091                _xassert
 .text          0x00000000000300c5       0x3a build/cooja/contiki-ng-cooja.a(mac.o)
                0x00000000000300c5                mac_call_sent_callback
 .text          0x00000000000300ff      0xca9 build/cooja/contiki-ng-cooja.a(frame802154.o)
                0x000000000003012d                frame802154_get_pan_id
                0x000000000003013e                frame802154_set_pan_id
                0x000000000003015a                frame802154_has_panid
                0x0000000000030339                frame802154_check_dest_panid
                0x00000000000303d7                frame802154_is_broadcast_addr
                0x000000000003042e                frame802154_extract_linkaddr
                0x00000000000306c8                frame802154_hdrlen
                0x0000000000030747                frame802154_create_fcf
                0x0000000000030819                frame802154_create
                0x00000000000309c3                frame802154_parse_fcf
                0x0000000000030aba                frame802154_parse
 .text          0x0000000000030da8        0x0 /usr/lib/gcc/x86_64-linux-gnu/11/crtendS.o
 .text          0x0000000000030da8        0x0 /usr/lib/gcc/x86_64-linux-gnu/11/../../../x86_64-linux-gnu/crtn.o
 *(.gnu.warning)

.fini           0x0000000000030da8        0xd
 *(SORT_NONE(.fini))
 .fini          0x0000000000030da8        0x8 /usr/lib/gcc/x86_64-linux-gnu/11/../../../x86_64-linux-gnu/crti.o
                0x0000000000030da8                _fini
 .fini          0x0000000000030db0        0x5 /usr/lib/gcc/x86_64-linux-gnu/11/../../../x86_64-linux-gnu/crtn.o
                [!provide]                        PROVIDE (__etext = .)
                [!provide]                        PROVIDE (_etext = .)
                [!provide]                        PROVIDE (etext = .)
                0x0000000000031000                . = ALIGN (CONSTANT (MAXPAGESIZE))
                0x0000000000031000                . = SEGMENT_START ("rodata-segment", (ALIGN (CONSTANT (MAXPAGESIZE)) + (. & (CONSTANT (MAXPAGESIZE) - 0x1))))

.rodata         0x0000000000031000      0xb15
 *(.rodata .rodata.* .gnu.linkonce.r.*)
 .rodata        0x0000000000031000       0x48 personal-mqtt.o
 .rodata        0x0000000000031048        0x6 build/cooja/contiki-ng-cooja.a(leds-arch.o)
                0x0000000000031048                leds_arch_leds
 .rodata        0x000000000003104e        0x4 build/cooja/contiki-ng-cooja.a(pir-sensor.o)
 .rodata        0x0000000000031052        0x3 build/cooja/contiki-ng-cooja.a(rs232.o)
 .rodata        0x0000000000031055        0xa build/cooja/contiki-ng-cooja.a(vib-sensor.o)
 *fill*         0x000000000003105f        0x1 
 .rodata        0x0000000000031060       0x26 build/cooja/contiki-ng-cooja.a(cfs-cooja.o)
 *fill*         0x0000000000031086        0x2 
 .rodata        0x0000000000031088       0x68 build/cooja/contiki-ng-cooja.a(cooja-radio.o)
 .rodata        0x00000000000310f0        0x8 build/cooja/contiki-ng-cooja.a(sensors.o)
 .rodata        0x00000000000310f8       0x14 build/cooja/contiki-ng-cooja.a(buttons.o)
                0x0000000000031104                button_hal_button_count
 .rodata        0x000000000003110c      0x29c build/cooja/contiki-ng-cooja.a(mqtt.o)
 .rodata        0x00000000000313a8       0xf4 build/cooja/contiki-ng-cooja.a(contiki-main.o)
 .rodata        0x000000000003149c        0xf build/cooja/contiki-ng-cooja.a(ctimer.o)
 .rodata        0x00000000000314ab        0xc build/cooja/contiki-ng-cooja.a(etimer.o)
 *fill*         0x00000000000314b7        0x1 
 .rodata        0x00000000000314b8       0xc0 build/cooja/contiki-ng-cooja.a(log.o)
 .rodata        0x0000000000031578       0x13 build/cooja/contiki-ng-cooja.a(button-hal.o)
 .rodata        0x000000000003158b        0xe build/cooja/contiki-ng-cooja.a(serial-line.o)
 *fill*         0x0000000000031599        0x7 
 .rodata        0x00000000000315a0        0x8 build/cooja/contiki-ng-cooja.a(linkaddr.o)
                0x00000000000315a0                linkaddr_null
 *fill*         0x00000000000315a8        0x8 
 .rodata        0x00000000000315b0      0x280 build/cooja/contiki-ng-cooja.a(strformat.o)
 .rodata        0x0000000000031830        0x5 build/cooja/contiki-ng-cooja.a(csma.o)
 .rodata        0x0000000000031835       0x1d build/cooja/contiki-ng-cooja.a(sicslowpan.o)
                0x0000000000031835                unc_llconf
                0x0000000000031839                unc_ctxconf
                0x000000000003183d                unc_mxconf
                0x0000000000031841                llprefix
 .rodata        0x0000000000031852       0x13 build/cooja/contiki-ng-cooja.a(tcp-socket.o)
 .rodata        0x0000000000031865        0xd build/cooja/contiki-ng-cooja.a(tcpip.o)
 *fill*         0x0000000000031872        0x6 
 .rodata        0x0000000000031878       0x4c build/cooja/contiki-ng-cooja.a(uip-ds6-route.o)
 .rodata        0x00000000000318c4       0x48 build/cooja/contiki-ng-cooja.a(uip6.o)
 .rodata        0x000000000003190c       0x2d build/cooja/contiki-ng-cooja.a(uiplib.o)
 .rodata        0x0000000000031939        0x9 build/cooja/contiki-ng-cooja.a(rpl.o)
 *fill*         0x0000000000031942        0x6 
 .rodata        0x0000000000031948       0x24 build/cooja/contiki-ng-cooja.a(csma-output.o)
 .rodata        0x000000000003196c       0x44 build/cooja/contiki-ng-cooja.a(uip-sr.o)
 .rodata        0x00000000000319b0       0xd7 build/cooja/contiki-ng-cooja.a(rpl-dag.o)
 *fill*         0x0000000000031a87        0x1 
 .rodata        0x0000000000031a88       0x58 build/cooja/contiki-ng-cooja.a(rpl-neighbor.o)
 .rodata        0x0000000000031ae0        0xc build/cooja/contiki-ng-cooja.a(rpl-timers.o)
 *fill*         0x0000000000031aec        0x4 
 .rodata        0x0000000000031af0       0x25 build/cooja/contiki-ng-cooja.a(assert.o)

.rodata1
 *(.rodata1)

.eh_frame_hdr   0x0000000000031b18     0x18ec
 *(.eh_frame_hdr)
 .eh_frame_hdr  0x0000000000031b18     0x18ec personal-mqtt.o
                0x0000000000031b18                __GNU_EH_FRAME_HDR
 *(.eh_frame_entry .eh_frame_entry.*)

.eh_frame       0x0000000000033408     0x6410
 *(.eh_frame)
 .eh_frame      0x0000000000033408       0x40 /usr/lib/gcc/x86_64-linux-gnu/11/../../../x86_64-linux-gnu/crti.o
 .eh_frame      0x0000000000033448       0x18 /usr/lib/gcc/x86_64-linux-gnu/11/../../../x86_64-linux-gnu/crti.o
                                         0x30 (size before relaxing)
 .eh_frame      0x0000000000033460       0x18 /usr/lib/gcc/x86_64-linux-gnu/11/../../../x86_64-linux-gnu/crti.o
                                         0x30 (size before relaxing)
 .eh_frame      0x0000000000033478       0xc0 personal-mqtt.o
                                         0xd8 (size before relaxing)
 .eh_frame      0x0000000000033538      0x198 build/cooja/mtype360910060.o
                                        0x1b0 (size before relaxing)
 .eh_frame      0x00000000000336d0       0x40 build/cooja/contiki-ng-cooja.a(simEnvChange.o)
                                         0x58 (size before relaxing)
 .eh_frame      0x0000000000033710       0x60 build/cooja/contiki-ng-cooja.a(cooja_mt.o)
                                         0x78 (size before relaxing)
 .eh_frame      0x0000000000033770       0x80 build/cooja/contiki-ng-cooja.a(cooja_mtarch.o)
                                         0x98 (size before relaxing)
 .eh_frame      0x00000000000337f0       0xc0 build/cooja/contiki-ng-cooja.a(rtimer-arch.o)
                                         0xd8 (size before relaxing)
 .eh_frame      0x00000000000338b0      0x160 build/cooja/contiki-ng-cooja.a(beep.o)
                                        0x178 (size before relaxing)
 .eh_frame      0x0000000000033a10       0x80 build/cooja/contiki-ng-cooja.a(leds-arch.o)
                                         0x98 (size before relaxing)
 .eh_frame      0x0000000000033a90       0x40 build/cooja/contiki-ng-cooja.a(moteid.o)
                                         0x58 (size before relaxing)
 .eh_frame      0x0000000000033ad0       0xa0 build/cooja/contiki-ng-cooja.a(pir-sensor.o)
                                         0xb8 (size before relaxing)
 .eh_frame      0x0000000000033b70      0x100 build/cooja/contiki-ng-cooja.a(rs232.o)
                                        0x118 (size before relaxing)
 .eh_frame      0x0000000000033c70       0xa0 build/cooja/contiki-ng-cooja.a(vib-sensor.o)
                                         0xb8 (size before relaxing)
 .eh_frame      0x0000000000033d10       0xc0 build/cooja/contiki-ng-cooja.a(clock.o)
                                         0xd8 (size before relaxing)
 .eh_frame      0x0000000000033dd0      0x100 build/cooja/contiki-ng-cooja.a(cooja-log.o)
                                        0x118 (size before relaxing)
 .eh_frame      0x0000000000033ed0      0x160 build/cooja/contiki-ng-cooja.a(cfs-cooja.o)
                                        0x178 (size before relaxing)
 .eh_frame      0x0000000000034030      0x360 build/cooja/contiki-ng-cooja.a(cooja-radio.o)
                                        0x378 (size before relaxing)
 .eh_frame      0x0000000000034390       0xa0 build/cooja/contiki-ng-cooja.a(eeprom.o)
                                         0xb8 (size before relaxing)
 .eh_frame      0x0000000000034430       0x40 build/cooja/contiki-ng-cooja.a(random.o)
                                         0x58 (size before relaxing)
 .eh_frame      0x0000000000034470       0xc0 build/cooja/contiki-ng-cooja.a(sensors.o)
                                         0xd8 (size before relaxing)
 .eh_frame      0x0000000000034530      0x120 build/cooja/contiki-ng-cooja.a(leds.o)
                                        0x138 (size before relaxing)
 .eh_frame      0x0000000000034650      0x220 build/cooja/contiki-ng-cooja.a(gpio-hal-arch.o)
                                        0x238 (size before relaxing)
 .eh_frame      0x0000000000034870       0xa0 build/cooja/contiki-ng-cooja.a(buttons.o)
                                         0xb8 (size before relaxing)
 .eh_frame      0x0000000000034910      0x4e0 build/cooja/contiki-ng-cooja.a(mqtt.o)
                                        0x4f8 (size before relaxing)
 .eh_frame      0x0000000000034df0       0x20 build/cooja/contiki-ng-cooja.a(contiki-main.o)
                                         0x38 (size before relaxing)
 .eh_frame      0x0000000000034e10       0x40 build/cooja/contiki-ng-cooja.a(autostart.o)
                                         0x58 (size before relaxing)
 .eh_frame      0x0000000000034e50      0x100 build/cooja/contiki-ng-cooja.a(ctimer.o)
                                        0x118 (size before relaxing)
 .eh_frame      0x0000000000034f50       0x60 build/cooja/contiki-ng-cooja.a(energest.o)
                                         0x78 (size before relaxing)
 .eh_frame      0x0000000000034fb0      0x1e0 build/cooja/contiki-ng-cooja.a(etimer.o)
                                        0x1f8 (size before relaxing)
 .eh_frame      0x0000000000035190      0x120 build/cooja/contiki-ng-cooja.a(log.o)
                                        0x138 (size before relaxing)
 .eh_frame      0x00000000000352b0       0x20 build/cooja/contiki-ng-cooja.a(node-id.o)
                                         0x38 (size before relaxing)
 .eh_frame      0x00000000000352d0      0x1c8 build/cooja/contiki-ng-cooja.a(process.o)
                                        0x1e0 (size before relaxing)
 .eh_frame      0x0000000000035498       0x60 build/cooja/contiki-ng-cooja.a(rtimer.o)
                                         0x78 (size before relaxing)
 .eh_frame      0x00000000000354f8       0xa0 build/cooja/contiki-ng-cooja.a(timer.o)
                                         0xb8 (size before relaxing)
 .eh_frame      0x0000000000035598      0x1a0 build/cooja/contiki-ng-cooja.a(list.o)
                                        0x1b8 (size before relaxing)
 .eh_frame      0x0000000000035738      0x160 build/cooja/contiki-ng-cooja.a(button-hal.o)
                                        0x178 (size before relaxing)
 .eh_frame      0x0000000000035898       0xe0 build/cooja/contiki-ng-cooja.a(gpio-hal.o)
                                         0xf8 (size before relaxing)
 .eh_frame      0x0000000000035978       0x60 build/cooja/contiki-ng-cooja.a(serial-line.o)
                                         0x78 (size before relaxing)
 .eh_frame      0x00000000000359d8       0x60 build/cooja/contiki-ng-cooja.a(linkaddr.o)
                                         0x78 (size before relaxing)
 .eh_frame      0x0000000000035a38       0x80 build/cooja/contiki-ng-cooja.a(netstack.o)
                                         0x98 (size before relaxing)
 .eh_frame      0x0000000000035ab8      0x288 build/cooja/contiki-ng-cooja.a(packetbuf.o)
                                        0x2a0 (size before relaxing)
 .eh_frame      0x0000000000035d40      0x1a0 build/cooja/contiki-ng-cooja.a(queuebuf.o)
                                        0x1b8 (size before relaxing)
 .eh_frame      0x0000000000035ee0       0x40 build/cooja/contiki-ng-cooja.a(printf.o)
                                         0x58 (size before relaxing)
 .eh_frame      0x0000000000035f20       0x20 build/cooja/contiki-ng-cooja.a(putchar.o)
                                         0x38 (size before relaxing)
 .eh_frame      0x0000000000035f40       0x20 build/cooja/contiki-ng-cooja.a(puts.o)
                                         0x38 (size before relaxing)
 .eh_frame      0x0000000000035f60       0x60 build/cooja/contiki-ng-cooja.a(snprintf.o)
                                         0x78 (size before relaxing)
 .eh_frame      0x0000000000035fc0      0x120 build/cooja/contiki-ng-cooja.a(strformat.o)
                                        0x138 (size before relaxing)
 .eh_frame      0x00000000000360e0       0xe0 build/cooja/contiki-ng-cooja.a(csma.o)
                                         0xf8 (size before relaxing)
 .eh_frame      0x00000000000361c0      0x2e0 build/cooja/contiki-ng-cooja.a(sicslowpan.o)
                                        0x2f8 (size before relaxing)
 .eh_frame      0x00000000000364a0      0x248 build/cooja/contiki-ng-cooja.a(tcp-socket.o)
                                        0x260 (size before relaxing)
 .eh_frame      0x00000000000366e8      0x308 build/cooja/contiki-ng-cooja.a(tcpip.o)
                                        0x320 (size before relaxing)
 .eh_frame      0x00000000000369f0      0x1c0 build/cooja/contiki-ng-cooja.a(uip-ds6-nbr.o)
                                        0x1d8 (size before relaxing)
 .eh_frame      0x0000000000036bb0      0x240 build/cooja/contiki-ng-cooja.a(uip-ds6-route.o)
                                        0x258 (size before relaxing)
 .eh_frame      0x0000000000036df0      0x328 build/cooja/contiki-ng-cooja.a(uip-ds6.o)
                                        0x340 (size before relaxing)
 .eh_frame      0x0000000000037118       0xe0 build/cooja/contiki-ng-cooja.a(uip-packetqueue.o)
                                         0xf8 (size before relaxing)
 .eh_frame      0x00000000000371f8      0x2b0 build/cooja/contiki-ng-cooja.a(uip6.o)
                                        0x2c8 (size before relaxing)
 .eh_frame      0x00000000000374a8      0x200 build/cooja/contiki-ng-cooja.a(uipbuf.o)
                                        0x218 (size before relaxing)
 .eh_frame      0x00000000000376a8       0x80 build/cooja/contiki-ng-cooja.a(uiplib.o)
                                         0x98 (size before relaxing)
 .eh_frame      0x0000000000037728      0x1e0 build/cooja/contiki-ng-cooja.a(rpl.o)
                                        0x1f8 (size before relaxing)
 .eh_frame      0x0000000000037908       0xa0 build/cooja/contiki-ng-cooja.a(watchdog.o)
                                         0xb8 (size before relaxing)
 .eh_frame      0x00000000000379a8       0x80 build/cooja/contiki-ng-cooja.a(int-master.o)
                                         0x98 (size before relaxing)
 .eh_frame      0x0000000000037a28       0xc0 build/cooja/contiki-ng-cooja.a(stimer.o)
                                         0xd8 (size before relaxing)
 .eh_frame      0x0000000000037ae8       0xa0 build/cooja/contiki-ng-cooja.a(memb.o)
                                         0xb8 (size before relaxing)
 .eh_frame      0x0000000000037b88       0xa0 build/cooja/contiki-ng-cooja.a(ringbuf.o)
                                         0xb8 (size before relaxing)
 .eh_frame      0x0000000000037c28      0x120 build/cooja/contiki-ng-cooja.a(link-stats.o)
                                        0x138 (size before relaxing)
 .eh_frame      0x0000000000037d48      0x3e0 build/cooja/contiki-ng-cooja.a(nbr-table.o)
                                        0x3f8 (size before relaxing)
 .eh_frame      0x0000000000038128       0x48 build/cooja/contiki-ng-cooja.a(mac-sequence.o)
                                         0x60 (size before relaxing)
 .eh_frame      0x0000000000038170       0xa8 build/cooja/contiki-ng-cooja.a(framer-802154.o)
                                         0xc0 (size before relaxing)
 .eh_frame      0x0000000000038218      0x1c8 build/cooja/contiki-ng-cooja.a(csma-output.o)
                                        0x1e0 (size before relaxing)
 .eh_frame      0x00000000000383e0       0x40 build/cooja/contiki-ng-cooja.a(csma-security.o)
                                         0x58 (size before relaxing)
 .eh_frame      0x0000000000038420      0x148 build/cooja/contiki-ng-cooja.a(uip-icmp6.o)
                                        0x160 (size before relaxing)
 .eh_frame      0x0000000000038568       0x80 build/cooja/contiki-ng-cooja.a(uip-nd6.o)
                                         0x98 (size before relaxing)
 .eh_frame      0x00000000000385e8      0x180 build/cooja/contiki-ng-cooja.a(uip-sr.o)
                                        0x198 (size before relaxing)
 .eh_frame      0x0000000000038768       0xa0 build/cooja/contiki-ng-cooja.a(rpl-dag-root.o)
                                         0xb8 (size before relaxing)
 .eh_frame      0x0000000000038808      0x360 build/cooja/contiki-ng-cooja.a(rpl-dag.o)
                                        0x378 (size before relaxing)
 .eh_frame      0x0000000000038b68      0x128 build/cooja/contiki-ng-cooja.a(rpl-ext-header.o)
                                        0x140 (size before relaxing)
 .eh_frame      0x0000000000038c90      0x1c0 build/cooja/contiki-ng-cooja.a(rpl-icmp6.o)
                                        0x1d8 (size before relaxing)
 .eh_frame      0x0000000000038e50      0x148 build/cooja/contiki-ng-cooja.a(rpl-mrhof.o)
                                        0x160 (size before relaxing)
 .eh_frame      0x0000000000038f98       0x40 build/cooja/contiki-ng-cooja.a(rpl-nbr-policy.o)
                                         0x58 (size before relaxing)
 .eh_frame      0x0000000000038fd8      0x2b0 build/cooja/contiki-ng-cooja.a(rpl-neighbor.o)
                                        0x2c8 (size before relaxing)
 .eh_frame      0x0000000000039288      0x3a8 build/cooja/contiki-ng-cooja.a(rpl-timers.o)
                                        0x3c0 (size before relaxing)
 .eh_frame      0x0000000000039630       0x20 build/cooja/contiki-ng-cooja.a(assert.o)
                                         0x38 (size before relaxing)
 .eh_frame      0x0000000000039650       0x20 build/cooja/contiki-ng-cooja.a(mac.o)
                                         0x38 (size before relaxing)
 .eh_frame      0x0000000000039670      0x1a4 build/cooja/contiki-ng-cooja.a(frame802154.o)
                                        0x1c0 (size before relaxing)
 .eh_frame      0x0000000000039814        0x4 /usr/lib/gcc/x86_64-linux-gnu/11/crtendS.o
 *(.eh_frame.*)

.gcc_except_table
 *(.gcc_except_table .gcc_except_table.*)

.gnu_extab
 *(.gnu_extab*)

.exception_ranges
 *(.exception_ranges*)
                0x000000000003b6f0                . = DATA_SEGMENT_ALIGN (CONSTANT (MAXPAGESIZE), CONSTANT (COMMONPAGESIZE))

.eh_frame
 *(.eh_frame)
 *(.eh_frame.*)

.gnu_extab
 *(.gnu_extab)

.gcc_except_table
 *(.gcc_except_table .gcc_except_table.*)

.exception_ranges
 *(.exception_ranges*)

.tdata
 *(.tdata .tdata.* .gnu.linkonce.td.*)

.tbss
 *(.tbss .tbss.* .gnu.linkonce.tb.*)
 *(.tcommon)

.preinit_array
 *(.preinit_array)

.init_array     0x000000000003b6f0        0x8
 *(SORT_BY_INIT_PRIORITY(.init_array.*) SORT_BY_INIT_PRIORITY(.ctors.*))
 *(.init_array EXCLUDE_FILE(*crtend?.o *crtend.o *crtbegin?.o *crtbegin.o) .ctors)
 .init_array    0x000000000003b6f0        0x8 /usr/lib/gcc/x86_64-linux-gnu/11/crtbeginS.o

.fini_array     0x000000000003b6f8        0x8
 *(SORT_BY_INIT_PRIORITY(.fini_array.*) SORT_BY_INIT_PRIORITY(.dtors.*))
 *(.fini_array EXCLUDE_FILE(*crtend?.o *crtend.o *crtbegin?.o *crtbegin.o) .dtors)
 .fini_array    0x000000000003b6f8        0x8 /usr/lib/gcc/x86_64-linux-gnu/11/crtbeginS.o

.ctors
 *crtbegin.o(.ctors)
 *crtbegin?.o(.ctors)
 *(EXCLUDE_FILE(*crtend?.o *crtend.o) .ctors)
 *(SORT_BY_NAME(.ctors.*))
 *(.ctors)

.dtors
 *crtbegin.o(.dtors)
 *crtbegin?.o(.dtors)
 *(EXCLUDE_FILE(*crtend?.o *crtend.o) .dtors)
 *(SORT_BY_NAME(.dtors.*))
 *(.dtors)

.jcr
 *(.jcr)

.data.rel.ro    0x000000000003b700      0x350
 *(.data.rel.ro.local* .gnu.linkonce.d.rel.ro.local.*)
 .data.rel.ro.local
                0x000000000003b700       0x10 build/cooja/contiki-ng-cooja.a(beep.o)
                0x000000000003b700                beep_interface
 .data.rel.ro.local
                0x000000000003b710       0x10 build/cooja/contiki-ng-cooja.a(leds-arch.o)
                0x000000000003b710                leds_interface
 .data.rel.ro.local
                0x000000000003b720       0x10 build/cooja/contiki-ng-cooja.a(moteid.o)
                0x000000000003b720                moteid_interface
 *fill*         0x000000000003b730       0x10 
 .data.rel.ro.local
                0x000000000003b740       0x40 build/cooja/contiki-ng-cooja.a(pir-sensor.o)
                0x000000000003b740                pir_interface
                0x000000000003b760                pir_sensor
 .data.rel.ro.local
                0x000000000003b780       0x10 build/cooja/contiki-ng-cooja.a(rs232.o)
                0x000000000003b780                rs232_interface
 *fill*         0x000000000003b790       0x10 
 .data.rel.ro.local
                0x000000000003b7a0       0x40 build/cooja/contiki-ng-cooja.a(vib-sensor.o)
                0x000000000003b7a0                vib_interface
                0x000000000003b7c0                vib_sensor
 .data.rel.ro.local
                0x000000000003b7e0       0x10 build/cooja/contiki-ng-cooja.a(clock.o)
                0x000000000003b7e0                clock_interface
 .data.rel.ro.local
                0x000000000003b7f0       0x10 build/cooja/contiki-ng-cooja.a(cooja-log.o)
                0x000000000003b7f0                simlog_interface
 .data.rel.ro.local
                0x000000000003b800       0x10 build/cooja/contiki-ng-cooja.a(cfs-cooja.o)
                0x000000000003b800                cfs_interface
 *fill*         0x000000000003b810       0x10 
 .data.rel.ro.local
                0x000000000003b820       0x90 build/cooja/contiki-ng-cooja.a(cooja-radio.o)
                0x000000000003b820                radio_interface
                0x000000000003b840                cooja_radio_driver
 .data.rel.ro.local
                0x000000000003b8b0       0x10 build/cooja/contiki-ng-cooja.a(eeprom.o)
                0x000000000003b8b0                eeprom_interface
 .data.rel.ro.local
                0x000000000003b8c0       0x40 build/cooja/contiki-ng-cooja.a(buttons.o)
                0x000000000003b8c0                button_interface
                0x000000000003b8e0                button_sensor
 .data.rel.ro.local
                0x000000000003b900       0x38 build/cooja/contiki-ng-cooja.a(csma.o)
                0x000000000003b900                csma_driver
 *fill*         0x000000000003b938        0x8 
 .data.rel.ro.local
                0x000000000003b940       0x18 build/cooja/contiki-ng-cooja.a(framer-802154.o)
                0x000000000003b940                framer_802154
 *(.data.rel.ro .data.rel.ro.* .gnu.linkonce.d.rel.ro.*)
 .data.rel.ro   0x000000000003b958        0x0 /usr/lib/gcc/x86_64-linux-gnu/11/../../../x86_64-linux-gnu/crti.o
 *fill*         0x000000000003b958        0x8 
 .data.rel.ro   0x000000000003b960       0x10 personal-mqtt.o
                0x000000000003b960                autostart_processes
 *fill*         0x000000000003b970       0x10 
 .data.rel.ro   0x000000000003b980       0x20 build/cooja/contiki-ng-cooja.a(sicslowpan.o)
                0x000000000003b980                sicslowpan_driver
 .data.rel.ro   0x000000000003b9a0       0xa8 build/cooja/contiki-ng-cooja.a(rpl.o)
                0x000000000003b9a0                rpl_lite_driver
 .data.rel.ro   0x000000000003ba48        0x8 build/cooja/contiki-ng-cooja.a(rpl-dag.o)

.dynamic        0x000000000003ba50      0x1c0
 *(.dynamic)
 .dynamic       0x000000000003ba50      0x1c0 /usr/lib/gcc/x86_64-linux-gnu/11/../../../x86_64-linux-gnu/crti.o
                0x000000000003ba50                _DYNAMIC

.got            0x000000000003bc10      0x3f0
 *(.got)
 .got           0x000000000003bc10      0x3f0 /usr/lib/gcc/x86_64-linux-gnu/11/../../../x86_64-linux-gnu/crti.o
 *(.igot)
                0x000000000003cfe8                . = DATA_SEGMENT_RELRO_END (., (SIZEOF (.got.plt) >= 0x18)?0x18:0x0)

.got.plt        0x000000000003c000      0xba0
 *(.got.plt)
 .got.plt       0x000000000003c000      0xba0 /usr/lib/gcc/x86_64-linux-gnu/11/../../../x86_64-linux-gnu/crti.o
                0x000000000003c000                _GLOBAL_OFFSET_TABLE_
 *(.igot.plt)

.data           0x000000000003cba0      0x7f2
 *(.data .data.* .gnu.linkonce.d.*)
 .data          0x000000000003cba0        0x0 /usr/lib/gcc/x86_64-linux-gnu/11/../../../x86_64-linux-gnu/crti.o
 .data          0x000000000003cba0        0x0 /usr/lib/gcc/x86_64-linux-gnu/11/crtbeginS.o
 .data.rel.local
                0x000000000003cba0        0x8 /usr/lib/gcc/x86_64-linux-gnu/11/crtbeginS.o
                0x000000000003cba0                __dso_handle
 .data          0x000000000003cba8        0x0 personal-mqtt.o
 *fill*         0x000000000003cba8       0x18 
 .data.rel.local
                0x000000000003cbc0       0x20 personal-mqtt.o
                0x000000000003cbc0                mqtt_client_process
 .data          0x000000000003cbe0        0x0 build/cooja/mtype360910060.o
 .data.rel      0x000000000003cbe0       0xa0 build/cooja/mtype360910060.o
                0x000000000003cbe0                simInterfaces
                0x000000000003cc60                sensors
 .data          0x000000000003cc80        0x0 build/cooja/contiki-ng-cooja.a(simEnvChange.o)
 .data          0x000000000003cc80        0x0 build/cooja/contiki-ng-cooja.a(cooja_mt.o)
 .data          0x000000000003cc80        0x0 build/cooja/contiki-ng-cooja.a(cooja_mtarch.o)
 .data          0x000000000003cc80        0x0 build/cooja/contiki-ng-cooja.a(rtimer-arch.o)
 .data          0x000000000003cc80        0x0 build/cooja/contiki-ng-cooja.a(beep.o)
 .data          0x000000000003cc80        0x0 build/cooja/contiki-ng-cooja.a(leds-arch.o)
 .data          0x000000000003cc80        0x0 build/cooja/contiki-ng-cooja.a(moteid.o)
 .data          0x000000000003cc80        0x0 build/cooja/contiki-ng-cooja.a(pir-sensor.o)
 .data          0x000000000003cc80        0x0 build/cooja/contiki-ng-cooja.a(rs232.o)
 .data          0x000000000003cc80        0x0 build/cooja/contiki-ng-cooja.a(vib-sensor.o)
 .data          0x000000000003cc80        0x0 build/cooja/contiki-ng-cooja.a(clock.o)
 .data          0x000000000003cc80        0x0 build/cooja/contiki-ng-cooja.a(cooja-log.o)
 .data          0x000000000003cc80        0x0 build/cooja/contiki-ng-cooja.a(cfs-cooja.o)
 .data          0x000000000003cc80       0x20 build/cooja/contiki-ng-cooja.a(cooja-radio.o)
                0x000000000003cc80                simRadioHWOn
                0x000000000003cc84                simSignalStrength
                0x000000000003cc88                simLastSignalStrength
                0x000000000003cc8c                simPower
                0x000000000003cc90                simRadioChannel
                0x000000000003cc94                simLQI
                0x000000000003cc98                simLastLQI
 .data.rel.local
                0x000000000003cca0       0x20 build/cooja/contiki-ng-cooja.a(cooja-radio.o)
                0x000000000003cca0                cooja_radio_process
 .data          0x000000000003ccc0        0x0 build/cooja/contiki-ng-cooja.a(eeprom.o)
 .data          0x000000000003ccc0        0x0 build/cooja/contiki-ng-cooja.a(random.o)
 .data          0x000000000003ccc0        0x0 build/cooja/contiki-ng-cooja.a(sensors.o)
 .data.rel.local
                0x000000000003ccc0       0x20 build/cooja/contiki-ng-cooja.a(sensors.o)
                0x000000000003ccc0                sensors_process
 .data          0x000000000003cce0        0x0 build/cooja/contiki-ng-cooja.a(leds.o)
 .data          0x000000000003cce0        0x0 build/cooja/contiki-ng-cooja.a(gpio-hal-arch.o)
 .data          0x000000000003cce0        0x1 build/cooja/contiki-ng-cooja.a(buttons.o)
                0x000000000003cce0                simButtonIsActive
 *fill*         0x000000000003cce1       0x1f 
 .data.rel.local
                0x000000000003cd00       0xb0 build/cooja/contiki-ng-cooja.a(buttons.o)
                0x000000000003cda0                button_hal_buttons
 .data          0x000000000003cdb0        0x0 build/cooja/contiki-ng-cooja.a(mqtt.o)
 *fill*         0x000000000003cdb0       0x10 
 .data.rel.local
                0x000000000003cdc0       0x40 build/cooja/contiki-ng-cooja.a(mqtt.o)
                0x000000000003cde0                mqtt_process
 .data          0x000000000003ce00        0x0 build/cooja/contiki-ng-cooja.a(contiki-main.o)
 .data          0x000000000003ce00        0x0 build/cooja/contiki-ng-cooja.a(autostart.o)
 .data          0x000000000003ce00        0x0 build/cooja/contiki-ng-cooja.a(ctimer.o)
 .data.rel.local
                0x000000000003ce00       0x40 build/cooja/contiki-ng-cooja.a(ctimer.o)
                0x000000000003ce20                ctimer_process
 .data          0x000000000003ce40        0x0 build/cooja/contiki-ng-cooja.a(energest.o)
 .data          0x000000000003ce40        0x0 build/cooja/contiki-ng-cooja.a(etimer.o)
 .data.rel.local
                0x000000000003ce40       0x20 build/cooja/contiki-ng-cooja.a(etimer.o)
                0x000000000003ce40                etimer_process
 .data          0x000000000003ce60        0x4 build/cooja/contiki-ng-cooja.a(log.o)
                0x000000000003ce60                curr_log_level_main
 *fill*         0x000000000003ce64       0x1c 
 .data.rel      0x000000000003ce80      0x138 build/cooja/contiki-ng-cooja.a(log.o)
                0x000000000003ce80                all_modules
 .data          0x000000000003cfb8        0x0 build/cooja/contiki-ng-cooja.a(node-id.o)
 .data          0x000000000003cfb8        0x0 build/cooja/contiki-ng-cooja.a(process.o)
 .data          0x000000000003cfb8        0x0 build/cooja/contiki-ng-cooja.a(rtimer.o)
 .data          0x000000000003cfb8        0x0 build/cooja/contiki-ng-cooja.a(timer.o)
 .data          0x000000000003cfb8        0x0 build/cooja/contiki-ng-cooja.a(list.o)
 .data          0x000000000003cfb8        0x0 build/cooja/contiki-ng-cooja.a(button-hal.o)
 *fill*         0x000000000003cfb8        0x8 
 .data.rel.local
                0x000000000003cfc0       0x20 build/cooja/contiki-ng-cooja.a(button-hal.o)
                0x000000000003cfc0                button_hal_process
 .data          0x000000000003cfe0        0x0 build/cooja/contiki-ng-cooja.a(gpio-hal.o)
 .data.rel.local
                0x000000000003cfe0        0x8 build/cooja/contiki-ng-cooja.a(gpio-hal.o)
 .data          0x000000000003cfe8        0x0 build/cooja/contiki-ng-cooja.a(serial-line.o)
 *fill*         0x000000000003cfe8       0x18 
 .data.rel.local
                0x000000000003d000       0x20 build/cooja/contiki-ng-cooja.a(serial-line.o)
                0x000000000003d000                serial_line_process
 .data          0x000000000003d020        0x0 build/cooja/contiki-ng-cooja.a(linkaddr.o)
 .data          0x000000000003d020        0x0 build/cooja/contiki-ng-cooja.a(netstack.o)
 .data.rel.local
                0x000000000003d020        0x8 build/cooja/contiki-ng-cooja.a(netstack.o)
 .data          0x000000000003d028        0x0 build/cooja/contiki-ng-cooja.a(packetbuf.o)
 .data.rel.local
                0x000000000003d028        0x8 build/cooja/contiki-ng-cooja.a(packetbuf.o)
 .data          0x000000000003d030        0x0 build/cooja/contiki-ng-cooja.a(queuebuf.o)
 .data.rel.local
                0x000000000003d030       0x38 build/cooja/contiki-ng-cooja.a(queuebuf.o)
 .data          0x000000000003d068        0x0 build/cooja/contiki-ng-cooja.a(printf.o)
 *fill*         0x000000000003d068        0x8 
 .data.rel.local
                0x000000000003d070       0x10 build/cooja/contiki-ng-cooja.a(printf.o)
 .data          0x000000000003d080        0x0 build/cooja/contiki-ng-cooja.a(putchar.o)
 .data          0x000000000003d080        0x0 build/cooja/contiki-ng-cooja.a(puts.o)
 .data          0x000000000003d080        0x0 build/cooja/contiki-ng-cooja.a(snprintf.o)
 .data          0x000000000003d080        0x0 build/cooja/contiki-ng-cooja.a(strformat.o)
 .data          0x000000000003d080        0x0 build/cooja/contiki-ng-cooja.a(csma.o)
 .data          0x000000000003d080        0x0 build/cooja/contiki-ng-cooja.a(sicslowpan.o)
 .data          0x000000000003d080        0x0 build/cooja/contiki-ng-cooja.a(tcp-socket.o)
 .data.rel.local
                0x000000000003d080       0x40 build/cooja/contiki-ng-cooja.a(tcp-socket.o)
                0x000000000003d0a0                tcp_socket_process
 .data          0x000000000003d0c0        0x0 build/cooja/contiki-ng-cooja.a(tcpip.o)
 .data.rel.local
                0x000000000003d0c0       0x20 build/cooja/contiki-ng-cooja.a(tcpip.o)
                0x000000000003d0c0                tcpip_process
 .data          0x000000000003d0e0        0x0 build/cooja/contiki-ng-cooja.a(uip-ds6-nbr.o)
 .data.rel.local
                0x000000000003d0e0       0x20 build/cooja/contiki-ng-cooja.a(uip-ds6-nbr.o)
 .data          0x000000000003d100        0x0 build/cooja/contiki-ng-cooja.a(uip-ds6-route.o)
 .data.rel.local
                0x000000000003d100       0x28 build/cooja/contiki-ng-cooja.a(uip-ds6-route.o)
 .data          0x000000000003d128        0x0 build/cooja/contiki-ng-cooja.a(uip-ds6.o)
 .data          0x000000000003d128        0x0 build/cooja/contiki-ng-cooja.a(uip-packetqueue.o)
 *fill*         0x000000000003d128        0x8 
 .data.rel.local
                0x000000000003d130       0x18 build/cooja/contiki-ng-cooja.a(uip-packetqueue.o)
 .data          0x000000000003d148        0x0 build/cooja/contiki-ng-cooja.a(uip6.o)
 .data          0x000000000003d148        0x0 build/cooja/contiki-ng-cooja.a(uipbuf.o)
 .data          0x000000000003d148        0x0 build/cooja/contiki-ng-cooja.a(uiplib.o)
 .data          0x000000000003d148        0x0 build/cooja/contiki-ng-cooja.a(rpl.o)
 .data          0x000000000003d148        0x0 build/cooja/contiki-ng-cooja.a(watchdog.o)
 .data          0x000000000003d148        0x0 build/cooja/contiki-ng-cooja.a(int-master.o)
 .data          0x000000000003d148        0x0 build/cooja/contiki-ng-cooja.a(stimer.o)
 .data          0x000000000003d148        0x0 build/cooja/contiki-ng-cooja.a(memb.o)
 .data          0x000000000003d148        0x0 build/cooja/contiki-ng-cooja.a(ringbuf.o)
 .data          0x000000000003d148        0x0 build/cooja/contiki-ng-cooja.a(link-stats.o)
 *fill*         0x000000000003d148        0x8 
 .data.rel.local
                0x000000000003d150       0x20 build/cooja/contiki-ng-cooja.a(link-stats.o)
 .data          0x000000000003d170        0x0 build/cooja/contiki-ng-cooja.a(nbr-table.o)
 .data.rel.local
                0x000000000003d170       0x20 build/cooja/contiki-ng-cooja.a(nbr-table.o)
 .data          0x000000000003d190        0x0 build/cooja/contiki-ng-cooja.a(mac-sequence.o)
 .data          0x000000000003d190        0x0 build/cooja/contiki-ng-cooja.a(framer-802154.o)
 .data          0x000000000003d190        0x0 build/cooja/contiki-ng-cooja.a(csma-output.o)
 .data.rel.local
                0x000000000003d190       0x60 build/cooja/contiki-ng-cooja.a(csma-output.o)
 .data          0x000000000003d1f0        0x0 build/cooja/contiki-ng-cooja.a(csma-security.o)
 .data          0x000000000003d1f0        0x0 build/cooja/contiki-ng-cooja.a(uip-icmp6.o)
 .data.rel.local
                0x000000000003d1f0       0x48 build/cooja/contiki-ng-cooja.a(uip-icmp6.o)
 .data          0x000000000003d238        0x0 build/cooja/contiki-ng-cooja.a(uip-nd6.o)
 *fill*         0x000000000003d238        0x8 
 .data.rel.local
                0x000000000003d240       0x18 build/cooja/contiki-ng-cooja.a(uip-nd6.o)
 .data          0x000000000003d258        0x0 build/cooja/contiki-ng-cooja.a(uip-sr.o)
 *fill*         0x000000000003d258        0x8 
 .data.rel.local
                0x000000000003d260       0x28 build/cooja/contiki-ng-cooja.a(uip-sr.o)
 .data          0x000000000003d288        0x0 build/cooja/contiki-ng-cooja.a(rpl-dag-root.o)
 .data          0x000000000003d288        0x0 build/cooja/contiki-ng-cooja.a(rpl-dag.o)
 .data          0x000000000003d288        0x0 build/cooja/contiki-ng-cooja.a(rpl-ext-header.o)
 .data          0x000000000003d288        0x0 build/cooja/contiki-ng-cooja.a(rpl-icmp6.o)
 *fill*         0x000000000003d288        0x8 
 .data.rel.local
                0x000000000003d290       0x78 build/cooja/contiki-ng-cooja.a(rpl-icmp6.o)
 .data          0x000000000003d308        0x0 build/cooja/contiki-ng-cooja.a(rpl-mrhof.o)
 *fill*         0x000000000003d308       0x18 
 .data.rel.local
                0x000000000003d320       0x48 build/cooja/contiki-ng-cooja.a(rpl-mrhof.o)
                0x000000000003d320                rpl_mrhof
 .data          0x000000000003d368        0x0 build/cooja/contiki-ng-cooja.a(rpl-nbr-policy.o)
 .data          0x000000000003d368        0x0 build/cooja/contiki-ng-cooja.a(rpl-neighbor.o)
 *fill*         0x000000000003d368        0x8 
 .data.rel.local
                0x000000000003d370       0x20 build/cooja/contiki-ng-cooja.a(rpl-neighbor.o)
                0x000000000003d388                rpl_neighbors
 .data          0x000000000003d390        0x0 build/cooja/contiki-ng-cooja.a(rpl-timers.o)
 .data          0x000000000003d390        0x0 build/cooja/contiki-ng-cooja.a(assert.o)
 .data          0x000000000003d390        0x0 build/cooja/contiki-ng-cooja.a(mac.o)
 .data          0x000000000003d390        0x2 build/cooja/contiki-ng-cooja.a(frame802154.o)
 .data          0x000000000003d392        0x0 /usr/lib/gcc/x86_64-linux-gnu/11/crtendS.o
 .data          0x000000000003d392        0x0 /usr/lib/gcc/x86_64-linux-gnu/11/../../../x86_64-linux-gnu/crtn.o

.tm_clone_table
                0x000000000003d398        0x0
 .tm_clone_table
                0x000000000003d398        0x0 /usr/lib/gcc/x86_64-linux-gnu/11/crtbeginS.o
 .tm_clone_table
                0x000000000003d398        0x0 /usr/lib/gcc/x86_64-linux-gnu/11/crtendS.o

.data1
 *(.data1)
                [!provide]                        PROVIDE (_edata = .)
                [!provide]                        PROVIDE (edata = .)
                0x000000000003d398                . = .
                [!provide]                        PROVIDE (__bss_start = .)

.bss            0x000000000003d3a0    0x17f60
 *(.dynbss)
 .dynbss        0x000000000003d3a0        0x0 /usr/lib/gcc/x86_64-linux-gnu/11/../../../x86_64-linux-gnu/crti.o
 *(.bss .bss.* .gnu.linkonce.b.*)
 .bss           0x000000000003d3a0        0x0 /usr/lib/gcc/x86_64-linux-gnu/11/../../../x86_64-linux-gnu/crti.o
 .bss           0x000000000003d3a0        0x1 /usr/lib/gcc/x86_64-linux-gnu/11/crtbeginS.o
 *fill*         0x000000000003d3a1       0x1f 
 .bss           0x000000000003d3c0      0x8a1 personal-mqtt.o
 *fill*         0x000000000003dc61       0x1f 
 .bss           0x000000000003dc80     0x4060 build/cooja/mtype360910060.o
                0x000000000003dc80                sensors_flags
                0x000000000003dc88                referenceVar
 .bss           0x0000000000041ce0       0x18 build/cooja/contiki-ng-cooja.a(simEnvChange.o)
                0x0000000000041ce0                simDontFallAsleep
                0x0000000000041ce4                simProcessRunValue
                0x0000000000041ce8                simEtimerPending
                0x0000000000041cf0                simEtimerNextExpirationTime
 .bss           0x0000000000041cf8        0x8 build/cooja/contiki-ng-cooja.a(cooja_mt.o)
 .bss           0x0000000000041d00        0x8 build/cooja/contiki-ng-cooja.a(cooja_mtarch.o)
 .bss           0x0000000000041d08       0x18 build/cooja/contiki-ng-cooja.a(rtimer-arch.o)
                0x0000000000041d08                simRtimerPending
                0x0000000000041d10                simRtimerNextExpirationTime
                0x0000000000041d18                simRtimerCurrentTicks
 .bss           0x0000000000041d20        0x1 build/cooja/contiki-ng-cooja.a(beep.o)
                0x0000000000041d20                simBeeped
 .bss           0x0000000000041d21        0x1 build/cooja/contiki-ng-cooja.a(leds-arch.o)
                0x0000000000041d21                simLedsValue
 *fill*         0x0000000000041d22        0x2 
 .bss           0x0000000000041d24        0xc build/cooja/contiki-ng-cooja.a(moteid.o)
                0x0000000000041d24                simMoteID
                0x0000000000041d28                simMoteIDChanged
                0x0000000000041d2c                simRandomSeed
 .bss           0x0000000000041d30        0x3 build/cooja/contiki-ng-cooja.a(pir-sensor.o)
                0x0000000000041d30                simPirChanged
                0x0000000000041d31                simPirIsActive
                0x0000000000041d32                simPirValue
 *fill*         0x0000000000041d33        0xd 
 .bss           0x0000000000041d40      0x810 build/cooja/contiki-ng-cooja.a(rs232.o)
                0x0000000000041d40                simSerialReceivingData
                0x0000000000042540                simSerialReceivingLength
                0x0000000000042544                simSerialReceivingFlag
 .bss           0x0000000000042550        0x3 build/cooja/contiki-ng-cooja.a(vib-sensor.o)
                0x0000000000042550                simVibChanged
                0x0000000000042551                simVibIsActive
                0x0000000000042552                simVibValue
 *fill*         0x0000000000042553        0x5 
 .bss           0x0000000000042558        0x8 build/cooja/contiki-ng-cooja.a(clock.o)
                0x0000000000042558                simCurrentTime
 .bss           0x0000000000042560     0x200d build/cooja/contiki-ng-cooja.a(cooja-log.o)
                0x0000000000042560                simLoggedData
                0x0000000000044560                simLoggedLength
                0x0000000000044564                simLoggedFlag
 *fill*         0x000000000004456d       0x13 
 .bss           0x0000000000044580      0xfc0 build/cooja/contiki-ng-cooja.a(cfs-cooja.o)
                0x0000000000044580                simCFSData
                0x0000000000045520                simCFSSize
                0x0000000000045524                simCFSChanged
                0x0000000000045528                simCFSRead
                0x000000000004552c                simCFSWritten
 .bss           0x0000000000045540      0x15c build/cooja/contiki-ng-cooja.a(cooja-radio.o)
                0x0000000000045540                simReceiving
                0x0000000000045560                simInDataBuffer
                0x00000000000455e0                simInSize
                0x00000000000455e8                simLastPacketTimestamp
                0x0000000000045600                simOutDataBuffer
                0x0000000000045680                simOutSize
 *fill*         0x000000000004569c        0x4 
 .bss           0x00000000000456a0      0x40c build/cooja/contiki-ng-cooja.a(eeprom.o)
                0x00000000000456a0                simEEPROMData
                0x0000000000045aa0                simEEPROMChanged
                0x0000000000045aa4                simEEPROMRead
                0x0000000000045aa8                simEEPROMWritten
 .bss           0x0000000000045aac        0x0 build/cooja/contiki-ng-cooja.a(random.o)
 .bss           0x0000000000045aac        0xc build/cooja/contiki-ng-cooja.a(sensors.o)
                0x0000000000045aac                sensors_event
 .bss           0x0000000000045ab8        0x0 build/cooja/contiki-ng-cooja.a(leds.o)
 *fill*         0x0000000000045ab8        0x8 
 .bss           0x0000000000045ac0       0x40 build/cooja/contiki-ng-cooja.a(gpio-hal-arch.o)
 .bss           0x0000000000045b00        0x2 build/cooja/contiki-ng-cooja.a(buttons.o)
                0x0000000000045b00                simButtonChanged
                0x0000000000045b01                simButtonIsDown
 *fill*         0x0000000000045b02        0x6 
 .bss           0x0000000000045b08       0x21 build/cooja/contiki-ng-cooja.a(mqtt.o)
                0x0000000000045b08                mqtt_update_event
 .bss           0x0000000000045b29        0x0 build/cooja/contiki-ng-cooja.a(contiki-main.o)
 .bss           0x0000000000045b29        0x0 build/cooja/contiki-ng-cooja.a(autostart.o)
 *fill*         0x0000000000045b29        0x7 
 .bss           0x0000000000045b30        0x9 build/cooja/contiki-ng-cooja.a(ctimer.o)