Archive member included to satisfy reference by file (symbol)

build/cooja/contiki-ng-cooja.a(simEnvChange.o)
                              build/cooja/mtype508493532.o (simDontFallAsleep)
build/cooja/contiki-ng-cooja.a(cooja_mt.o)
                              build/cooja/mtype508493532.o (cooja_mt_start)
build/cooja/contiki-ng-cooja.a(cooja_mtarch.o)
                              build/cooja/contiki-ng-cooja.a(cooja_mt.o) (cooja_mtarch_start)
build/cooja/contiki-ng-cooja.a(rtimer-arch.o)
                              build/cooja/mtype508493532.o (rtimer_arch_check)
build/cooja/contiki-ng-cooja.a(beep.o)
                              build/cooja/mtype508493532.o (beep_interface)
build/cooja/contiki-ng-cooja.a(leds-arch.o)
                              build/cooja/mtype508493532.o (leds_interface)
build/cooja/contiki-ng-cooja.a(moteid.o)
                              build/cooja/mtype508493532.o (moteid_interface)
build/cooja/contiki-ng-cooja.a(pir-sensor.o)
                              build/cooja/mtype508493532.o (pir_interface)
build/cooja/contiki-ng-cooja.a(rs232.o)
                              build/cooja/mtype508493532.o (rs232_interface)
build/cooja/contiki-ng-cooja.a(vib-sensor.o)
                              build/cooja/mtype508493532.o (vib_interface)
build/cooja/contiki-ng-cooja.a(clock.o)
                              build/cooja/mtype508493532.o (clock_interface)
build/cooja/contiki-ng-cooja.a(cooja-log.o)
                              build/cooja/mtype508493532.o (simlog_interface)
build/cooja/contiki-ng-cooja.a(cfs-cooja.o)
                              build/cooja/mtype508493532.o (cfs_interface)
build/cooja/contiki-ng-cooja.a(cooja-radio.o)
                              build/cooja/mtype508493532.o (radio_interface)
build/cooja/contiki-ng-cooja.a(eeprom.o)
                              build/cooja/mtype508493532.o (eeprom_interface)
build/cooja/contiki-ng-cooja.a(random.o)
                              build/cooja/contiki-ng-cooja.a(moteid.o) (random_init)
build/cooja/contiki-ng-cooja.a(sensors.o)
                              build/cooja/contiki-ng-cooja.a(pir-sensor.o) (sensors_changed)
build/cooja/contiki-ng-cooja.a(leds.o)
                              build/cooja/contiki-ng-cooja.a(leds-arch.o) (leds_get)
build/cooja/contiki-ng-cooja.a(gpio-hal-arch.o)
                              build/cooja/contiki-ng-cooja.a(leds-arch.o) (gpio_hal_arch_register_pin_callback)
build/cooja/contiki-ng-cooja.a(buttons.o)
                              build/cooja/mtype508493532.o (button_interface)
build/cooja/contiki-ng-cooja.a(mqtt.o)
                              personal-mqtt.o (mqtt_register)
build/cooja/contiki-ng-cooja.a(contiki-main.o)
                              build/cooja/mtype508493532.o (main)
build/cooja/contiki-ng-cooja.a(autostart.o)
                              build/cooja/contiki-ng-cooja.a(contiki-main.o) (autostart_start)
build/cooja/contiki-ng-cooja.a(ctimer.o)
                              build/cooja/contiki-ng-cooja.a(contiki-main.o) (ctimer_init)
build/cooja/contiki-ng-cooja.a(energest.o)
                              build/cooja/contiki-ng-cooja.a(contiki-main.o) (energest_init)
build/cooja/contiki-ng-cooja.a(etimer.o)
                              build/cooja/contiki-ng-cooja.a(contiki-main.o) (etimer_process)
build/cooja/contiki-ng-cooja.a(log.o)
                              build/cooja/contiki-ng-cooja.a(contiki-main.o) (curr_log_level_main)
build/cooja/contiki-ng-cooja.a(node-id.o)
                              build/cooja/contiki-ng-cooja.a(contiki-main.o) (node_id)
build/cooja/contiki-ng-cooja.a(process.o)
                              build/cooja/contiki-ng-cooja.a(mqtt.o) (process_current)
build/cooja/contiki-ng-cooja.a(rtimer.o)
                              build/cooja/contiki-ng-cooja.a(contiki-main.o) (rtimer_init)
build/cooja/contiki-ng-cooja.a(timer.o)
                              build/cooja/contiki-ng-cooja.a(mqtt.o) (timer_set)
build/cooja/contiki-ng-cooja.a(list.o)
                              build/cooja/contiki-ng-cooja.a(mqtt.o) (list_init)
build/cooja/contiki-ng-cooja.a(button-hal.o)
                              build/cooja/mtype508493532.o (button_hal_init)
build/cooja/contiki-ng-cooja.a(gpio-hal.o)
                              build/cooja/contiki-ng-cooja.a(button-hal.o) (gpio_hal_register_handler)
build/cooja/contiki-ng-cooja.a(serial-line.o)
                              build/cooja/contiki-ng-cooja.a(rs232.o) (serial_line_input_byte)
build/cooja/contiki-ng-cooja.a(linkaddr.o)
                              personal-mqtt.o (linkaddr_node_addr)
build/cooja/contiki-ng-cooja.a(netstack.o)
                              build/cooja/contiki-ng-cooja.a(contiki-main.o) (netstack_init)
build/cooja/contiki-ng-cooja.a(packetbuf.o)
                              build/cooja/contiki-ng-cooja.a(cooja-radio.o) (packetbuf_clear)
build/cooja/contiki-ng-cooja.a(queuebuf.o)
[...]
Memory Configuration

Name             Origin             Length             Attributes
*default*        0x0000000000000000 0xffffffffffffffff

Linker script and memory map

LOAD /usr/lib/gcc/x86_64-linux-gnu/11/../../../x86_64-linux-gnu/crti.o
LOAD /usr/lib/gcc/x86_64-linux-gnu/11/crtbeginS.o
LOAD personal-mqtt.o
LOAD build/cooja/mtype508493532.o
LOAD build/cooja/contiki-ng-cooja.a
LOAD /usr/lib/gcc/x86_64-linux-gnu/11/libgcc.a
LOAD /usr/lib/gcc/x86_64-linux-gnu/11/libgcc_s.so
START GROUP
LOAD /usr/lib/gcc/x86_64-linux-gnu/11/../../../x86_64-linux-gnu/libgcc_s.so.1
LOAD /usr/lib/gcc/x86_64-linux-gnu/11/libgcc.a
END GROUP
LOAD /usr/lib/gcc/x86_64-linux-gnu/11/../../../x86_64-linux-gnu/libc.so
START GROUP
LOAD /lib/x86_64-linux-gnu/libc.so.6
LOAD /usr/lib/x86_64-linux-gnu/libc_nonshared.a
LOAD /lib64/ld-linux-x86-64.so.2
END GROUP
LOAD /usr/lib/gcc/x86_64-linux-gnu/11/libgcc.a
LOAD /usr/lib/gcc/x86_64-linux-gnu/11/libgcc_s.so
START GROUP
LOAD /usr/lib/gcc/x86_64-linux-gnu/11/../../../x86_64-linux-gnu/libgcc_s.so.1
LOAD /usr/lib/gcc/x86_64-linux-gnu/11/libgcc.a
END GROUP
LOAD /usr/lib/gcc/x86_64-linux-gnu/11/crtendS.o
LOAD /usr/lib/gcc/x86_64-linux-gnu/11/../../../x86_64-linux-gnu/crtn.o
                0x00000000000002a8                . = (SEGMENT_START ("text-segment", 0x0) + SIZEOF_HEADERS)

.note.gnu.property
                0x00000000000002a8       0x20
 .note.gnu.property
                0x00000000000002a8       0x20 /usr/lib/gcc/x86_64-linux-gnu/11/../../../x86_64-linux-gnu/crti.o

.note.gnu.build-id
                0x00000000000002c8       0x24
 *(.note.gnu.build-id)
 .note.gnu.build-id
                0x00000000000002c8       0x24 /usr/lib/gcc/x86_64-linux-gnu/11/../../../x86_64-linux-gnu/crti.o

.hash
 *(.hash)

.gnu.hash       0x00000000000002f0     0x14b8
 *(.gnu.hash)
 .gnu.hash      0x00000000000002f0     0x14b8 /usr/lib/gcc/x86_64-linux-gnu/11/../../../x86_64-linux-gnu/crti.o

.dynsym         0x00000000000017a8     0x4080
 *(.dynsym)
 .dynsym        0x00000000000017a8     0x4080 /usr/lib/gcc/x86_64-linux-gnu/11/../../../x86_64-linux-gnu/crti.o

.dynstr         0x0000000000005828     0x30bc
 *(.dynstr)
 .dynstr        0x0000000000005828     0x30bc /usr/lib/gcc/x86_64-linux-gnu/11/../../../x86_64-linux-gnu/crti.o

.gnu.version    0x00000000000088e4      0x560
 *(.gnu.version)
 .gnu.version   0x00000000000088e4      0x560 /usr/lib/gcc/x86_64-linux-gnu/11/../../../x86_64-linux-gnu/crti.o

.gnu.version_d  0x0000000000008e48        0x0
 *(.gnu.version_d)
 .gnu.version_d
                0x0000000000008e48        0x0 /usr/lib/gcc/x86_64-linux-gnu/11/../../../x86_64-linux-gnu/crti.o

.gnu.version_r  0x0000000000008e48       0x40
 *(.gnu.version_r)
 .gnu.version_r
                0x0000000000008e48       0x40 /usr/lib/gcc/x86_64-linux-gnu/11/../../../x86_64-linux-gnu/crti.o

.rela.dyn       0x0000000000008e88     0x1ed8
 *(.rela.init)
 *(.rela.text .rela.text.* .rela.gnu.linkonce.t.*)
 .rela.text     0x0000000000008e88        0x0 /usr/lib/gcc/x86_64-linux-gnu/11/../../../x86_64-linux-gnu/crti.o
 *(.rela.fini)
 *(.rela.rodata .rela.rodata.* .rela.gnu.linkonce.r.*)
 *(.rela.data .rela.data.* .rela.gnu.linkonce.d.*)
 .rela.data.rel.local
                0x0000000000008e88      0x708 /usr/lib/gcc/x86_64-linux-gnu/11/../../../x86_64-linux-gnu/crti.o
 .rela.data.rel.ro
                0x0000000000009590      0x288 /usr/lib/gcc/x86_64-linux-gnu/11/../../../x86_64-linux-gnu/crti.o
 .rela.data.rel
                0x0000000000009818      0x3a8 /usr/lib/gcc/x86_64-linux-gnu/11/../../../x86_64-linux-gnu/crti.o
 .rela.data.rel.ro.local
                0x0000000000009bc0      0x5a0 /usr/lib/gcc/x86_64-linux-gnu/11/../../../x86_64-linux-gnu/crti.o
 *(.rela.tdata .rela.tdata.* .rela.gnu.linkonce.td.*)
 *(.rela.tbss .rela.tbss.* .rela.gnu.linkonce.tb.*)
 *(.rela.ctors)
 *(.rela.dtors)
 *(.rela.got)
 .rela.got      0x000000000000a160      0xbd0 /usr/lib/gcc/x86_64-linux-gnu/11/../../../x86_64-linux-gnu/crti.o
 *(.rela.bss .rela.bss.* .rela.gnu.linkonce.b.*)
 *(.rela.ldata .rela.ldata.* .rela.gnu.linkonce.l.*)
 *(.rela.lbss .rela.lbss.* .rela.gnu.linkonce.lb.*)
 *(.rela.lrodata .rela.lrodata.* .rela.gnu.linkonce.lr.*)
 *(.rela.ifunc)
 .rela.ifunc    0x000000000000ad30        0x0 /usr/lib/gcc/x86_64-linux-gnu/11/../../../x86_64-linux-gnu/crti.o
 .rela.fini_array
                0x000000000000ad30       0x18 /usr/lib/gcc/x86_64-linux-gnu/11/../../../x86_64-linux-gnu/crti.o
 .rela.init_array
                0x000000000000ad48       0x18 /usr/lib/gcc/x86_64-linux-gnu/11/../../../x86_64-linux-gnu/crti.o

.rela.plt       0x000000000000ad60     0x2298
 *(.rela.plt)
 .rela.plt      0x000000000000ad60     0x2298 /usr/lib/gcc/x86_64-linux-gnu/11/../../../x86_64-linux-gnu/crti.o
 *(.rela.iplt)

.relr.dyn
 *(.relr.dyn)
                0x000000000000d000                . = ALIGN (CONSTANT (MAXPAGESIZE))

.init           0x000000000000d000       0x1b
 *(SORT_NONE(.init))
 .init          0x000000000000d000       0x16 /usr/lib/gcc/x86_64-linux-gnu/11/../../../x86_64-linux-gnu/crti.o
                0x000000000000d000                _init
 .init          0x000000000000d016        0x5 /usr/lib/gcc/x86_64-linux-gnu/11/../../../x86_64-linux-gnu/crtn.o

.plt            0x000000000000d020     0x1720
 *(.plt)
 .plt           0x000000000000d020     0x1720 /usr/lib/gcc/x86_64-linux-gnu/11/../../../x86_64-linux-gnu/crti.o
 *(.iplt)

.plt.got        0x000000000000e740       0x30
 *(.plt.got)
 .plt.got       0x000000000000e740       0x30 /usr/lib/gcc/x86_64-linux-gnu/11/../../../x86_64-linux-gnu/crti.o

.plt.sec        0x000000000000e770     0x1710
 *(.plt.sec)
 .plt.sec       0x000000000000e770     0x1710 /usr/lib/gcc/x86_64-linux-gnu/11/../../../x86_64-linux-gnu/crti.o

.text           0x000000000000fe80    0x211d4
 *(.text.unlikely .text.*_unlikely .text.unlikely.*)
 *(.text.exit .text.exit.*)
 *(.text.startup .text.startup.*)
 *(.text.hot .text.hot.*)
 *(SORT_BY_NAME(.text.sorted.*))
 *(.text .stub .text.* .gnu.linkonce.t.*)
 .text          0x000000000000fe80        0x0 /usr/lib/gcc/x86_64-linux-gnu/11/../../../x86_64-linux-gnu/crti.o
 .text          0x000000000000fe80       0xb9 /usr/lib/gcc/x86_64-linux-gnu/11/crtbeginS.o
 .text          0x000000000000ff39      0x4a3 personal-mqtt.o
 .text          0x00000000000103dc      0x374 build/cooja/mtype508493532.o
                0x0000000000010492                platform_init_stage_one
                0x00000000000104a7                platform_init_stage_two
                0x00000000000104bc                platform_init_stage_three
                0x00000000000104d1                platform_main_loop
                0x000000000001056b                JNI_OnLoad
                0x0000000000010582                Java_org_contikios_cooja_corecomm_Lib9_init
                0x00000000000105d5                Java_org_contikios_cooja_corecomm_Lib9_getMemory
                0x0000000000010634                Java_org_contikios_cooja_corecomm_Lib9_setMemory
                0x0000000000010693                Java_org_contikios_cooja_corecomm_Lib9_tick
                0x0000000000010721                Java_org_contikios_cooja_corecomm_Lib9_setReferenceAddress
 .text          0x0000000000010750       0x93 build/cooja/contiki-ng-cooja.a(simEnvChange.o)
                0x0000000000010750                doActionsBeforeTick
                0x0000000000010799                doActionsAfterTick
 .text          0x00000000000107e3       0xab build/cooja/contiki-ng-cooja.a(cooja_mt.o)
                0x00000000000107e3                cooja_mt_start
                0x0000000000010823                cooja_mt_exec
                0x0000000000010866                cooja_mt_yield
 .text          0x000000000001088e      0x10e build/cooja/contiki-ng-cooja.a(cooja_mtarch.o)
                0x000000000001088e                cooja_mtarch_start
                0x0000000000010931                cooja_sw
                0x000000000001095e                cooja_mtarch_exec
                0x000000000001098c                cooja_mtarch_yield
 .text          0x000000000001099c       0xcc build/cooja/contiki-ng-cooja.a(rtimer-arch.o)
                0x000000000001099c                rtimer_arch_init
                0x00000000000109c2                rtimer_arch_schedule
                0x00000000000109ec                rtimer_arch_next
                0x0000000000010a00                rtimer_arch_pending
                0x0000000000010a13                rtimer_arch_check
                0x0000000000010a54                rtimer_arch_now
 .text          0x0000000000010a68       0xe6 build/cooja/contiki-ng-cooja.a(beep.o)
                0x0000000000010a68                beep_alarm
                0x0000000000010a83                beep_beep
                0x0000000000010a9b                beep
                0x0000000000010ab0                beep_down
                0x0000000000010ac8                beep_on
                0x0000000000010add                beep_off
                0x0000000000010af2                beep_spinup
                0x0000000000010b07                beep_quick
                0x0000000000010b1f                beep_long
 .text          0x0000000000010b4e       0x80 build/cooja/contiki-ng-cooja.a(leds-arch.o)
                0x0000000000010b67                leds_arch_init
 .text          0x0000000000010bce       0x41 build/cooja/contiki-ng-cooja.a(moteid.o)
 .text          0x0000000000010c0f       0xfa build/cooja/contiki-ng-cooja.a(pir-sensor.o)
 .text          0x0000000000010d09      0x18b build/cooja/contiki-ng-cooja.a(rs232.o)
                0x0000000000010d09                rs232_init
                0x0000000000010d14                rs232_set_speed
                0x0000000000010d24                rs232_set_input
                0x0000000000010d3e                rs232_send
                0x0000000000010d5d                rs232_print
                0x0000000000010d8b                slip_arch_writeb
 .text          0x0000000000010e94       0xfa build/cooja/contiki-ng-cooja.a(vib-sensor.o)
 .text          0x0000000000010f8e       0x6f build/cooja/contiki-ng-cooja.a(clock.o)
                0x0000000000010f8e                clock_init
                0x0000000000010f99                clock_time
                0x0000000000010fad                clock_seconds
                0x0000000000010fd9                clock_delay
 .text          0x0000000000010ffd      0x214 build/cooja/contiki-ng-cooja.a(cooja-log.o)
                0x0000000000010ffd                simlog_char
                0x0000000000011057                simlog
                0x00000000000110dc                log_message
                0x0000000000011121                log_set_putchar_with_slip
                0x0000000000011138                dbg_putchar
                0x00000000000111b9                dbg_send_bytes
 .text          0x0000000000011211      0x39b build/cooja/contiki-ng-cooja.a(cfs-cooja.o)
                0x0000000000011211                cfs_open
                0x000000000001128e                cfs_close
                0x00000000000112a3                cfs_read
                0x000000000001136a                cfs_write
                0x000000000001147a                cfs_seek
                0x0000000000011529                cfs_remove
                0x0000000000011559                cfs_opendir
                0x0000000000011570                cfs_readdir
                0x0000000000011587                cfs_closedir
 .text          0x00000000000115ac      0x79f build/cooja/contiki-ng-cooja.a(cooja-radio.o)
                0x000000000001160b                radio_set_channel
                0x0000000000011625                radio_set_txpower
                0x0000000000011642                radio_signal_strength_last
                0x0000000000011655                radio_signal_strength_current
                0x0000000000011668                radio_LQI
 .text          0x0000000000011d4b      0x163 build/cooja/contiki-ng-cooja.a(eeprom.o)
                0x0000000000011d4b                eeprom_init
                0x0000000000011d5a                eeprom_read
                0x0000000000011df9                eeprom_write
 .text          0x0000000000011eae       0x2f build/cooja/contiki-ng-cooja.a(random.o)
                0x0000000000011eae                random_init
                0x0000000000011ece                random_rand
 .text          0x0000000000011edd      0x35f build/cooja/contiki-ng-cooja.a(sensors.o)
                0x0000000000011f26                sensors_first
                0x0000000000011f3a                sensors_next
                0x0000000000011f69                sensors_changed
                0x0000000000011fb6                sensors_find
 .text          0x000000000001223c      0x3ad build/cooja/contiki-ng-cooja.a(leds.o)
                0x000000000001223c                leds_init
                0x0000000000012287                leds_single_on
                0x00000000000122f4                leds_single_off
                0x0000000000012361                leds_single_toggle
                0x0000000000012399                leds_on
                0x000000000001242a                leds_off
                0x00000000000124bb                leds_toggle
                0x0000000000012517                leds_set
                0x0000000000012540                leds_get
 .text          0x00000000000125e9      0x41b build/cooja/contiki-ng-cooja.a(gpio-hal-arch.o)
                0x00000000000125e9                gpio_hal_arch_register_pin_callback
                0x0000000000012690                gpio_hal_arch_init
                0x00000000000126e6                gpio_hal_arch_no_port_interrupt_enable
                0x0000000000012733                gpio_hal_arch_no_port_interrupt_disable
                0x0000000000012780                gpio_hal_arch_no_port_pin_cfg_set
                0x00000000000127b6                gpio_hal_arch_no_port_pin_cfg_get
                0x00000000000127ea                gpio_hal_arch_no_port_pin_set_input
                0x00000000000127fd                gpio_hal_arch_no_port_pin_set_output
                0x0000000000012810                gpio_hal_arch_no_port_set_pin
                0x0000000000012834                gpio_hal_arch_no_port_clear_pin
                0x0000000000012858                gpio_hal_arch_no_port_read_pin
                0x0000000000012885                gpio_hal_arch_no_port_write_pin
                0x00000000000128af                gpio_hal_arch_no_port_set_pins
                0x00000000000128fe                gpio_hal_arch_no_port_clear_pins
                0x000000000001294d                gpio_hal_arch_no_port_read_pins
                0x000000000001299b                gpio_hal_arch_no_port_write_pins
 .text          0x0000000000012a04       0xa8 build/cooja/contiki-ng-cooja.a(buttons.o)
 .text          0x0000000000012aac     0x3e29 build/cooja/contiki-ng-cooja.a(mqtt.o)
                0x0000000000012f4d                mqtt_decode_var_byte_int
                0x0000000000013052                mqtt_encode_var_byte_int
                0x000000000001613d                mqtt_init
                0x0000000000016217                mqtt_register
                0x00000000000162df                mqtt_connect
                0x000000000001641f                mqtt_disconnect
                0x0000000000016470                mqtt_subscribe
                0x0000000000016579                mqtt_unsubscribe
                0x0000000000016672                mqtt_publish
                0x00000000000167ad                mqtt_set_username_password
                0x000000000001685e                mqtt_set_last_will
 .text          0x00000000000168d5      0x400 build/cooja/contiki-ng-cooja.a(contiki-main.o)
                0x00000000000168d5                main
 .text          0x0000000000016cd5       0xbd build/cooja/contiki-ng-cooja.a(autostart.o)
                0x0000000000016cd5                autostart_start
                0x0000000000016d36                autostart_exit
 .text          0x0000000000016d92      0x441 build/cooja/contiki-ng-cooja.a(ctimer.o)
                0x0000000000016ef4                ctimer_init
                0x0000000000016f29                ctimer_set
                0x0000000000016f6d                ctimer_set_with_process
                0x0000000000017027                ctimer_reset
                0x0000000000017098                ctimer_restart
                0x0000000000017109                ctimer_stop
                0x0000000000017167                ctimer_expired
 .text          0x00000000000171d3       0x25 build/cooja/contiki-ng-cooja.a(energest.o)
                0x00000000000171d3                energest_init
                0x00000000000171de                energest_flush
                0x00000000000171e9                energest_get_total_time
 .text          0x00000000000171f8      0x57c build/cooja/contiki-ng-cooja.a(etimer.o)
                0x00000000000174a0                etimer_request_poll
                0x0000000000017552                etimer_set
                0x0000000000017588                etimer_reset_with_new_interval
                0x00000000000175c3                etimer_reset
                0x00000000000175ee                etimer_restart
                0x0000000000017619                etimer_adjust
                0x000000000001764a                etimer_expired
                0x0000000000017669                etimer_expiration_time
                0x0000000000017689                etimer_start_time
                0x000000000001769e                etimer_pending
                0x00000000000176b8                etimer_next_expiration_time
                0x00000000000176d9                etimer_stop
 .text          0x0000000000017774      0x539 build/cooja/contiki-ng-cooja.a(log.o)
                0x0000000000017774                log_6addr
                0x00000000000177da                log_6addr_compact_snprint
                0x00000000000178b5                log_6addr_compact
                0x000000000001791b                log_lladdr
                0x000000000001799b                log_lladdr_compact
                0x0000000000017a1d                log_bytes
                0x0000000000017a7d                log_set_level
                0x0000000000017b8b                log_get_level
                0x0000000000017c42                log_level_to_str
 .text          0x0000000000017cad       0x36 build/cooja/contiki-ng-cooja.a(node-id.o)
                0x0000000000017cad                node_id_init
 .text          0x0000000000017ce3      0x673 build/cooja/contiki-ng-cooja.a(process.o)
                0x0000000000017ce3                process_alloc_event
                0x0000000000017cfd                process_start
                0x0000000000017f6d                process_exit
                0x0000000000017f99                process_init
                0x0000000000018190                process_run
                0x00000000000181c5                process_nevents
                0x00000000000181e5                process_post
                0x00000000000182ad                process_post_synch
                0x00000000000182fb                process_poll
                0x0000000000018338                process_is_running
 .text          0x0000000000018356      0x101 build/cooja/contiki-ng-cooja.a(rtimer.o)
                0x0000000000018356                rtimer_init
                0x0000000000018366                rtimer_set
                0x00000000000183e7                rtimer_run_next
 .text          0x0000000000018457       0xfd build/cooja/contiki-ng-cooja.a(timer.o)
                0x0000000000018457                timer_set
                0x0000000000018486                timer_reset
                0x00000000000184c2                timer_restart
                0x00000000000184e1                timer_expired
                0x000000000001851c                timer_remaining
 .text          0x0000000000018554      0x39b build/cooja/contiki-ng-cooja.a(list.o)
                0x0000000000018554                list_init
                0x000000000001856e                list_head
                0x0000000000018583                list_copy
                0x00000000000185a4                list_tail
                0x00000000000185ed                list_add
                0x0000000000018651                list_push
                0x0000000000018694                list_chop
                0x0000000000018721                list_pop
                0x000000000001875b                list_remove
                0x00000000000187e7                list_length
                0x0000000000018822                list_insert
                0x0000000000018885                list_item_next
                0x00000000000188a8                list_contains
 .text          0x00000000000188ef      0x574 build/cooja/contiki-ng-cooja.a(button-hal.o)
                0x0000000000018aba                button_hal_get_by_id
                0x0000000000018b08                button_hal_get_by_index
                0x0000000000018b3f                button_hal_get_state
                0x0000000000018ba2                button_hal_init
 .text          0x0000000000018e63      0x181 build/cooja/contiki-ng-cooja.a(gpio-hal.o)
                0x0000000000018e63                gpio_hal_register_handler
                0x0000000000018e8c                gpio_hal_event_handler
                0x0000000000018ef7                gpio_hal_init
                0x0000000000018f16                gpio_hal_arch_port_toggle_pin
                0x0000000000018f4d                gpio_hal_arch_port_toggle_pins
                0x0000000000018f7e                gpio_hal_arch_no_port_toggle_pin
                0x0000000000018fb8                gpio_hal_arch_no_port_toggle_pins
 .text          0x0000000000018fe4      0x238 build/cooja/contiki-ng-cooja.a(serial-line.o)
                0x0000000000018fe4                serial_line_input_byte
                0x00000000000191df                serial_line_init
 .text          0x000000000001921c       0x80 build/cooja/contiki-ng-cooja.a(linkaddr.o)
                0x000000000001921c                linkaddr_copy
                0x000000000001923d                linkaddr_cmp
                0x0000000000019273                linkaddr_set_node_addr
 .text          0x000000000001929c      0x12b build/cooja/contiki-ng-cooja.a(netstack.o)
                0x000000000001929c                netstack_process_ip_callback
                0x000000000001933d                netstack_ip_packet_processor_add
                0x000000000001936d                uip_ds6_ip_packet_processor_rm
                0x0000000000019396                netstack_init
 .text          0x00000000000193c7      0x4a8 build/cooja/contiki-ng-cooja.a(packetbuf.o)
                0x00000000000193c7                packetbuf_clear
                0x00000000000193f5                packetbuf_copyfrom
                0x000000000001944e                packetbuf_copyto
                0x00000000000194f4                packetbuf_hdralloc
                0x0000000000019583                packetbuf_hdrreduce
                0x00000000000195d3                packetbuf_set_datalen
                0x00000000000195ef                packetbuf_dataptr
                0x0000000000019614                packetbuf_hdrptr
                0x0000000000019625                packetbuf_datalen
                0x0000000000019636                packetbuf_hdrlen
                0x0000000000019652                packetbuf_totlen
                0x0000000000019674                packetbuf_remaininglen
                0x000000000001968c                packetbuf_attr_clear
                0x00000000000196f1                packetbuf_attr_copyto
                0x000000000001973c                packetbuf_attr_copyfrom
                0x0000000000019787                packetbuf_set_attr
                0x00000000000197b7                packetbuf_attr
                0x00000000000197d8                packetbuf_set_addr
                0x000000000001981e                packetbuf_addr
                0x0000000000019848                packetbuf_holds_broadcast
 .text          0x000000000001986f      0x382 build/cooja/contiki-ng-cooja.a(queuebuf.o)
                0x0000000000019884                queuebuf_init
                0x00000000000198ad                queuebuf_numfree
                0x00000000000198c6                queuebuf_new_from_packetbuf
                0x0000000000019979                queuebuf_update_attr_from_packetbuf
                0x00000000000199bc                queuebuf_update_from_packetbuf
                0x0000000000019a18                queuebuf_free
                0x0000000000019a74                queuebuf_to_packetbuf
                0x0000000000019aed                queuebuf_dataptr
                0x0000000000019b34                queuebuf_datalen
                0x0000000000019b64                queuebuf_addr
                0x0000000000019bab                queuebuf_attr
                0x0000000000019be6                queuebuf_debug_print
 .text          0x0000000000019bf1      0x116 build/cooja/contiki-ng-cooja.a(printf.o)
                0x0000000000019c26                log_printf
 .text          0x0000000000019d07       0x1e build/cooja/contiki-ng-cooja.a(putchar.o)
                0x0000000000019d07                log_putchar
 .text          0x0000000000019d25       0x3d build/cooja/contiki-ng-cooja.a(puts.o)
                0x0000000000019d25                log_puts
 .text          0x0000000000019d62      0x1f8 build/cooja/contiki-ng-cooja.a(snprintf.o)
                0x0000000000019ded                log_snprintf
                0x0000000000019ed2                log_vsnprintf
 .text          0x0000000000019f5a     0x170b build/cooja/contiki-ng-cooja.a(strformat.o)
                0x000000000001a2cd                format_str
                0x000000000001a3ae                format_str_v
 .text          0x000000000001b665      0x292 build/cooja/contiki-ng-cooja.a(csma.o)
 .text          0x000000000001b8f7     0x3747 build/cooja/contiki-ng-cooja.a(sicslowpan.o)
                0x000000000001c0cd                netstack_sniffer_add
                0x000000000001c0e7                netstack_sniffer_remove
                0x000000000001f007                sicslowpan_init
                0x000000000001f02e                sicslowpan_get_last_rssi
 .text          0x000000000001f03e      0xbaa build/cooja/contiki-ng-cooja.a(tcp-socket.o)
                0x000000000001f777                tcp_socket_register
                0x000000000001f83f                tcp_socket_connect
                0x000000000001f8fc                tcp_socket_listen
                0x000000000001f989                tcp_socket_unlisten
                0x000000000001fa15                tcp_socket_send
                0x000000000001fad2                tcp_socket_send_str
                0x000000000001fb09                tcp_socket_close
                0x000000000001fb3e                tcp_socket_unregister
                0x000000000001fba7                tcp_socket_max_sendlen
                0x000000000001fbcf                tcp_socket_queuelen
 .text          0x000000000001fbe8      0xc96 build/cooja/contiki-ng-cooja.a(tcpip.o)
                0x000000000001fc18                tcpip_output
                0x000000000001fd1a                tcp_connect
                0x000000000001fd81                tcp_unlisten
                0x000000000001fdf1                tcp_listen
                0x000000000001fe5d                tcp_attach
                0x000000000001fe8b                udp_attach
                0x000000000001feb9                udp_new
                0x000000000001ff14                udp_broadcast_new
                0x0000000000020227                tcpip_input
                0x00000000000203ff                tcpip_ipv6_output
                0x0000000000020658                tcpip_poll_udp
                0x0000000000020686                tcpip_poll_tcp
                0x00000000000206b4                tcpip_uipcall
 .text          0x000000000002087e      0x416 build/cooja/contiki-ng-cooja.a(uip-ds6-nbr.o)
                0x000000000002087e                uip_ds6_neighbors_init
                0x00000000000208a7                uip_ds6_nbr_add
                0x0000000000020945                uip_ds6_nbr_rm
                0x00000000000209a2                uip_ds6_nbr_update_ll
                0x0000000000020aa7                uip_ds6_nbr_get_ipaddr
                0x0000000000020ac7                uip_ds6_nbr_get_ll
                0x0000000000020aef                uip_ds6_nbr_num
                0x0000000000020b41                uip_ds6_nbr_head
                0x0000000000020b5a                uip_ds6_nbr_next
                0x0000000000020b82                uip_ds6_nbr_lookup
                0x0000000000020beb                uip_ds6_nbr_ll_lookup
                0x0000000000020c13                uip_ds6_nbr_ipaddr_from_lladdr
                0x0000000000020c47                uip_ds6_nbr_lladdr_from_ipaddr
                0x0000000000020c83                uip_ds6_link_callback
 .text          0x0000000000020c94      0x3f9 build/cooja/contiki-ng-cooja.a(uip-ds6-route.o)
                0x0000000000020ceb                uip_ds6_route_init
                0x0000000000020d14                uip_ds6_route_count_nexthop_neighbors
                0x0000000000020d23                uip_ds6_route_nexthop
                0x0000000000020d36                uip_ds6_route_head
                0x0000000000020d45                uip_ds6_route_next
                0x0000000000020d58                uip_ds6_route_is_nexthop
                0x0000000000020d6b                uip_ds6_route_num_routes
                0x0000000000020d7a                uip_ds6_route_lookup
                0x0000000000020d8d                uip_ds6_route_add
                0x0000000000020da9                uip_ds6_route_rm
                0x0000000000020db8                uip_ds6_route_rm_by_nexthop
                0x0000000000020dc7                uip_ds6_defrt_head
                0x0000000000020de0                uip_ds6_defrt_add
                0x0000000000020ea0                uip_ds6_defrt_rm
                0x0000000000020f16                uip_ds6_defrt_lookup
                0x0000000000020f8d                uip_ds6_defrt_choose
                0x0000000000021010                uip_ds6_defrt_periodic
 .text          0x000000000002108d      0xebc build/cooja/contiki-ng-cooja.a(uip-ds6.o)
                0x000000000002108d                uip_ds6_default_prefix
                0x000000000002109e                uip_ds6_set_default_prefix
                0x00000000000210c6                uip_ds6_init
                0x0000000000021365                uip_ds6_periodic
                0x0000000000021407                uip_ds6_list_loop
                0x00000000000214f0                uip_ds6_prefix_add
                0x00000000000215c1                uip_ds6_prefix_rm
                0x00000000000215df                uip_ds6_prefix_lookup
                0x0000000000021636                uip_ds6_is_addr_onlink
                0x00000000000216ca                uip_ds6_addr_add
                0x0000000000021815                uip_ds6_addr_rm
                0x00000000000218d0                uip_ds6_addr_lookup
                0x0000000000021925                uip_ds6_get_link_local
                0x00000000000219ca                uip_ds6_get_global
                0x0000000000021a6f                uip_ds6_maddr_add
                0x0000000000021aeb                uip_ds6_maddr_rm
                0x0000000000021b09                uip_ds6_maddr_lookup
                0x0000000000021b61                uip_ds6_aaddr_add
                0x0000000000021bdd                uip_ds6_aaddr_rm
                0x0000000000021bfb                uip_ds6_aaddr_lookup
                0x0000000000021c53                uip_ds6_select_src
                0x0000000000021ddd                uip_ds6_set_addr_iid
                0x0000000000021e16                uip_ds6_set_lladdr_from_iid
                0x0000000000021e4d                get_match_length
                0x0000000000021efb                uip_ds6_compute_reachable_time
 .text          0x0000000000021f49      0x1b9 build/cooja/contiki-ng-cooja.a(uip-packetqueue.o)
                0x0000000000021f88                uip_packetqueue_new
                0x0000000000021fa2                uip_packetqueue_alloc
                0x000000000002201c                uip_packetqueue_free
                0x0000000000022074                uip_packetqueue_buf
                0x00000000000220a0                uip_packetqueue_buflen
                0x00000000000220cf                uip_packetqueue_set_buflen
 .text          0x0000000000022102     0x3915 build/cooja/contiki-ng-cooja.a(uip6.o)
                0x0000000000022102                uip_add32
                0x000000000002230c                uip_chksum
                0x00000000000223f2                uip_icmp6chksum
                0x0000000000022406                uip_tcpchksum
                0x000000000002241a                uip_udpchksum
                0x000000000002242e                uip_init
                0x00000000000224f3                uip_connect
                0x000000000002269d                uip_remove_ext_hdr
                0x000000000002279e                uip_udp_new
                0x000000000002290a                uip_unlisten
                0x0000000000022959                uip_listen
                0x0000000000022c7b                uip_process
                0x000000000002589d                uip_htons
                0x00000000000258c0                uip_htonl
                0x0000000000025908                uip_send
 .text          0x0000000000025a17      0x5b1 build/cooja/contiki-ng-cooja.a(uipbuf.o)
                0x0000000000025a17                uipbuf_clear
                0x0000000000025a49                uipbuf_add_ext_hdr
                0x0000000000025ae1                uipbuf_set_len
                0x0000000000025b13                uipbuf_set_len_field
                0x0000000000025b46                uipbuf_get_len_field
                0x0000000000025b71                uipbuf_get_next_header
                0x0000000000025ce3                uipbuf_get_last_header
                0x0000000000025d76                uipbuf_search_header
                0x0000000000025e3d                uipbuf_get_attr
                0x0000000000025e6e                uipbuf_set_attr
                0x0000000000025eae                uipbuf_set_default_attr
                0x0000000000025eee                uipbuf_clear_attr
                0x0000000000025f15                uipbuf_set_attr_flag
                0x0000000000025f38                uipbuf_clr_attr_flag
                0x0000000000025f61                uipbuf_is_attr_flag
                0x0000000000025f86                uipbuf_init
 .text          0x0000000000025fc8      0x57d build/cooja/contiki-ng-cooja.a(uiplib.o)
                0x0000000000025fc8                uiplib_ip6addrconv
                0x00000000000261a4                uiplib_ip4addrconv
                0x0000000000026276                uiplib_ipaddr_print
                0x00000000000262dc                uiplib_ipaddr_snprint
 .text          0x0000000000026545      0x66e build/cooja/contiki-ng-cooja.a(rpl.o)
                0x0000000000026545                rpl_lollipop_greater_than
                0x00000000000265a9                rpl_get_global_address
                0x0000000000026749                rpl_link_callback
                0x00000000000267b3                rpl_has_joined
                0x00000000000267e6                rpl_is_reachable
                0x000000000002688c                rpl_reset_prefix
                0x0000000000026903                rpl_set_prefix_from_addr
                0x0000000000026a1e                rpl_set_prefix
                0x0000000000026b88                rpl_set_leaf_only
                0x0000000000026ba2                rpl_get_leaf_only
 .text          0x0000000000026bb3       0x49 build/cooja/contiki-ng-cooja.a(watchdog.o)
                0x0000000000026bb3                watchdog_init
                0x0000000000026bbe                watchdog_start
                0x0000000000026bc9                watchdog_periodic
                0x0000000000026be6                watchdog_stop
                0x0000000000026bf1                watchdog_reboot
 .text          0x0000000000026bfc       0x61 build/cooja/contiki-ng-cooja.a(int-master.o)
                0x0000000000026bfc                int_master_enable
                0x0000000000026c11                int_master_read_and_disable
                0x0000000000026c31                int_master_status_set
                0x0000000000026c48                int_master_is_enabled
 .text          0x0000000000026c5d      0x125 build/cooja/contiki-ng-cooja.a(stimer.o)
                0x0000000000026c5d                stimer_set
                0x0000000000026c8c                stimer_reset
                0x0000000000026cc8                stimer_restart
                0x0000000000026ce7                stimer_expired
                0x0000000000026d29                stimer_remaining
                0x0000000000026d61                stimer_elapsed
 .text          0x0000000000026d82      0x21a build/cooja/contiki-ng-cooja.a(memb.o)
                0x0000000000026d82                memb_init
                0x0000000000026de5                memb_alloc
                0x0000000000026e5f                memb_free
                0x0000000000026ef2                memb_inmemb
                0x0000000000026f49                memb_numfree
 .text          0x0000000000026f9c      0x19d build/cooja/contiki-ng-cooja.a(ringbuf.o)
                0x0000000000026f9c                ringbuf_init
                0x0000000000026fdd                ringbuf_put
                0x000000000002706c                ringbuf_get
                0x00000000000270ea                ringbuf_size
                0x0000000000027106                ringbuf_elements
 .text          0x0000000000027139      0x481 build/cooja/contiki-ng-cooja.a(link-stats.o)
                0x0000000000027139                link_stats_from_lladdr
                0x0000000000027161                link_stats_get_lladdr
                0x0000000000027189                link_stats_is_fresh
                0x00000000000271d1                guess_etx_from_rssi
                0x0000000000027256                link_stats_packet_sent
                0x00000000000273ba                link_stats_input_callback
                0x000000000002751c                link_stats_reset
                0x0000000000027578                link_stats_init
 .text          0x00000000000275ba      0xcb3 build/cooja/contiki-ng-cooja.a(nbr-table.o)
                0x0000000000027a18                nbr_table_count_entries
                0x0000000000027aba                nbr_table_gc_get_worst
                0x0000000000027afd                nbr_table_can_accept_new
                0x0000000000027cb2                nbr_table_entry_is_allowed
                0x0000000000027d5f                nbr_table_register
                0x0000000000027df1                nbr_table_is_registered
                0x0000000000027e48                nbr_table_head
                0x0000000000027eb6                nbr_table_next
                0x0000000000027f33                nbr_table_add_lladdr
                0x0000000000028093                nbr_table_get_from_lladdr
                0x00000000000280f2                nbr_table_remove
                0x000000000002814c                nbr_table_lock
                0x0000000000028181                nbr_table_unlock
                0x00000000000281b6                nbr_table_get_lladdr
                0x00000000000281f9                nbr_table_clear
                0x0000000000028236                nbr_table_key_head
                0x000000000002824f                nbr_table_key_next
 .text          0x000000000002826d      0x1e0 build/cooja/contiki-ng-cooja.a(mac-sequence.o)
                0x000000000002826d                mac_sequence_is_duplicate
                0x000000000002834e                mac_sequence_register_seqno
 .text          0x000000000002844d      0x451 build/cooja/contiki-ng-cooja.a(framer-802154.o)
                0x00000000000285e8                framer_802154_setup_params
 .text          0x000000000002889e      0xae3 build/cooja/contiki-ng-cooja.a(csma-output.o)
                0x0000000000029080                csma_output_packet
                0x0000000000029349                csma_output_init
 .text          0x0000000000029381       0x3d build/cooja/contiki-ng-cooja.a(csma-security.o)
                0x0000000000029381                csma_security_create_frame
                0x00000000000293a7                csma_security_parse_frame
 .text          0x00000000000293be      0x8b7 build/cooja/contiki-ng-cooja.a(uip-icmp6.o)
                0x000000000002943b                uip_icmp6_input
                0x0000000000029499                uip_icmp6_register_input_handler
                0x000000000002962b                uip_icmp6_error_output
                0x0000000000029990                uip_icmp6_send
                0x0000000000029bdc                uip_icmp6_echo_reply_callback_add
                0x0000000000029c23                uip_icmp6_echo_reply_callback_rm
                0x0000000000029c4c                uip_icmp6_init
 .text          0x0000000000029c75      0x87f build/cooja/contiki-ng-cooja.a(uip-nd6.o)
                0x000000000002a4da                uip_nd6_init
 .text          0x000000000002a4f4      0x7e7 build/cooja/contiki-ng-cooja.a(uip-sr.o)
                0x000000000002a4f4                uip_sr_num_nodes
                0x000000000002a59f                uip_sr_get_node
                0x000000000002a607                uip_sr_is_addr_reachable
                0x000000000002a6cf                uip_sr_expire_parent
                0x000000000002a73e                uip_sr_update_node
                0x000000000002a8b2                uip_sr_init
                0x000000000002a8e5                uip_sr_node_head
                0x000000000002a8fe                uip_sr_node_next
                0x000000000002a91c                uip_sr_periodic
                0x000000000002aa58                uip_sr_free_all
                0x000000000002aad7                uip_sr_link_snprint
 .text          0x000000000002acdb      0x35a build/cooja/contiki-ng-cooja.a(rpl-dag-root.o)
                0x000000000002acdb                rpl_dag_root_print_links
                0x000000000002ae50                rpl_dag_root_set_prefix
                0x000000000002ae8c                rpl_dag_root_start
                0x000000000002aff5                rpl_dag_root_is_root
 .text          0x000000000002b035     0x1219 build/cooja/contiki-ng-cooja.a(rpl-dag.o)
                0x000000000002b035                rpl_dag_state_to_str
                0x000000000002b093                rpl_dag_get_root_ipaddr
                0x000000000002b0dd                rpl_dag_leave
                0x000000000002b188                rpl_dag_poison_and_leave
                0x000000000002b1a6                rpl_dag_periodic
                0x000000000002b26a                rpl_is_addr_in_our_dag
                0x000000000002b2c6                rpl_get_default_instance
                0x000000000002b2ed                rpl_get_any_dag
                0x000000000002b35a                rpl_refresh_routes
                0x000000000002b3bc                rpl_global_repair
                0x000000000002b47e                rpl_local_repair
                0x000000000002b4e0                rpl_dag_ready_to_advertise
                0x000000000002b538                rpl_dag_update_state
                0x000000000002bdfb                rpl_process_dio
                0x000000000002be9d                rpl_process_dis
                0x000000000002bef1                rpl_process_dao
                0x000000000002bf9a                rpl_process_dao_ack
                0x000000000002c04a                rpl_process_hbh
                0x000000000002c0a9                rpl_dag_init_root
                0x000000000002c22a                rpl_dag_init
 .text          0x000000000002c24e      0xdef build/cooja/contiki-ng-cooja.a(rpl-ext-header.o)
                0x000000000002c24e                rpl_ext_header_srh_get_next_hop
                0x000000000002c35f                rpl_ext_header_srh_update
                0x000000000002c9ee                rpl_ext_header_hbh_update
                0x000000000002cd8e                rpl_ext_header_update
                0x000000000002ce38                rpl_ext_header_remove
 .text          0x000000000002d03d     0x16eb build/cooja/contiki-ng-cooja.a(rpl-icmp6.o)
                0x000000000002d1d1                rpl_icmp6_update_nbr_table
                0x000000000002d286                rpl_icmp6_dis_output
                0x000000000002d9aa                rpl_icmp6_dio_output
                0x000000000002e2da                rpl_icmp6_dao_output
                0x000000000002e64b                rpl_icmp6_dao_ack_output
                0x000000000002e6e1                rpl_icmp6_init
 .text          0x000000000002e728      0x36f build/cooja/contiki-ng-cooja.a(rpl-mrhof.o)
 .text          0x000000000002ea97       0x8c build/cooja/contiki-ng-cooja.a(rpl-nbr-policy.o)
                0x000000000002eadf                rpl_nbr_gc_get_worst
 .text          0x000000000002eb23      0xadd build/cooja/contiki-ng-cooja.a(rpl-neighbor.o)
                0x000000000002ebb6                rpl_neighbor_snprint
                0x000000000002eee4                rpl_neighbor_print_list
                0x000000000002efbb                rpl_neighbor_count
                0x000000000002f0a6                rpl_neighbor_get_from_lladdr
                0x000000000002f0d1                rpl_neighbor_is_acceptable_parent
                0x000000000002f11d                rpl_neighbor_get_link_metric
                0x000000000002f169                rpl_neighbor_rank_via_nbr
                0x000000000002f1b5                rpl_neighbor_get_lladdr
                0x000000000002f1e0                rpl_neighbor_get_ipaddr
                0x000000000002f20e                rpl_neighbor_get_link_stats
                0x000000000002f23c                rpl_neighbor_is_fresh
                0x000000000002f26a                rpl_neighbor_is_parent
                0x000000000002f2a3                rpl_neighbor_set_preferred_parent
                0x000000000002f35a                rpl_neighbor_remove_all
                0x000000000002f3c0                rpl_neighbor_get_from_ipaddr
                0x000000000002f4f9                rpl_neighbor_select_best
                0x000000000002f5d9                rpl_neighbor_init
 .text          0x000000000002f600      0xd3d build/cooja/contiki-ng-cooja.a(rpl-timers.o)
                0x000000000002f600                rpl_timers_schedule_periodic_dis
                0x000000000002f7b6                rpl_timers_dio_reset
                0x000000000002f93a                rpl_timers_schedule_unicast_dio
                0x000000000002fb21                rpl_timers_schedule_dao
                0x000000000002fc27                rpl_timers_schedule_dao_ack
                0x000000000002fcec                rpl_timers_notify_dao_ack
                0x000000000002fd61                get_probing_delay
                0x000000000002fda8                get_probing_target
                0x000000000002ffe6                rpl_schedule_probing
                0x000000000003002d                rpl_schedule_probing_now
                0x00000000000300bb                rpl_timers_unschedule_leaving
                0x0000000000030105                rpl_timers_schedule_leaving
                0x0000000000030163                rpl_timers_init
                0x0000000000030215                rpl_timers_stop_dag_timers
                0x00000000000302b7                rpl_timers_unschedule_state_update
                0x00000000000302e4                rpl_timers_schedule_state_update
 .text          0x000000000003033d       0x34 build/cooja/contiki-ng-cooja.a(assert.o)
                0x000000000003033d                _xassert
 .text          0x0000000000030371       0x3a build/cooja/contiki-ng-cooja.a(mac.o)
                0x0000000000030371                mac_call_sent_callback
 .text          0x00000000000303ab      0xca9 build/cooja/contiki-ng-cooja.a(frame802154.o)
                0x00000000000303d9                frame802154_get_pan_id
                0x00000000000303ea                frame802154_set_pan_id
                0x0000000000030406                frame802154_has_panid
                0x00000000000305e5                frame802154_check_dest_panid
                0x0000000000030683                frame802154_is_broadcast_addr
                0x00000000000306da                frame802154_extract_linkaddr
                0x0000000000030974                frame802154_hdrlen
                0x00000000000309f3                frame802154_create_fcf
                0x0000000000030ac5                frame802154_create
                0x0000000000030c6f                frame802154_parse_fcf
                0x0000000000030d66                frame802154_parse
 .text          0x0000000000031054        0x0 /usr/lib/gcc/x86_64-linux-gnu/11/crtendS.o
 .text          0x0000000000031054        0x0 /usr/lib/gcc/x86_64-linux-gnu/11/../../../x86_64-linux-gnu/crtn.o
 *(.gnu.warning)

.fini           0x0000000000031054        0xd
 *(SORT_NONE(.fini))
 .fini          0x0000000000031054        0x8 /usr/lib/gcc/x86_64-linux-gnu/11/../../../x86_64-linux-gnu/crti.o
                0x0000000000031054                _fini
 .fini          0x000000000003105c        0x5 /usr/lib/gcc/x86_64-linux-gnu/11/../../../x86_64-linux-gnu/crtn.o
                [!provide]                        PROVIDE (__etext = .)
                [!provide]                        PROVIDE (_etext = .)
                [!provide]                        PROVIDE (etext = .)
                0x0000000000032000                . = ALIGN (CONSTANT (MAXPAGESIZE))
                0x0000000000032000                . = SEGMENT_START ("rodata-segment", (ALIGN (CONSTANT (MAXPAGESIZE)) + (. & (CONSTANT (MAXPAGESIZE) - 0x1))))

.rodata         0x0000000000032000      0xbf5
 *(.rodata .rodata.* .gnu.linkonce.r.*)
 .rodata        0x0000000000032000      0x125 personal-mqtt.o
 .rodata        0x0000000000032125        0x6 build/cooja/contiki-ng-cooja.a(leds-arch.o)
                0x0000000000032125                leds_arch_leds
 .rodata        0x000000000003212b        0x4 build/cooja/contiki-ng-cooja.a(pir-sensor.o)
 .rodata        0x000000000003212f        0x3 build/cooja/contiki-ng-cooja.a(rs232.o)
 .rodata        0x0000000000032132        0xa build/cooja/contiki-ng-cooja.a(vib-sensor.o)
 *fill*         0x000000000003213c        0x4 
 .rodata        0x0000000000032140       0x26 build/cooja/contiki-ng-cooja.a(cfs-cooja.o)
 *fill*         0x0000000000032166        0x2 
 .rodata        0x0000000000032168       0x68 build/cooja/contiki-ng-cooja.a(cooja-radio.o)
 .rodata        0x00000000000321d0        0x8 build/cooja/contiki-ng-cooja.a(sensors.o)
 .rodata        0x00000000000321d8       0x14 build/cooja/contiki-ng-cooja.a(buttons.o)
                0x00000000000321e4                button_hal_button_count
 .rodata        0x00000000000321ec      0x29c build/cooja/contiki-ng-cooja.a(mqtt.o)
 .rodata        0x0000000000032488       0xf4 build/cooja/contiki-ng-cooja.a(contiki-main.o)
 .rodata        0x000000000003257c        0xf build/cooja/contiki-ng-cooja.a(ctimer.o)
 .rodata        0x000000000003258b        0xc build/cooja/contiki-ng-cooja.a(etimer.o)
 *fill*         0x0000000000032597        0x1 
 .rodata        0x0000000000032598       0xc0 build/cooja/contiki-ng-cooja.a(log.o)
 .rodata        0x0000000000032658       0x13 build/cooja/contiki-ng-cooja.a(button-hal.o)
 .rodata        0x000000000003266b        0xe build/cooja/contiki-ng-cooja.a(serial-line.o)
 *fill*         0x0000000000032679        0x7 
 .rodata        0x0000000000032680        0x8 build/cooja/contiki-ng-cooja.a(linkaddr.o)
                0x0000000000032680                linkaddr_null
 *fill*         0x0000000000032688        0x8 
 .rodata        0x0000000000032690      0x280 build/cooja/contiki-ng-cooja.a(strformat.o)
 .rodata        0x0000000000032910        0x5 build/cooja/contiki-ng-cooja.a(csma.o)
 .rodata        0x0000000000032915       0x1d build/cooja/contiki-ng-cooja.a(sicslowpan.o)
                0x0000000000032915                unc_llconf
                0x0000000000032919                unc_ctxconf
                0x000000000003291d                unc_mxconf
                0x0000000000032921                llprefix
 .rodata        0x0000000000032932       0x13 build/cooja/contiki-ng-cooja.a(tcp-socket.o)
 .rodata        0x0000000000032945        0xd build/cooja/contiki-ng-cooja.a(tcpip.o)
 *fill*         0x0000000000032952        0x6 
 .rodata        0x0000000000032958       0x4c build/cooja/contiki-ng-cooja.a(uip-ds6-route.o)
 .rodata        0x00000000000329a4       0x48 build/cooja/contiki-ng-cooja.a(uip6.o)
 .rodata        0x00000000000329ec       0x2d build/cooja/contiki-ng-cooja.a(uiplib.o)
 .rodata        0x0000000000032a19        0x9 build/cooja/contiki-ng-cooja.a(rpl.o)
 *fill*         0x0000000000032a22        0x6 
 .rodata        0x0000000000032a28       0x24 build/cooja/contiki-ng-cooja.a(csma-output.o)
 .rodata        0x0000000000032a4c       0x44 build/cooja/contiki-ng-cooja.a(uip-sr.o)
 .rodata        0x0000000000032a90       0xd7 build/cooja/contiki-ng-cooja.a(rpl-dag.o)
 *fill*         0x0000000000032b67        0x1 
 .rodata        0x0000000000032b68       0x58 build/cooja/contiki-ng-cooja.a(rpl-neighbor.o)
 .rodata        0x0000000000032bc0        0xc build/cooja/contiki-ng-cooja.a(rpl-timers.o)
 *fill*         0x0000000000032bcc        0x4 
 .rodata        0x0000000000032bd0       0x25 build/cooja/contiki-ng-cooja.a(assert.o)

.rodata1
 *(.rodata1)

.eh_frame_hdr   0x0000000000032bf8     0x18ec
 *(.eh_frame_hdr)
 .eh_frame_hdr  0x0000000000032bf8     0x18ec personal-mqtt.o
                0x0000000000032bf8                __GNU_EH_FRAME_HDR
 *(.eh_frame_entry .eh_frame_entry.*)

.eh_frame       0x00000000000344e8     0x6410
 *(.eh_frame)
 .eh_frame      0x00000000000344e8       0x40 /usr/lib/gcc/x86_64-linux-gnu/11/../../../x86_64-linux-gnu/crti.o
 .eh_frame      0x0000000000034528       0x18 /usr/lib/gcc/x86_64-linux-gnu/11/../../../x86_64-linux-gnu/crti.o
                                         0x30 (size before relaxing)
 .eh_frame      0x0000000000034540       0x18 /usr/lib/gcc/x86_64-linux-gnu/11/../../../x86_64-linux-gnu/crti.o
                                         0x30 (size before relaxing)
 .eh_frame      0x0000000000034558       0xc0 personal-mqtt.o
                                         0xd8 (size before relaxing)
 .eh_frame      0x0000000000034618      0x198 build/cooja/mtype508493532.o
                                        0x1b0 (size before relaxing)
 .eh_frame      0x00000000000347b0       0x40 build/cooja/contiki-ng-cooja.a(simEnvChange.o)
                                         0x58 (size before relaxing)
 .eh_frame      0x00000000000347f0       0x60 build/cooja/contiki-ng-cooja.a(cooja_mt.o)
                                         0x78 (size before relaxing)
 .eh_frame      0x0000000000034850       0x80 build/cooja/contiki-ng-cooja.a(cooja_mtarch.o)
                                         0x98 (size before relaxing)
 .eh_frame      0x00000000000348d0       0xc0 build/cooja/contiki-ng-cooja.a(rtimer-arch.o)
                                         0xd8 (size before relaxing)
 .eh_frame      0x0000000000034990      0x160 build/cooja/contiki-ng-cooja.a(beep.o)
                                        0x178 (size before relaxing)
 .eh_frame      0x0000000000034af0       0x80 build/cooja/contiki-ng-cooja.a(leds-arch.o)
                                         0x98 (size before relaxing)
 .eh_frame      0x0000000000034b70       0x40 build/cooja/contiki-ng-cooja.a(moteid.o)
                                         0x58 (size before relaxing)
 .eh_frame      0x0000000000034bb0       0xa0 build/cooja/contiki-ng-cooja.a(pir-sensor.o)
                                         0xb8 (size before relaxing)
 .eh_frame      0x0000000000034c50      0x100 build/cooja/contiki-ng-cooja.a(rs232.o)
                                        0x118 (size before relaxing)
 .eh_frame      0x0000000000034d50       0xa0 build/cooja/contiki-ng-cooja.a(vib-sensor.o)
                                         0xb8 (size before relaxing)
 .eh_frame      0x0000000000034df0       0xc0 build/cooja/contiki-ng-cooja.a(clock.o)
                                         0xd8 (size before relaxing)
 .eh_frame      0x0000000000034eb0      0x100 build/cooja/contiki-ng-cooja.a(cooja-log.o)
                                        0x118 (size before relaxing)
 .eh_frame      0x0000000000034fb0      0x160 build/cooja/contiki-ng-cooja.a(cfs-cooja.o)
                                        0x178 (size before relaxing)
 .eh_frame      0x0000000000035110      0x360 build/cooja/contiki-ng-cooja.a(cooja-radio.o)
                                        0x378 (size before relaxing)
 .eh_frame      0x0000000000035470       0xa0 build/cooja/contiki-ng-cooja.a(eeprom.o)
                                         0xb8 (size before relaxing)
 .eh_frame      0x0000000000035510       0x40 build/cooja/contiki-ng-cooja.a(random.o)
                                         0x58 (size before relaxing)
 .eh_frame      0x0000000000035550       0xc0 build/cooja/contiki-ng-cooja.a(sensors.o)
                                         0xd8 (size before relaxing)
 .eh_frame      0x0000000000035610      0x120 build/cooja/contiki-ng-cooja.a(leds.o)
                                        0x138 (size before relaxing)
 .eh_frame      0x0000000000035730      0x220 build/cooja/contiki-ng-cooja.a(gpio-hal-arch.o)
                                        0x238 (size before relaxing)
 .eh_frame      0x0000000000035950       0xa0 build/cooja/contiki-ng-cooja.a(buttons.o)
                                         0xb8 (size before relaxing)
 .eh_frame      0x00000000000359f0      0x4e0 build/cooja/contiki-ng-cooja.a(mqtt.o)
                                        0x4f8 (size before relaxing)
 .eh_frame      0x0000000000035ed0       0x20 build/cooja/contiki-ng-cooja.a(contiki-main.o)
                                         0x38 (size before relaxing)
 .eh_frame      0x0000000000035ef0       0x40 build/cooja/contiki-ng-cooja.a(autostart.o)
                                         0x58 (size before relaxing)
 .eh_frame      0x0000000000035f30      0x100 build/cooja/contiki-ng-cooja.a(ctimer.o)
                                        0x118 (size before relaxing)
 .eh_frame      0x0000000000036030       0x60 build/cooja/contiki-ng-cooja.a(energest.o)
                                         0x78 (size before relaxing)
 .eh_frame      0x0000000000036090      0x1e0 build/cooja/contiki-ng-cooja.a(etimer.o)
                                        0x1f8 (size before relaxing)
 .eh_frame      0x0000000000036270      0x120 build/cooja/contiki-ng-cooja.a(log.o)
                                        0x138 (size before relaxing)
 .eh_frame      0x0000000000036390       0x20 build/cooja/contiki-ng-cooja.a(node-id.o)
                                         0x38 (size before relaxing)
 .eh_frame      0x00000000000363b0      0x1c8 build/cooja/contiki-ng-cooja.a(process.o)
                                        0x1e0 (size before relaxing)
 .eh_frame      0x0000000000036578       0x60 build/cooja/contiki-ng-cooja.a(rtimer.o)
                                         0x78 (size before relaxing)
 .eh_frame      0x00000000000365d8       0xa0 build/cooja/contiki-ng-cooja.a(timer.o)
                                         0xb8 (size before relaxing)
 .eh_frame      0x0000000000036678      0x1a0 build/cooja/contiki-ng-cooja.a(list.o)
                                        0x1b8 (size before relaxing)
 .eh_frame      0x0000000000036818      0x160 build/cooja/contiki-ng-cooja.a(button-hal.o)
                                        0x178 (size before relaxing)
 .eh_frame      0x0000000000036978       0xe0 build/cooja/contiki-ng-cooja.a(gpio-hal.o)
                                         0xf8 (size before relaxing)
 .eh_frame      0x0000000000036a58       0x60 build/cooja/contiki-ng-cooja.a(serial-line.o)
                                         0x78 (size before relaxing)
 .eh_frame      0x0000000000036ab8       0x60 build/cooja/contiki-ng-cooja.a(linkaddr.o)
                                         0x78 (size before relaxing)
 .eh_frame      0x0000000000036b18       0x80 build/cooja/contiki-ng-cooja.a(netstack.o)
                                         0x98 (size before relaxing)
 .eh_frame      0x0000000000036b98      0x288 build/cooja/contiki-ng-cooja.a(packetbuf.o)
                                        0x2a0 (size before relaxing)
 .eh_frame      0x0000000000036e20      0x1a0 build/cooja/contiki-ng-cooja.a(queuebuf.o)
                                        0x1b8 (size before relaxing)
 .eh_frame      0x0000000000036fc0       0x40 build/cooja/contiki-ng-cooja.a(printf.o)
                                         0x58 (size before relaxing)
 .eh_frame      0x0000000000037000       0x20 build/cooja/contiki-ng-cooja.a(putchar.o)
                                         0x38 (size before relaxing)
 .eh_frame      0x0000000000037020       0x20 build/cooja/contiki-ng-cooja.a(puts.o)
                                         0x38 (size before relaxing)
 .eh_frame      0x0000000000037040       0x60 build/cooja/contiki-ng-cooja.a(snprintf.o)
                                         0x78 (size before relaxing)
 .eh_frame      0x00000000000370a0      0x120 build/cooja/contiki-ng-cooja.a(strformat.o)
                                        0x138 (size before relaxing)
 .eh_frame      0x00000000000371c0       0xe0 build/cooja/contiki-ng-cooja.a(csma.o)
                                         0xf8 (size before relaxing)
 .eh_frame      0x00000000000372a0      0x2e0 build/cooja/contiki-ng-cooja.a(sicslowpan.o)
                                        0x2f8 (size before relaxing)
 .eh_frame      0x0000000000037580      0x248 build/cooja/contiki-ng-cooja.a(tcp-socket.o)
                                        0x260 (size before relaxing)
 .eh_frame      0x00000000000377c8      0x308 build/cooja/contiki-ng-cooja.a(tcpip.o)
                                        0x320 (size before relaxing)
 .eh_frame      0x0000000000037ad0      0x1c0 build/cooja/contiki-ng-cooja.a(uip-ds6-nbr.o)
                                        0x1d8 (size before relaxing)
 .eh_frame      0x0000000000037c90      0x240 build/cooja/contiki-ng-cooja.a(uip-ds6-route.o)
                                        0x258 (size before relaxing)
 .eh_frame      0x0000000000037ed0      0x328 build/cooja/contiki-ng-cooja.a(uip-ds6.o)
                                        0x340 (size before relaxing)
 .eh_frame      0x00000000000381f8       0xe0 build/cooja/contiki-ng-cooja.a(uip-packetqueue.o)
                                         0xf8 (size before relaxing)
 .eh_frame      0x00000000000382d8      0x2b0 build/cooja/contiki-ng-cooja.a(uip6.o)
                                        0x2c8 (size before relaxing)
 .eh_frame      0x0000000000038588      0x200 build/cooja/contiki-ng-cooja.a(uipbuf.o)
                                        0x218 (size before relaxing)
 .eh_frame      0x0000000000038788       0x80 build/cooja/contiki-ng-cooja.a(uiplib.o)
                                         0x98 (size before relaxing)
 .eh_frame      0x0000000000038808      0x1e0 build/cooja/contiki-ng-cooja.a(rpl.o)
                                        0x1f8 (size before relaxing)
 .eh_frame      0x00000000000389e8       0xa0 build/cooja/contiki-ng-cooja.a(watchdog.o)
                                         0xb8 (size before relaxing)
 .eh_frame      0x0000000000038a88       0x80 build/cooja/contiki-ng-cooja.a(int-master.o)
                                         0x98 (size before relaxing)
 .eh_frame      0x0000000000038b08       0xc0 build/cooja/contiki-ng-cooja.a(stimer.o)
                                         0xd8 (size before relaxing)
 .eh_frame      0x0000000000038bc8       0xa0 build/cooja/contiki-ng-cooja.a(memb.o)
                                         0xb8 (size before relaxing)
 .eh_frame      0x0000000000038c68       0xa0 build/cooja/contiki-ng-cooja.a(ringbuf.o)
                                         0xb8 (size before relaxing)
 .eh_frame      0x0000000000038d08      0x120 build/cooja/contiki-ng-cooja.a(link-stats.o)
                                        0x138 (size before relaxing)
 .eh_frame      0x0000000000038e28      0x3e0 build/cooja/contiki-ng-cooja.a(nbr-table.o)
                                        0x3f8 (size before relaxing)
 .eh_frame      0x0000000000039208       0x48 build/cooja/contiki-ng-cooja.a(mac-sequence.o)
                                         0x60 (size before relaxing)
 .eh_frame      0x0000000000039250       0xa8 build/cooja/contiki-ng-cooja.a(framer-802154.o)
                                         0xc0 (size before relaxing)
 .eh_frame      0x00000000000392f8      0x1c8 build/cooja/contiki-ng-cooja.a(csma-output.o)
                                        0x1e0 (size before relaxing)
 .eh_frame      0x00000000000394c0       0x40 build/cooja/contiki-ng-cooja.a(csma-security.o)
                                         0x58 (size before relaxing)
 .eh_frame      0x0000000000039500      0x148 build/cooja/contiki-ng-cooja.a(uip-icmp6.o)
                                        0x160 (size before relaxing)
 .eh_frame      0x0000000000039648       0x80 build/cooja/contiki-ng-cooja.a(uip-nd6.o)
                                         0x98 (size before relaxing)
 .eh_frame      0x00000000000396c8      0x180 build/cooja/contiki-ng-cooja.a(uip-sr.o)
                                        0x198 (size before relaxing)
 .eh_frame      0x0000000000039848       0xa0 build/cooja/contiki-ng-cooja.a(rpl-dag-root.o)
                                         0xb8 (size before relaxing)
 .eh_frame      0x00000000000398e8      0x360 build/cooja/contiki-ng-cooja.a(rpl-dag.o)
                                        0x378 (size before relaxing)
 .eh_frame      0x0000000000039c48      0x128 build/cooja/contiki-ng-cooja.a(rpl-ext-header.o)
                                        0x140 (size before relaxing)
 .eh_frame      0x0000000000039d70      0x1c0 build/cooja/contiki-ng-cooja.a(rpl-icmp6.o)
                                        0x1d8 (size before relaxing)
 .eh_frame      0x0000000000039f30      0x148 build/cooja/contiki-ng-cooja.a(rpl-mrhof.o)
                                        0x160 (size before relaxing)
 .eh_frame      0x000000000003a078       0x40 build/cooja/contiki-ng-cooja.a(rpl-nbr-policy.o)
                                         0x58 (size before relaxing)
 .eh_frame      0x000000000003a0b8      0x2b0 build/cooja/contiki-ng-cooja.a(rpl-neighbor.o)
                                        0x2c8 (size before relaxing)
 .eh_frame      0x000000000003a368      0x3a8 build/cooja/contiki-ng-cooja.a(rpl-timers.o)
                                        0x3c0 (size before relaxing)
 .eh_frame      0x000000000003a710       0x20 build/cooja/contiki-ng-cooja.a(assert.o)
                                         0x38 (size before relaxing)
 .eh_frame      0x000000000003a730       0x20 build/cooja/contiki-ng-cooja.a(mac.o)
                                         0x38 (size before relaxing)
 .eh_frame      0x000000000003a750      0x1a4 build/cooja/contiki-ng-cooja.a(frame802154.o)
                                        0x1c0 (size before relaxing)
 .eh_frame      0x000000000003a8f4        0x4 /usr/lib/gcc/x86_64-linux-gnu/11/crtendS.o
 *(.eh_frame.*)

.gcc_except_table
 *(.gcc_except_table .gcc_except_table.*)

.gnu_extab
 *(.gnu_extab*)

.exception_ranges
 *(.exception_ranges*)
                0x000000000003c6f0                . = DATA_SEGMENT_ALIGN (CONSTANT (MAXPAGESIZE), CONSTANT (COMMONPAGESIZE))

.eh_frame
 *(.eh_frame)
 *(.eh_frame.*)

.gnu_extab
 *(.gnu_extab)

.gcc_except_table
 *(.gcc_except_table .gcc_except_table.*)

.exception_ranges
 *(.exception_ranges*)

.tdata
 *(.tdata .tdata.* .gnu.linkonce.td.*)

.tbss
 *(.tbss .tbss.* .gnu.linkonce.tb.*)
 *(.tcommon)

.preinit_array
 *(.preinit_array)

.init_array     0x000000000003c6f0        0x8
 *(SORT_BY_INIT_PRIORITY(.init_array.*) SORT_BY_INIT_PRIORITY(.ctors.*))
 *(.init_array EXCLUDE_FILE(*crtend?.o *crtend.o *crtbegin?.o *crtbegin.o) .ctors)
 .init_array    0x000000000003c6f0        0x8 /usr/lib/gcc/x86_64-linux-gnu/11/crtbeginS.o

.fini_array     0x000000000003c6f8        0x8
 *(SORT_BY_INIT_PRIORITY(.fini_array.*) SORT_BY_INIT_PRIORITY(.dtors.*))
 *(.fini_array EXCLUDE_FILE(*crtend?.o *crtend.o *crtbegin?.o *crtbegin.o) .dtors)
 .fini_array    0x000000000003c6f8        0x8 /usr/lib/gcc/x86_64-linux-gnu/11/crtbeginS.o

.ctors
 *crtbegin.o(.ctors)
 *crtbegin?.o(.ctors)
 *(EXCLUDE_FILE(*crtend?.o *crtend.o) .ctors)
 *(SORT_BY_NAME(.ctors.*))
 *(.ctors)

.dtors
 *crtbegin.o(.dtors)
 *crtbegin?.o(.dtors)
 *(EXCLUDE_FILE(*crtend?.o *crtend.o) .dtors)
 *(SORT_BY_NAME(.dtors.*))
 *(.dtors)

.jcr
 *(.jcr)

.data.rel.ro    0x000000000003c700      0x350
 *(.data.rel.ro.local* .gnu.linkonce.d.rel.ro.local.*)
 .data.rel.ro.local
                0x000000000003c700       0x10 build/cooja/contiki-ng-cooja.a(beep.o)
                0x000000000003c700                beep_interface
 .data.rel.ro.local
                0x000000000003c710       0x10 build/cooja/contiki-ng-cooja.a(leds-arch.o)
                0x000000000003c710                leds_interface
 .data.rel.ro.local
                0x000000000003c720       0x10 build/cooja/contiki-ng-cooja.a(moteid.o)
                0x000000000003c720                moteid_interface
 *fill*         0x000000000003c730       0x10 
 .data.rel.ro.local
                0x000000000003c740       0x40 build/cooja/contiki-ng-cooja.a(pir-sensor.o)
                0x000000000003c740                pir_interface
                0x000000000003c760                pir_sensor
 .data.rel.ro.local
                0x000000000003c780       0x10 build/cooja/contiki-ng-cooja.a(rs232.o)
                0x000000000003c780                rs232_interface
 *fill*         0x000000000003c790       0x10 
 .data.rel.ro.local
                0x000000000003c7a0       0x40 build/cooja/contiki-ng-cooja.a(vib-sensor.o)
                0x000000000003c7a0                vib_interface
                0x000000000003c7c0                vib_sensor
 .data.rel.ro.local
                0x000000000003c7e0       0x10 build/cooja/contiki-ng-cooja.a(clock.o)
                0x000000000003c7e0                clock_interface
 .data.rel.ro.local
                0x000000000003c7f0       0x10 build/cooja/contiki-ng-cooja.a(cooja-log.o)
                0x000000000003c7f0                simlog_interface
 .data.rel.ro.local
                0x000000000003c800       0x10 build/cooja/contiki-ng-cooja.a(cfs-cooja.o)
                0x000000000003c800                cfs_interface
 *fill*         0x000000000003c810       0x10 
 .data.rel.ro.local
                0x000000000003c820       0x90 build/cooja/contiki-ng-cooja.a(cooja-radio.o)
                0x000000000003c820                radio_interface
                0x000000000003c840                cooja_radio_driver
 .data.rel.ro.local
                0x000000000003c8b0       0x10 build/cooja/contiki-ng-cooja.a(eeprom.o)
                0x000000000003c8b0                eeprom_interface
 .data.rel.ro.local
                0x000000000003c8c0       0x40 build/cooja/contiki-ng-cooja.a(buttons.o)
                0x000000000003c8c0                button_interface
                0x000000000003c8e0                button_sensor
 .data.rel.ro.local
                0x000000000003c900       0x38 build/cooja/contiki-ng-cooja.a(csma.o)
                0x000000000003c900                csma_driver
 *fill*         0x000000000003c938        0x8 
 .data.rel.ro.local
                0x000000000003c940       0x18 build/cooja/contiki-ng-cooja.a(framer-802154.o)
                0x000000000003c940                framer_802154
 *(.data.rel.ro .data.rel.ro.* .gnu.linkonce.d.rel.ro.*)
 .data.rel.ro   0x000000000003c958        0x0 /usr/lib/gcc/x86_64-linux-gnu/11/../../../x86_64-linux-gnu/crti.o
 *fill*         0x000000000003c958        0x8 
 .data.rel.ro   0x000000000003c960       0x10 personal-mqtt.o
                0x000000000003c960                autostart_processes
 *fill*         0x000000000003c970       0x10 
 .data.rel.ro   0x000000000003c980       0x20 build/cooja/contiki-ng-cooja.a(sicslowpan.o)
                0x000000000003c980                sicslowpan_driver
 .data.rel.ro   0x000000000003c9a0       0xa8 build/cooja/contiki-ng-cooja.a(rpl.o)
                0x000000000003c9a0                rpl_lite_driver
 .data.rel.ro   0x000000000003ca48        0x8 build/cooja/contiki-ng-cooja.a(rpl-dag.o)

.dynamic        0x000000000003ca50      0x1c0
 *(.dynamic)
 .dynamic       0x000000000003ca50      0x1c0 /usr/lib/gcc/x86_64-linux-gnu/11/../../../x86_64-linux-gnu/crti.o
                0x000000000003ca50                _DYNAMIC

.got            0x000000000003cc10      0x3f0
 *(.got)
 .got           0x000000000003cc10      0x3f0 /usr/lib/gcc/x86_64-linux-gnu/11/../../../x86_64-linux-gnu/crti.o
 *(.igot)
                0x000000000003dfe8                . = DATA_SEGMENT_RELRO_END (., (SIZEOF (.got.plt) >= 0x18)?0x18:0x0)

.got.plt        0x000000000003d000      0xba0
 *(.got.plt)
 .got.plt       0x000000000003d000      0xba0 /usr/lib/gcc/x86_64-linux-gnu/11/../../../x86_64-linux-gnu/crti.o
                0x000000000003d000                _GLOBAL_OFFSET_TABLE_
 *(.igot.plt)

.data           0x000000000003dba0      0x7f2
 *(.data .data.* .gnu.linkonce.d.*)
 .data          0x000000000003dba0        0x0 /usr/lib/gcc/x86_64-linux-gnu/11/../../../x86_64-linux-gnu/crti.o
 .data          0x000000000003dba0        0x0 /usr/lib/gcc/x86_64-linux-gnu/11/crtbeginS.o
 .data.rel.local
                0x000000000003dba0        0x8 /usr/lib/gcc/x86_64-linux-gnu/11/crtbeginS.o
                0x000000000003dba0                __dso_handle
 .data          0x000000000003dba8        0x0 personal-mqtt.o
 *fill*         0x000000000003dba8       0x18 
 .data.rel.local
                0x000000000003dbc0       0x20 personal-mqtt.o
                0x000000000003dbc0                mqtt_client_process
 .data          0x000000000003dbe0        0x0 build/cooja/mtype508493532.o
 .data.rel      0x000000000003dbe0       0xa0 build/cooja/mtype508493532.o
                0x000000000003dbe0                simInterfaces
                0x000000000003dc60                sensors
 .data          0x000000000003dc80        0x0 build/cooja/contiki-ng-cooja.a(simEnvChange.o)
 .data          0x000000000003dc80        0x0 build/cooja/contiki-ng-cooja.a(cooja_mt.o)
 .data          0x000000000003dc80        0x0 build/cooja/contiki-ng-cooja.a(cooja_mtarch.o)
 .data          0x000000000003dc80        0x0 build/cooja/contiki-ng-cooja.a(rtimer-arch.o)
 .data          0x000000000003dc80        0x0 build/cooja/contiki-ng-cooja.a(beep.o)
 .data          0x000000000003dc80        0x0 build/cooja/contiki-ng-cooja.a(leds-arch.o)
 .data          0x000000000003dc80        0x0 build/cooja/contiki-ng-cooja.a(moteid.o)
 .data          0x000000000003dc80        0x0 build/cooja/contiki-ng-cooja.a(pir-sensor.o)
 .data          0x000000000003dc80        0x0 build/cooja/contiki-ng-cooja.a(rs232.o)
 .data          0x000000000003dc80        0x0 build/cooja/contiki-ng-cooja.a(vib-sensor.o)
 .data          0x000000000003dc80        0x0 build/cooja/contiki-ng-cooja.a(clock.o)
 .data          0x000000000003dc80        0x0 build/cooja/contiki-ng-cooja.a(cooja-log.o)
 .data          0x000000000003dc80        0x0 build/cooja/contiki-ng-cooja.a(cfs-cooja.o)
 .data          0x000000000003dc80       0x20 build/cooja/contiki-ng-cooja.a(cooja-radio.o)
                0x000000000003dc80                simRadioHWOn
                0x000000000003dc84                simSignalStrength
                0x000000000003dc88                simLastSignalStrength
                0x000000000003dc8c                simPower
                0x000000000003dc90                simRadioChannel
                0x000000000003dc94                simLQI
                0x000000000003dc98                simLastLQI
 .data.rel.local
                0x000000000003dca0       0x20 build/cooja/contiki-ng-cooja.a(cooja-radio.o)
                0x000000000003dca0                cooja_radio_process
 .data          0x000000000003dcc0        0x0 build/cooja/contiki-ng-cooja.a(eeprom.o)
 .data          0x000000000003dcc0        0x0 build/cooja/contiki-ng-cooja.a(random.o)
 .data          0x000000000003dcc0        0x0 build/cooja/contiki-ng-cooja.a(sensors.o)
 .data.rel.local
                0x000000000003dcc0       0x20 build/cooja/contiki-ng-cooja.a(sensors.o)
                0x000000000003dcc0                sensors_process
 .data          0x000000000003dce0        0x0 build/cooja/contiki-ng-cooja.a(leds.o)
 .data          0x000000000003dce0        0x0 build/cooja/contiki-ng-cooja.a(gpio-hal-arch.o)
 .data          0x000000000003dce0        0x1 build/cooja/contiki-ng-cooja.a(buttons.o)
                0x000000000003dce0                simButtonIsActive
 *fill*         0x000000000003dce1       0x1f 
 .data.rel.local
                0x000000000003dd00       0xb0 build/cooja/contiki-ng-cooja.a(buttons.o)
                0x000000000003dda0                button_hal_buttons
 .data          0x000000000003ddb0        0x0 build/cooja/contiki-ng-cooja.a(mqtt.o)
 *fill*         0x000000000003ddb0       0x10 
 .data.rel.local
                0x000000000003ddc0       0x40 build/cooja/contiki-ng-cooja.a(mqtt.o)
                0x000000000003dde0                mqtt_process
 .data          0x000000000003de00        0x0 build/cooja/contiki-ng-cooja.a(contiki-main.o)
 .data          0x000000000003de00        0x0 build/cooja/contiki-ng-cooja.a(autostart.o)
 .data          0x000000000003de00        0x0 build/cooja/contiki-ng-cooja.a(ctimer.o)
 .data.rel.local
                0x000000000003de00       0x40 build/cooja/contiki-ng-cooja.a(ctimer.o)
                0x000000000003de20                ctimer_process
 .data          0x000000000003de40        0x0 build/cooja/contiki-ng-cooja.a(energest.o)
 .data          0x000000000003de40        0x0 build/cooja/contiki-ng-cooja.a(etimer.o)
 .data.rel.local
                0x000000000003de40       0x20 build/cooja/contiki-ng-cooja.a(etimer.o)
                0x000000000003de40                etimer_process
 .data          0x000000000003de60        0x4 build/cooja/contiki-ng-cooja.a(log.o)
                0x000000000003de60                curr_log_level_main
 *fill*         0x000000000003de64       0x1c 
 .data.rel      0x000000000003de80      0x138 build/cooja/contiki-ng-cooja.a(log.o)
                0x000000000003de80                all_modules
 .data          0x000000000003dfb8        0x0 build/cooja/contiki-ng-cooja.a(node-id.o)
 .data          0x000000000003dfb8        0x0 build/cooja/contiki-ng-cooja.a(process.o)
 .data          0x000000000003dfb8        0x0 build/cooja/contiki-ng-cooja.a(rtimer.o)
 .data          0x000000000003dfb8        0x0 build/cooja/contiki-ng-cooja.a(timer.o)
 .data          0x000000000003dfb8        0x0 build/cooja/contiki-ng-cooja.a(list.o)
 .data          0x000000000003dfb8        0x0 build/cooja/contiki-ng-cooja.a(button-hal.o)
 *fill*         0x000000000003dfb8        0x8 
 .data.rel.local
                0x000000000003dfc0       0x20 build/cooja/contiki-ng-cooja.a(button-hal.o)
                0x000000000003dfc0                button_hal_process
 .data          0x000000000003dfe0        0x0 build/cooja/contiki-ng-cooja.a(gpio-hal.o)
 .data.rel.local
                0x000000000003dfe0        0x8 build/cooja/contiki-ng-cooja.a(gpio-hal.o)
 .data          0x000000000003dfe8        0x0 build/cooja/contiki-ng-cooja.a(serial-line.o)
 *fill*         0x000000000003dfe8       0x18 
 .data.rel.local
                0x000000000003e000       0x20 build/cooja/contiki-ng-cooja.a(serial-line.o)
                0x000000000003e000                serial_line_process
 .data          0x000000000003e020        0x0 build/cooja/contiki-ng-cooja.a(linkaddr.o)
 .data          0x000000000003e020        0x0 build/cooja/contiki-ng-cooja.a(netstack.o)
 .data.rel.local
                0x000000000003e020        0x8 build/cooja/contiki-ng-cooja.a(netstack.o)
 .data          0x000000000003e028        0x0 build/cooja/contiki-ng-cooja.a(packetbuf.o)
 .data.rel.local
                0x000000000003e028        0x8 build/cooja/contiki-ng-cooja.a(packetbuf.o)
 .data          0x000000000003e030        0x0 build/cooja/contiki-ng-cooja.a(queuebuf.o)
 .data.rel.local
                0x000000000003e030       0x38 build/cooja/contiki-ng-cooja.a(queuebuf.o)
 .data          0x000000000003e068        0x0 build/cooja/contiki-ng-cooja.a(printf.o)
 *fill*         0x000000000003e068        0x8 
 .data.rel.local
                0x000000000003e070       0x10 build/cooja/contiki-ng-cooja.a(printf.o)
 .data          0x000000000003e080        0x0 build/cooja/contiki-ng-cooja.a(putchar.o)
 .data          0x000000000003e080        0x0 build/cooja/contiki-ng-cooja.a(puts.o)
 .data          0x000000000003e080        0x0 build/cooja/contiki-ng-cooja.a(snprintf.o)
 .data          0x000000000003e080        0x0 build/cooja/contiki-ng-cooja.a(strformat.o)
 .data          0x000000000003e080        0x0 build/cooja/contiki-ng-cooja.a(csma.o)
 .data          0x000000000003e080        0x0 build/cooja/contiki-ng-cooja.a(sicslowpan.o)
 .data          0x000000000003e080        0x0 build/cooja/contiki-ng-cooja.a(tcp-socket.o)
 .data.rel.local
                0x000000000003e080       0x40 build/cooja/contiki-ng-cooja.a(tcp-socket.o)
                0x000000000003e0a0                tcp_socket_process
 .data          0x000000000003e0c0        0x0 build/cooja/contiki-ng-cooja.a(tcpip.o)
 .data.rel.local
                0x000000000003e0c0       0x20 build/cooja/contiki-ng-cooja.a(tcpip.o)
                0x000000000003e0c0                tcpip_process
 .data          0x000000000003e0e0        0x0 build/cooja/contiki-ng-cooja.a(uip-ds6-nbr.o)
 .data.rel.local
                0x000000000003e0e0       0x20 build/cooja/contiki-ng-cooja.a(uip-ds6-nbr.o)
 .data          0x000000000003e100        0x0 build/cooja/contiki-ng-cooja.a(uip-ds6-route.o)
 .data.rel.local
                0x000000000003e100       0x28 build/cooja/contiki-ng-cooja.a(uip-ds6-route.o)
 .data          0x000000000003e128        0x0 build/cooja/contiki-ng-cooja.a(uip-ds6.o)
 .data          0x000000000003e128        0x0 build/cooja/contiki-ng-cooja.a(uip-packetqueue.o)
 *fill*         0x000000000003e128        0x8 
 .data.rel.local
                0x000000000003e130       0x18 build/cooja/contiki-ng-cooja.a(uip-packetqueue.o)
 .data          0x000000000003e148        0x0 build/cooja/contiki-ng-cooja.a(uip6.o)
 .data          0x000000000003e148        0x0 build/cooja/contiki-ng-cooja.a(uipbuf.o)
 .data          0x000000000003e148        0x0 build/cooja/contiki-ng-cooja.a(uiplib.o)
 .data          0x000000000003e148        0x0 build/cooja/contiki-ng-cooja.a(rpl.o)
 .data          0x000000000003e148        0x0 build/cooja/contiki-ng-cooja.a(watchdog.o)
 .data          0x000000000003e148        0x0 build/cooja/contiki-ng-cooja.a(int-master.o)
 .data          0x000000000003e148        0x0 build/cooja/contiki-ng-cooja.a(stimer.o)
 .data          0x000000000003e148        0x0 build/cooja/contiki-ng-cooja.a(memb.o)
 .data          0x000000000003e148        0x0 build/cooja/contiki-ng-cooja.a(ringbuf.o)
 .data          0x000000000003e148        0x0 build/cooja/contiki-ng-cooja.a(link-stats.o)
 *fill*         0x000000000003e148        0x8 
 .data.rel.local
                0x000000000003e150       0x20 build/cooja/contiki-ng-cooja.a(link-stats.o)
 .data          0x000000000003e170        0x0 build/cooja/contiki-ng-cooja.a(nbr-table.o)
 .data.rel.local
                0x000000000003e170       0x20 build/cooja/contiki-ng-cooja.a(nbr-table.o)
 .data          0x000000000003e190        0x0 build/cooja/contiki-ng-cooja.a(mac-sequence.o)
 .data          0x000000000003e190        0x0 build/cooja/contiki-ng-cooja.a(framer-802154.o)
 .data          0x000000000003e190        0x0 build/cooja/contiki-ng-cooja.a(csma-output.o)
 .data.rel.local
                0x000000000003e190       0x60 build/cooja/contiki-ng-cooja.a(csma-output.o)
 .data          0x000000000003e1f0        0x0 build/cooja/contiki-ng-cooja.a(csma-security.o)
 .data          0x000000000003e1f0        0x0 build/cooja/contiki-ng-cooja.a(uip-icmp6.o)
 .data.rel.local
                0x000000000003e1f0       0x48 build/cooja/contiki-ng-cooja.a(uip-icmp6.o)
 .data          0x000000000003e238        0x0 build/cooja/contiki-ng-cooja.a(uip-nd6.o)
 *fill*         0x000000000003e238        0x8 
 .data.rel.local
                0x000000000003e240       0x18 build/cooja/contiki-ng-cooja.a(uip-nd6.o)
 .data          0x000000000003e258        0x0 build/cooja/contiki-ng-cooja.a(uip-sr.o)
 *fill*         0x000000000003e258        0x8 
 .data.rel.local
                0x000000000003e260       0x28 build/cooja/contiki-ng-cooja.a(uip-sr.o)
 .data          0x000000000003e288        0x0 build/cooja/contiki-ng-cooja.a(rpl-dag-root.o)
 .data          0x000000000003e288        0x0 build/cooja/contiki-ng-cooja.a(rpl-dag.o)
 .data          0x000000000003e288        0x0 build/cooja/contiki-ng-cooja.a(rpl-ext-header.o)
 .data          0x000000000003e288        0x0 build/cooja/contiki-ng-cooja.a(rpl-icmp6.o)
 *fill*         0x000000000003e288        0x8 
 .data.rel.local
                0x000000000003e290       0x78 build/cooja/contiki-ng-cooja.a(rpl-icmp6.o)
 .data          0x000000000003e308        0x0 build/cooja/contiki-ng-cooja.a(rpl-mrhof.o)
 *fill*         0x000000000003e308       0x18 
 .data.rel.local
                0x000000000003e320       0x48 build/cooja/contiki-ng-cooja.a(rpl-mrhof.o)
                0x000000000003e320                rpl_mrhof
 .data          0x000000000003e368        0x0 build/cooja/contiki-ng-cooja.a(rpl-nbr-policy.o)
 .data          0x000000000003e368        0x0 build/cooja/contiki-ng-cooja.a(rpl-neighbor.o)
 *fill*         0x000000000003e368        0x8 
 .data.rel.local
                0x000000000003e370       0x20 build/cooja/contiki-ng-cooja.a(rpl-neighbor.o)
                0x000000000003e388                rpl_neighbors
 .data          0x000000000003e390        0x0 build/cooja/contiki-ng-cooja.a(rpl-timers.o)
 .data          0x000000000003e390        0x0 build/cooja/contiki-ng-cooja.a(assert.o)
 .data          0x000000000003e390        0x0 build/cooja/contiki-ng-cooja.a(mac.o)
 .data          0x000000000003e390        0x2 build/cooja/contiki-ng-cooja.a(frame802154.o)
 .data          0x000000000003e392        0x0 /usr/lib/gcc/x86_64-linux-gnu/11/crtendS.o
 .data          0x000000000003e392        0x0 /usr/lib/gcc/x86_64-linux-gnu/11/../../../x86_64-linux-gnu/crtn.o

.tm_clone_table
                0x000000000003e398        0x0
 .tm_clone_table
                0x000000000003e398        0x0 /usr/lib/gcc/x86_64-linux-gnu/11/crtbeginS.o
 .tm_clone_table
                0x000000000003e398        0x0 /usr/lib/gcc/x86_64-linux-gnu/11/crtendS.o

.data1
 *(.data1)
                [!provide]                        PROVIDE (_edata = .)
                [!provide]                        PROVIDE (edata = .)
                0x000000000003e398                . = .
                [!provide]                        PROVIDE (__bss_start = .)

.bss            0x000000000003e3a0    0x17f60
 *(.dynbss)
 .dynbss        0x000000000003e3a0        0x0 /usr/lib/gcc/x86_64-linux-gnu/11/../../../x86_64-linux-gnu/crti.o
 *(.bss .bss.* .gnu.linkonce.b.*)
 .bss           0x000000000003e3a0        0x0 /usr/lib/gcc/x86_64-linux-gnu/11/../../../x86_64-linux-gnu/crti.o
 .bss           0x000000000003e3a0        0x1 /usr/lib/gcc/x86_64-linux-gnu/11/crtbeginS.o
 *fill*         0x000000000003e3a1       0x1f 
 .bss           0x000000000003e3c0      0x8a1 personal-mqtt.o
 *fill*         0x000000000003ec61       0x1f 
 .bss           0x000000000003ec80     0x4060 build/cooja/mtype508493532.o
                0x000000000003ec80                sensors_flags
                0x000000000003ec88                referenceVar
 .bss           0x0000000000042ce0       0x18 build/cooja/contiki-ng-cooja.a(simEnvChange.o)
                0x0000000000042ce0                simDontFallAsleep
                0x0000000000042ce4                simProcessRunValue
                0x0000000000042ce8                simEtimerPending
                0x0000000000042cf0                simEtimerNextExpirationTime
 .bss           0x0000000000042cf8        0x8 build/cooja/contiki-ng-cooja.a(cooja_mt.o)
 .bss           0x0000000000042d00        0x8 build/cooja/contiki-ng-cooja.a(cooja_mtarch.o)
 .bss           0x0000000000042d08       0x18 build/cooja/contiki-ng-cooja.a(rtimer-arch.o)
                0x0000000000042d08                simRtimerPending
                0x0000000000042d10                simRtimerNextExpirationTime
                0x0000000000042d18                simRtimerCurrentTicks
 .bss           0x0000000000042d20        0x1 build/cooja/contiki-ng-cooja.a(beep.o)
                0x0000000000042d20                simBeeped
 .bss           0x0000000000042d21        0x1 build/cooja/contiki-ng-cooja.a(leds-arch.o)
                0x0000000000042d21                simLedsValue
 *fill*         0x0000000000042d22        0x2 
 .bss           0x0000000000042d24        0xc build/cooja/contiki-ng-cooja.a(moteid.o)
                0x0000000000042d24                simMoteID
                0x0000000000042d28                simMoteIDChanged
                0x0000000000042d2c                simRandomSeed
 .bss           0x0000000000042d30        0x3 build/cooja/contiki-ng-cooja.a(pir-sensor.o)
                0x0000000000042d30                simPirChanged
                0x0000000000042d31                simPirIsActive
                0x0000000000042d32                simPirValue
 *fill*         0x0000000000042d33        0xd 
 .bss           0x0000000000042d40      0x810 build/cooja/contiki-ng-cooja.a(rs232.o)
                0x0000000000042d40                simSerialReceivingData
                0x0000000000043540                simSerialReceivingLength
                0x0000000000043544                simSerialReceivingFlag
 .bss           0x0000000000043550        0x3 build/cooja/contiki-ng-cooja.a(vib-sensor.o)
                0x0000000000043550                simVibChanged
                0x0000000000043551                simVibIsActive
                0x0000000000043552                simVibValue
 *fill*         0x0000000000043553        0x5 
 .bss           0x0000000000043558        0x8 build/cooja/contiki-ng-cooja.a(clock.o)
                0x0000000000043558                simCurrentTime
 .bss           0x0000000000043560     0x200d build/cooja/contiki-ng-cooja.a(cooja-log.o)
                0x0000000000043560                simLoggedData
                0x0000000000045560                simLoggedLength
                0x0000000000045564                simLoggedFlag
 *fill*         0x000000000004556d       0x13 
 .bss           0x0000000000045580      0xfc0 build/cooja/contiki-ng-cooja.a(cfs-cooja.o)
                0x0000000000045580                simCFSData
                0x0000000000046520                simCFSSize
                0x0000000000046524                simCFSChanged
                0x0000000000046528                simCFSRead
                0x000000000004652c                simCFSWritten
 .bss           0x0000000000046540      0x15c build/cooja/contiki-ng-cooja.a(cooja-radio.o)
                0x0000000000046540                simReceiving
                0x0000000000046560                simInDataBuffer
                0x00000000000465e0                simInSize
                0x00000000000465e8                simLastPacketTimestamp
                0x0000000000046600                simOutDataBuffer
                0x0000000000046680                simOutSize
 *fill*         0x000000000004669c        0x4 
 .bss           0x00000000000466a0      0x40c build/cooja/contiki-ng-cooja.a(eeprom.o)
                0x00000000000466a0                simEEPROMData
                0x0000000000046aa0                simEEPROMChanged
                0x0000000000046aa4                simEEPROMRead
                0x0000000000046aa8                simEEPROMWritten
 .bss           0x0000000000046aac        0x0 build/cooja/contiki-ng-cooja.a(random.o)
 .bss           0x0000000000046aac        0xc build/cooja/contiki-ng-cooja.a(sensors.o)
                0x0000000000046aac                sensors_event
 .bss           0x0000000000046ab8        0x0 build/cooja/contiki-ng-cooja.a(leds.o)
 *fill*         0x0000000000046ab8        0x8 
 .bss           0x0000000000046ac0       0x40 build/cooja/contiki-ng-cooja.a(gpio-hal-arch.o)
 .bss           0x0000000000046b00        0x2 build/cooja/contiki-ng-cooja.a(buttons.o)
                0x0000000000046b00                simButtonChanged
                0x0000000000046b01                simButtonIsDown
 *fill*         0x0000000000046b02        0x6 
 .bss           0x0000000000046b08       0x21 build/cooja/contiki-ng-cooja.a(mqtt.o)
                0x0000000000046b08                mqtt_update_event
 .bss           0x0000000000046b29        0x0 build/cooja/contiki-ng-cooja.a(contiki-main.o)
 .bss           0x0000000000046b29        0x0 build/cooja/contiki-ng-cooja.a(autostart.o)
 *fill*         0x0000000000046b29        0x7 
 .bss           0x0000000000046b30        0x9 build/cooja/contiki-ng-cooja.a(ctimer.o)